Component: ARM Compiler 5.05 update 1 (build 106) Tool: armlink [4d0efa]

==============================================================================

Section Cross References

    main.o(i.AppTaskADCGET) refers to os_time.o(i.OSTimeDlyHMSM) for OSTimeDlyHMSM
    main.o(i.AppTaskADCGET) refers to temperatue.o(i.TemperetureCheckAndActions) for TemperetureCheckAndActions
    main.o(i.AppTaskADCGET) refers to stm32f4xx_gpio.o(i.GPIO_WriteBit) for GPIO_WriteBit
    main.o(i.AppTaskADCGET) refers to adc.o(i.WeGetAdcOneByOne) for WeGetAdcOneByOne
    main.o(i.AppTaskADCGET) refers to adc.o(.data) for g_OcOverLimit
    main.o(i.AppTaskLED1) refers to rt_memclr_w.o(.text) for __aeabi_memclr4
    main.o(i.AppTaskLED1) refers to stm32f4xx_gpio.o(i.GPIO_WriteBit) for GPIO_WriteBit
    main.o(i.AppTaskLED1) refers to os_time.o(i.OSTimeDlyHMSM) for OSTimeDlyHMSM
    main.o(i.AppTaskLED1) refers to mulcast.o(i.Multicast_Config) for Multicast_Config
    main.o(i.AppTaskLED1) refers to mulcast.o(i.McuInfoInit) for McuInfoInit
    main.o(i.AppTaskLED1) refers to mulcast.o(i.multicast_send_data) for multicast_send_data
    main.o(i.AppTaskLED1) refers to main.o(.data) for g_udpinited
    main.o(i.AppTaskNET) refers to stmflash.o(i.STMFLASH_Read) for STMFLASH_Read
    main.o(i.AppTaskNET) refers to eth_driver.o(i.init_ethernet) for init_ethernet
    main.o(i.AppTaskNET) refers to netconf.o(i.LwIP_Init) for LwIP_Init
    main.o(i.AppTaskNET) refers to udpecho.o(i.udpecho_init) for udpecho_init
    main.o(i.AppTaskNET) refers to user_stm32f4x7_eth.o(i.ETH_CheckFrameReceived) for ETH_CheckFrameReceived
    main.o(i.AppTaskNET) refers to netconf.o(i.LwIP_Pkt_Handle) for LwIP_Pkt_Handle
    main.o(i.AppTaskNET) refers to main.o(.data) for g_IpAllModified
    main.o(i.AppTaskNET) refers to netconf.o(.data) for IP_ADDR0_m
    main.o(i.AppTaskNET) refers to udpecho.o(.data) for LOCAL_UDPPORT_m
    main.o(i.AppTaskStart) refers to cpu_core.o(i.CPU_Init) for CPU_Init
    main.o(i.AppTaskStart) refers to lib_mem.o(i.Mem_Init) for Mem_Init
    main.o(i.AppTaskStart) refers to main.o(i.RelayPin_Init) for RelayPin_Init
    main.o(i.AppTaskStart) refers to adc.o(i.ADC1_Init) for ADC1_Init
    main.o(i.AppTaskStart) refers to adc.o(i.ADC3_Init) for ADC3_Init
    main.o(i.AppTaskStart) refers to os_cpu_bsp.o(i.BSP_Tick_Init) for BSP_Tick_Init
    main.o(i.AppTaskStart) refers to os_stat.o(i.OSStatTaskCPUUsageInit) for OSStatTaskCPUUsageInit
    main.o(i.AppTaskStart) refers to cpu_core.o(i.CPU_IntDisMeasMaxCurReset) for CPU_IntDisMeasMaxCurReset
    main.o(i.AppTaskStart) refers to os_task.o(i.OSTaskCreate) for OSTaskCreate
    main.o(i.AppTaskStart) refers to os_task.o(i.OSTaskDel) for OSTaskDel
    main.o(i.AppTaskStart) refers to main.o(.bss) for AppTaskLED1Stk
    main.o(i.AppTaskStart) refers to main.o(i.AppTaskLED1) for AppTaskLED1
    main.o(i.AppTaskStart) refers to main.o(i.AppTaskNET) for AppTaskNET
    main.o(i.AppTaskStart) refers to main.o(i.AppTaskADCGET) for AppTaskADCGET
    main.o(i.RelayPin_Init) refers to stm32f4xx_rcc.o(i.RCC_AHB1PeriphClockCmd) for RCC_AHB1PeriphClockCmd
    main.o(i.RelayPin_Init) refers to stm32f4xx_gpio.o(i.GPIO_Init) for GPIO_Init
    main.o(i.RelayPin_Init) refers to stm32f4xx_gpio.o(i.GPIO_WriteBit) for GPIO_WriteBit
    main.o(i.main) refers to os_core.o(i.OSInit) for OSInit
    main.o(i.main) refers to os_task.o(i.OSTaskCreate) for OSTaskCreate
    main.o(i.main) refers to os_core.o(i.OSStart) for OSStart
    main.o(i.main) refers to main.o(.bss) for AppTaskStartStk
    main.o(i.main) refers to main.o(i.AppTaskStart) for AppTaskStart
    led.o(i.LedInit) refers to stm32f4xx_rcc.o(i.RCC_AHB1PeriphClockCmd) for RCC_AHB1PeriphClockCmd
    led.o(i.LedInit) refers to stm32f4xx_gpio.o(i.GPIO_Init) for GPIO_Init
    led.o(i.LedOff) refers to stm32f4xx_gpio.o(i.GPIO_ResetBits) for GPIO_ResetBits
    led.o(i.LedOn) refers to stm32f4xx_gpio.o(i.GPIO_SetBits) for GPIO_SetBits
    led.o(i.LedPortDeInit) refers to stm32f4xx_gpio.o(i.GPIO_DeInit) for GPIO_DeInit
    led.o(i.LedToggle) refers to stm32f4xx_gpio.o(i.GPIO_ToggleBits) for GPIO_ToggleBits
    comm.o(i.GetSTM32MCUID) refers to comm.o(.data) for mcu_idAddr
    stmflash.o(i.STMFLASH_Read) refers to stmflash.o(i.STMFLASH_ReadWord) for STMFLASH_ReadWord
    stmflash.o(i.STMFLASH_Write) refers to stm32f4xx_flash.o(i.FLASH_Unlock) for FLASH_Unlock
    stmflash.o(i.STMFLASH_Write) refers to stm32f4xx_flash.o(i.FLASH_DataCacheCmd) for FLASH_DataCacheCmd
    stmflash.o(i.STMFLASH_Write) refers to stmflash.o(i.STMFLASH_ReadWord) for STMFLASH_ReadWord
    stmflash.o(i.STMFLASH_Write) refers to stmflash.o(i.STMFLASH_GetFlashSector) for STMFLASH_GetFlashSector
    stmflash.o(i.STMFLASH_Write) refers to stm32f4xx_flash.o(i.FLASH_EraseSector) for FLASH_EraseSector
    stmflash.o(i.STMFLASH_Write) refers to stm32f4xx_flash.o(i.FLASH_ProgramWord) for FLASH_ProgramWord
    stmflash.o(i.STMFLASH_Write) refers to stm32f4xx_flash.o(i.FLASH_Lock) for FLASH_Lock
[...]
    mem_init                                 0x080080a1   Thumb Code    90  mem.o(i.mem_init)
    mem_malloc                               0x08008111   Thumb Code   254  mem.o(i.mem_malloc)
    mem_trim                                 0x08008221   Thumb Code   278  mem.o(i.mem_trim)
    memp_free                                0x08008349   Thumb Code    50  memp.o(i.memp_free)
    memp_init                                0x08008381   Thumb Code    82  memp.o(i.memp_init)
    memp_malloc                              0x080083e5   Thumb Code    54  memp.o(i.memp_malloc)
    multicast_send_data                      0x08008421   Thumb Code    58  mulcast.o(i.multicast_send_data)
    netif_add                                0x08008465   Thumb Code   120  netif.o(i.netif_add)
    netif_init                               0x080084e5   Thumb Code     2  netif.o(i.netif_init)
    netif_set_addr                           0x080084e7   Thumb Code    40  netif.o(i.netif_set_addr)
    netif_set_default                        0x08008511   Thumb Code     6  netif.o(i.netif_set_default)
    netif_set_gw                             0x0800851d   Thumb Code    12  netif.o(i.netif_set_gw)
    netif_set_ipaddr                         0x08008529   Thumb Code   110  netif.o(i.netif_set_ipaddr)
    netif_set_netmask                        0x080085a1   Thumb Code    12  netif.o(i.netif_set_netmask)
    netif_set_up                             0x080085ad   Thumb Code    70  netif.o(i.netif_set_up)
    pbuf_alloc                               0x080085f3   Thumb Code   402  pbuf.o(i.pbuf_alloc)
    pbuf_alloced_custom                      0x08008785   Thumb Code   108  pbuf.o(i.pbuf_alloced_custom)
    pbuf_cat                                 0x080087f1   Thumb Code    56  pbuf.o(i.pbuf_cat)
    pbuf_chain                               0x08008829   Thumb Code    22  pbuf.o(i.pbuf_chain)
    pbuf_clen                                0x0800883f   Thumb Code    18  pbuf.o(i.pbuf_clen)
    pbuf_copy                                0x08008851   Thumb Code   192  pbuf.o(i.pbuf_copy)
    pbuf_copy_partial                        0x08008911   Thumb Code   146  pbuf.o(i.pbuf_copy_partial)
    pbuf_free                                0x080089a3   Thumb Code   146  pbuf.o(i.pbuf_free)
    pbuf_header                              0x08008a35   Thumb Code   126  pbuf.o(i.pbuf_header)
    pbuf_realloc                             0x08008ab3   Thumb Code   120  pbuf.o(i.pbuf_realloc)
    pbuf_ref                                 0x08008b2b   Thumb Code    26  pbuf.o(i.pbuf_ref)
    raw_input                                0x08008bcd   Thumb Code   102  raw.o(i.raw_input)
    relay_active                             0x08008ca5   Thumb Code  1530  relay.o(i.relay_active)
    relay_clear                              0x080092bd   Thumb Code   646  relay.o(i.relay_clear)
    sys_arch_mbox_fetch                      0x08009569   Thumb Code   124  sys_arch_ucos3.o(i.sys_arch_mbox_fetch)
    sys_arch_protect                         0x080095e9   Thumb Code    26  sys_arch_ucos3.o(i.sys_arch_protect)
    sys_arch_sem_wait                        0x08009609   Thumb Code    88  sys_arch_ucos3.o(i.sys_arch_sem_wait)
    sys_arch_unprotect                       0x08009661   Thumb Code    26  sys_arch_ucos3.o(i.sys_arch_unprotect)
    sys_init                                 0x08009681   Thumb Code    30  sys_arch_ucos3.o(i.sys_init)
    sys_mbox_new                             0x080096ad   Thumb Code    34  sys_arch_ucos3.o(i.sys_mbox_new)
    sys_mbox_trypost                         0x080096dd   Thumb Code    44  sys_arch_ucos3.o(i.sys_mbox_trypost)
    sys_mbox_valid                           0x0800970d   Thumb Code    30  sys_arch_ucos3.o(i.sys_mbox_valid)
    sys_sem_new                              0x08009731   Thumb Code    34  sys_arch_ucos3.o(i.sys_sem_new)
    sys_sem_signal                           0x08009761   Thumb Code    18  sys_arch_ucos3.o(i.sys_sem_signal)
    sys_thread_new                           0x08009775   Thumb Code   164  sys_arch_ucos3.o(i.sys_thread_new)
    sys_timeout                              0x08009825   Thumb Code   152  timers.o(i.sys_timeout)
    sys_timeouts_init                        0x080098c1   Thumb Code    38  timers.o(i.sys_timeouts_init)
    sys_timeouts_mbox_fetch                  0x080098f5   Thumb Code   132  timers.o(i.sys_timeouts_mbox_fetch)
    sys_untimeout                            0x0800997d   Thumb Code    90  timers.o(i.sys_untimeout)
    tcp_abandon                              0x080099dd   Thumb Code   136  tcp.o(i.tcp_abandon)
    tcp_abort                                0x08009a71   Thumb Code    14  tcp.o(i.tcp_abort)
    tcp_alloc                                0x08009a81   Thumb Code   172  tcp.o(i.tcp_alloc)
    tcp_close                                0x08009b3d   Thumb Code    28  tcp.o(i.tcp_close)
    tcp_eff_send_mss                         0x08009dcd   Thumb Code    46  tcp.o(i.tcp_eff_send_mss)
    tcp_enqueue_flags                        0x08009dfb   Thumb Code   272  tcp_out.o(i.tcp_enqueue_flags)
    tcp_fasttmr                              0x08009f0d   Thumb Code   110  tcp.o(i.tcp_fasttmr)
    tcp_init                                 0x08009f89   Thumb Code     2  tcp.o(i.tcp_init)
    tcp_input                                0x08009f8d   Thumb Code  1132  tcp_in.o(i.tcp_input)
    tcp_keepalive                            0x0800a409   Thumb Code    68  tcp_out.o(i.tcp_keepalive)
    tcp_next_iss                             0x0800a60d   Thumb Code    20  tcp.o(i.tcp_next_iss)
    tcp_output                               0x0800a629   Thumb Code   444  tcp_out.o(i.tcp_output)
    tcp_pcb_purge                            0x0800a9e9   Thumb Code    64  tcp.o(i.tcp_pcb_purge)
    tcp_pcb_remove                           0x0800aa29   Thumb Code   140  tcp.o(i.tcp_pcb_remove)
    tcp_process_refused_data                 0x0800b045   Thumb Code   140  tcp.o(i.tcp_process_refused_data)
    tcp_recv_null                            0x0800b70d   Thumb Code    46  tcp.o(i.tcp_recv_null)
    tcp_recved                               0x0800b73b   Thumb Code    70  tcp.o(i.tcp_recved)
    tcp_rexmit                               0x0800b781   Thumb Code    90  tcp_out.o(i.tcp_rexmit)
    tcp_rexmit_fast                          0x0800b7db   Thumb Code   112  tcp_out.o(i.tcp_rexmit_fast)
    tcp_rexmit_rto                           0x0800b84b   Thumb Code    58  tcp_out.o(i.tcp_rexmit_rto)
    tcp_rst                                  0x0800b885   Thumb Code   124  tcp_out.o(i.tcp_rst)
    tcp_seg_free                             0x0800b901   Thumb Code    26  tcp.o(i.tcp_seg_free)
    tcp_segs_free                            0x0800b91b   Thumb Code    24  tcp.o(i.tcp_segs_free)
    tcp_send_empty_ack                       0x0800b933   Thumb Code    78  tcp_out.o(i.tcp_send_empty_ack)
    tcp_send_fin                             0x0800b981   Thumb Code    74  tcp_out.o(i.tcp_send_fin)
    tcp_slowtmr                              0x0800b9cd   Thumb Code   786  tcp.o(i.tcp_slowtmr)
    tcp_timer_needed                         0x0800bd01   Thumb Code    38  timers.o(i.tcp_timer_needed)
    tcp_tmr                                  0x0800bde5   Thumb Code    30  tcp.o(i.tcp_tmr)
    tcp_update_rcv_ann_wnd                   0x0800be09   Thumb Code    78  tcp.o(i.tcp_update_rcv_ann_wnd)
    tcp_zero_window_probe                    0x0800be57   Thumb Code   164  tcp_out.o(i.tcp_zero_window_probe)
    tcpip_init                               0x0800befd   Thumb Code    50  tcpip.o(i.tcpip_init)
    tcpip_input                              0x0800bf51   Thumb Code    72  tcpip.o(i.tcpip_input)
    udp_bind                                 0x0800c09d   Thumb Code   122  udp.o(i.udp_bind)
    udp_echoserver_receive_callback          0x0800c11d   Thumb Code   922  udpecho.o(i.udp_echoserver_receive_callback)
    udp_init                                 0x0800c4c1   Thumb Code     2  udp.o(i.udp_init)
    udp_input                                0x0800c4c5   Thumb Code   386  udp.o(i.udp_input)
    udp_new                                  0x0800c655   Thumb Code    28  udp.o(i.udp_new)
    udp_recv                                 0x0800c6c9   Thumb Code     6  udp.o(i.udp_recv)
    udp_remove                               0x0800c6d1   Thumb Code    60  udp.o(i.udp_remove)
    udp_sendto                               0x0800c711   Thumb Code    64  udp.o(i.udp_sendto)
    udp_sendto_if                            0x0800c751   Thumb Code   234  udp.o(i.udp_sendto_if)
    udp_server_rev                           0x0800c83d   Thumb Code   398  mulcast.o(i.udp_server_rev)
    udpecho_init                             0x0800c9d5   Thumb Code    68  udpecho.o(i.udpecho_init)
    __aeabi_d2f                              0x0800ca29   Thumb Code     0  d2f.o(x$fpl$d2f)
    _d2f                                     0x0800ca29   Thumb Code    98  d2f.o(x$fpl$d2f)
    __aeabi_dadd                             0x0800ca8d   Thumb Code     0  daddsub_clz.o(x$fpl$dadd)
    _dadd                                    0x0800ca8d   Thumb Code   332  daddsub_clz.o(x$fpl$dadd)
    __aeabi_ddiv                             0x0800cbdd   Thumb Code     0  ddiv.o(x$fpl$ddiv)
    _ddiv                                    0x0800cbdd   Thumb Code   552  ddiv.o(x$fpl$ddiv)
    __aeabi_dmul                             0x0800ce8d   Thumb Code     0  dmul.o(x$fpl$dmul)
    _dmul                                    0x0800ce8d   Thumb Code   332  dmul.o(x$fpl$dmul)
    __fpl_dnaninf                            0x0800cfe1   Thumb Code   156  dnaninf.o(x$fpl$dnaninf)
    __fpl_dretinf                            0x0800d07d   Thumb Code    12  dretinf.o(x$fpl$dretinf)
    __aeabi_dsub                             0x0800d089   Thumb Code     0  daddsub_clz.o(x$fpl$dsub)
    _dsub                                    0x0800d089   Thumb Code   464  daddsub_clz.o(x$fpl$dsub)
    __aeabi_f2d                              0x0800d25d   Thumb Code     0  f2d.o(x$fpl$f2d)
    _f2d                                     0x0800d25d   Thumb Code    86  f2d.o(x$fpl$f2d)
    __fpl_fnaninf                            0x0800d2b3   Thumb Code   140  fnaninf.o(x$fpl$fnaninf)
    _fp_init                                 0x0800d33f   Thumb Code    10  fpinit.o(x$fpl$fpinit)
    __fplib_config_fpu_vfp                   0x0800d347   Thumb Code     0  fpinit.o(x$fpl$fpinit)
    __fplib_config_pureend_doubles           0x0800d347   Thumb Code     0  fpinit.o(x$fpl$fpinit)
    __fpl_fretinf                            0x0800d349   Thumb Code    10  fretinf.o(x$fpl$fretinf)
    __I$use$fp                               0x0800d352   Number         0  usenofp.o(x$fpl$usenofp)
    OSCfg_IdleTaskStkBasePtr                 0x0800d354   Data           4  os_cfg_app.o(.constdata)
    OSCfg_IdleTaskStkLimit                   0x0800d358   Data           4  os_cfg_app.o(.constdata)
    OSCfg_IdleTaskStkSize                    0x0800d35c   Data           4  os_cfg_app.o(.constdata)
    OSCfg_IdleTaskStkSizeRAM                 0x0800d360   Data           4  os_cfg_app.o(.constdata)
    OSCfg_IntQBasePtr                        0x0800d364   Data           4  os_cfg_app.o(.constdata)
    OSCfg_IntQSize                           0x0800d368   Data           2  os_cfg_app.o(.constdata)
    OSCfg_IntQSizeRAM                        0x0800d36c   Data           4  os_cfg_app.o(.constdata)
    OSCfg_IntQTaskStkBasePtr                 0x0800d370   Data           4  os_cfg_app.o(.constdata)
    OSCfg_IntQTaskStkLimit                   0x0800d374   Data           4  os_cfg_app.o(.constdata)
    OSCfg_IntQTaskStkSize                    0x0800d378   Data           4  os_cfg_app.o(.constdata)
    OSCfg_IntQTaskStkSizeRAM                 0x0800d37c   Data           4  os_cfg_app.o(.constdata)
    OSCfg_ISRStkBasePtr                      0x0800d380   Data           4  os_cfg_app.o(.constdata)
    OSCfg_ISRStkSize                         0x0800d384   Data           4  os_cfg_app.o(.constdata)
    OSCfg_ISRStkSizeRAM                      0x0800d388   Data           4  os_cfg_app.o(.constdata)
    OSCfg_MsgPoolSize                        0x0800d38c   Data           2  os_cfg_app.o(.constdata)
    OSCfg_MsgPoolSizeRAM                     0x0800d390   Data           4  os_cfg_app.o(.constdata)
    OSCfg_MsgPoolBasePtr                     0x0800d394   Data           4  os_cfg_app.o(.constdata)
    OSCfg_StatTaskPrio                       0x0800d398   Data           1  os_cfg_app.o(.constdata)
    OSCfg_StatTaskRate_Hz                    0x0800d39c   Data           4  os_cfg_app.o(.constdata)
    OSCfg_StatTaskStkBasePtr                 0x0800d3a0   Data           4  os_cfg_app.o(.constdata)
    OSCfg_StatTaskStkLimit                   0x0800d3a4   Data           4  os_cfg_app.o(.constdata)
    OSCfg_StatTaskStkSize                    0x0800d3a8   Data           4  os_cfg_app.o(.constdata)
    OSCfg_StatTaskStkSizeRAM                 0x0800d3ac   Data           4  os_cfg_app.o(.constdata)
    OSCfg_StkSizeMin                         0x0800d3b0   Data           4  os_cfg_app.o(.constdata)
    OSCfg_TickRate_Hz                        0x0800d3b4   Data           4  os_cfg_app.o(.constdata)
    OSCfg_TickTaskPrio                       0x0800d3b8   Data           1  os_cfg_app.o(.constdata)
    OSCfg_TickTaskStkBasePtr                 0x0800d3bc   Data           4  os_cfg_app.o(.constdata)
    OSCfg_TickTaskStkLimit                   0x0800d3c0   Data           4  os_cfg_app.o(.constdata)
    OSCfg_TickTaskStkSize                    0x0800d3c4   Data           4  os_cfg_app.o(.constdata)
    OSCfg_TickTaskStkSizeRAM                 0x0800d3c8   Data           4  os_cfg_app.o(.constdata)
    OSCfg_TmrTaskPrio                        0x0800d3cc   Data           1  os_cfg_app.o(.constdata)
    OSCfg_TmrTaskRate_Hz                     0x0800d3d0   Data           4  os_cfg_app.o(.constdata)
    OSCfg_TmrTaskStkBasePtr                  0x0800d3d4   Data           4  os_cfg_app.o(.constdata)
    OSCfg_TmrTaskStkLimit                    0x0800d3d8   Data           4  os_cfg_app.o(.constdata)
    OSCfg_TmrTaskStkSize                     0x0800d3dc   Data           4  os_cfg_app.o(.constdata)
    OSCfg_TmrTaskStkSizeRAM                  0x0800d3e0   Data           4  os_cfg_app.o(.constdata)
    OSCfg_DataSizeRAM                        0x0800d3e4   Data           4  os_cfg_app.o(.constdata)
    OSDbg_DbgEn                              0x0800d3e8   Data           1  os_dbg.o(.constdata)
    OSDbg_ArgChkEn                           0x0800d3e9   Data           1  os_dbg.o(.constdata)
    OSDbg_AppHooksEn                         0x0800d3ea   Data           1  os_dbg.o(.constdata)
    OSDbg_EndiannessTest                     0x0800d3ec   Data           4  os_dbg.o(.constdata)
    OSDbg_CalledFromISRChkEn                 0x0800d3f0   Data           1  os_dbg.o(.constdata)
    OSDbg_FlagEn                             0x0800d3f1   Data           1  os_dbg.o(.constdata)
    OSDbg_FlagGrp                            0x0800d3f4   Data          40  os_dbg.o(.constdata)
    OSDbg_FlagDelEn                          0x0800d41c   Data           1  os_dbg.o(.constdata)
    OSDbg_FlagModeClrEn                      0x0800d41d   Data           1  os_dbg.o(.constdata)
    OSDbg_FlagPendAbortEn                    0x0800d41e   Data           1  os_dbg.o(.constdata)
    OSDbg_FlagGrpSize                        0x0800d420   Data           2  os_dbg.o(.constdata)
    OSDbg_FlagWidth                          0x0800d422   Data           2  os_dbg.o(.constdata)
    OSDbg_IntQ                               0x0800d424   Data           2  os_dbg.o(.constdata)
    OSDbg_ISRPostDeferredEn                  0x0800d426   Data           1  os_dbg.o(.constdata)
    OSDbg_Mem                                0x0800d428   Data          32  os_dbg.o(.constdata)
    OSDbg_MemEn                              0x0800d448   Data           1  os_dbg.o(.constdata)
    OSDbg_MemSize                            0x0800d44a   Data           2  os_dbg.o(.constdata)
    OSDbg_MsgEn                              0x0800d44c   Data           1  os_dbg.o(.constdata)
    OSDbg_MsgSize                            0x0800d44e   Data           2  os_dbg.o(.constdata)
    OSDbg_MsgPoolSize                        0x0800d450   Data           2  os_dbg.o(.constdata)
    OSDbg_MsgQSize                           0x0800d452   Data           2  os_dbg.o(.constdata)
    OSDbg_Mutex                              0x0800d454   Data          48  os_dbg.o(.constdata)
    OSDbg_MutexEn                            0x0800d484   Data           1  os_dbg.o(.constdata)
    OSDbg_MutexDelEn                         0x0800d485   Data           1  os_dbg.o(.constdata)
    OSDbg_MutexPendAbortEn                   0x0800d486   Data           1  os_dbg.o(.constdata)
    OSDbg_MutexSize                          0x0800d488   Data           2  os_dbg.o(.constdata)
    OSDbg_ObjTypeChkEn                       0x0800d48a   Data           1  os_dbg.o(.constdata)
    OSDbg_PendMultiEn                        0x0800d48b   Data           1  os_dbg.o(.constdata)
    OSDbg_PendDataSize                       0x0800d48c   Data           2  os_dbg.o(.constdata)
    OSDbg_PendListSize                       0x0800d48e   Data           2  os_dbg.o(.constdata)
    OSDbg_PendObjSize                        0x0800d490   Data           2  os_dbg.o(.constdata)
    OSDbg_PrioMax                            0x0800d492   Data           2  os_dbg.o(.constdata)
    OSDbg_PrioTblSize                        0x0800d494   Data           2  os_dbg.o(.constdata)
    OSDbg_PtrSize                            0x0800d496   Data           2  os_dbg.o(.constdata)
    OSDbg_Q                                  0x0800d498   Data          48  os_dbg.o(.constdata)
    OSDbg_QEn                                0x0800d4c8   Data           1  os_dbg.o(.constdata)
    OSDbg_QDelEn                             0x0800d4c9   Data           1  os_dbg.o(.constdata)
    OSDbg_QFlushEn                           0x0800d4ca   Data           1  os_dbg.o(.constdata)
    OSDbg_QPendAbortEn                       0x0800d4cb   Data           1  os_dbg.o(.constdata)
    OSDbg_QSize                              0x0800d4cc   Data           2  os_dbg.o(.constdata)
    OSDbg_SchedRoundRobinEn                  0x0800d4ce   Data           1  os_dbg.o(.constdata)
    OSDbg_Sem                                0x0800d4d0   Data          40  os_dbg.o(.constdata)
    OSDbg_SemEn                              0x0800d4f8   Data           1  os_dbg.o(.constdata)
    OSDbg_SemDelEn                           0x0800d4f9   Data           1  os_dbg.o(.constdata)
    OSDbg_SemPendAbortEn                     0x0800d4fa   Data           1  os_dbg.o(.constdata)
    OSDbg_SemSetEn                           0x0800d4fb   Data           1  os_dbg.o(.constdata)
    OSDbg_SemSize                            0x0800d4fc   Data           2  os_dbg.o(.constdata)
    OSDbg_RdyList                            0x0800d4fe   Data           2  os_dbg.o(.constdata)
    OSDbg_RdyListSize                        0x0800d500   Data           4  os_dbg.o(.constdata)
    OSDbg_StkWidth                           0x0800d504   Data           1  os_dbg.o(.constdata)
    OSDbg_StatTaskEn                         0x0800d505   Data           1  os_dbg.o(.constdata)
    OSDbg_StatTaskStkChkEn                   0x0800d506   Data           1  os_dbg.o(.constdata)
    OSDbg_TaskChangePrioEn                   0x0800d507   Data           1  os_dbg.o(.constdata)
    OSDbg_TaskDelEn                          0x0800d508   Data           1  os_dbg.o(.constdata)
    OSDbg_TaskQEn                            0x0800d509   Data           1  os_dbg.o(.constdata)
    OSDbg_TaskQPendAbortEn                   0x0800d50a   Data           1  os_dbg.o(.constdata)
    OSDbg_TaskProfileEn                      0x0800d50b   Data           1  os_dbg.o(.constdata)
    OSDbg_TaskRegTblSize                     0x0800d50c   Data           2  os_dbg.o(.constdata)
    OSDbg_TaskSemPendAbortEn                 0x0800d50e   Data           1  os_dbg.o(.constdata)
    OSDbg_TaskSuspendEn                      0x0800d50f   Data           1  os_dbg.o(.constdata)
    OSDbg_TCBSize                            0x0800d510   Data           2  os_dbg.o(.constdata)
    OSDbg_TickListSize                       0x0800d512   Data           2  os_dbg.o(.constdata)
    OSDbg_TimeDlyHMSMEn                      0x0800d514   Data           1  os_dbg.o(.constdata)
    OSDbg_TimeDlyResumeEn                    0x0800d515   Data           1  os_dbg.o(.constdata)
    OSDbg_TLS_TblSize                        0x0800d516   Data           2  os_dbg.o(.constdata)
    OSDbg_Tmr                                0x0800d518   Data          48  os_dbg.o(.constdata)
    OSDbg_TmrEn                              0x0800d548   Data           1  os_dbg.o(.constdata)
    OSDbg_TmrDelEn                           0x0800d549   Data           1  os_dbg.o(.constdata)
    OSDbg_TmrSize                            0x0800d54a   Data           2  os_dbg.o(.constdata)
    OSDbg_VersionNbr                         0x0800d54c   Data           2  os_dbg.o(.constdata)
    OSDbg_DataSize                           0x0800d550   Data           4  os_dbg.o(.constdata)
    tcp_state_str                            0x0800d590   Data          44  tcp.o(.constdata)
    tcp_backoff                              0x0800d5bc   Data          13  tcp.o(.constdata)
    tcp_persist_backoff                      0x0800d5c9   Data           7  tcp.o(.constdata)
    tcp_pcb_lists                            0x0800d5d0   Data          16  tcp.o(.constdata)
    ip_addr_any                              0x0800d5e0   Data           4  ip_addr.o(.constdata)
    ip_addr_broadcast                        0x0800d5e4   Data           4  ip_addr.o(.constdata)
    ethbroadcast                             0x0800d5e8   Data           6  etharp.o(.constdata)
    ethzero                                  0x0800d5ee   Data           6  etharp.o(.constdata)
    pvNullPointer                            0x0800d5f4   Data           4  sys_arch_ucos3.o(.constdata)
    Region$$Table$$Base                      0x0800d670   Number         0  anon$$obj.o(Region$$Table)
    Region$$Table$$Limit                     0x0800d690   Number         0  anon$$obj.o(Region$$Table)
    g_udpinited                              0x20000000   Data           1  main.o(.data)
    g_IpAllModified                          0x20000001   Data           1  main.o(.data)
    mcu_idAddr                               0x20000004   Data          40  comm.o(.data)
    g_macid                                  0x2000002c   Data           6  comm.o(.data)
    udp_server_multi_pcb                     0x20000034   Data           4  mulcast.o(.data)
    ipgroup_rev                              0x20000038   Data           4  mulcast.o(.data)
    ipgroup_send                             0x2000003c   Data           4  mulcast.o(.data)
    lwip_demo_buf_len                        0x20000040   Data           2  mulcast.o(.data)
    TempretureCheckFlag                      0x20000044   Data           1  temperatue.o(.data)
    TempAtPa0                                0x20000048   Data           4  temperatue.o(.data)
    TempAtPf8                                0x2000004c   Data           4  temperatue.o(.data)
    TempAtPf9                                0x20000050   Data           4  temperatue.o(.data)
    TempAtPf10                               0x20000054   Data           4  temperatue.o(.data)
    Rt                                       0x20000058   Data           4  temperatue.o(.data)
    nuiTempTab                               0x2000005c   Data         964  temperatue.o(.data)
    trueTempTab                              0x20000420   Data         964  temperatue.o(.data)
    AD_V1G                                   0x200007e4   Data           4  adc.o(.data)
    AD_V12                                   0x200007e8   Data           4  adc.o(.data)
    AD_V34                                   0x200007ec   Data           4  adc.o(.data)
    AD_V56                                   0x200007f0   Data           4  adc.o(.data)
    AD_HALL                                  0x200007f4   Data           4  adc.o(.data)
    g_OcOverLimit                            0x200007f8   Data           1  adc.o(.data)
    CPU_TS_TmrFreq_Hz                        0x2000080c   Data           4  cpu_core.o(.data)
    CPU_IntDisMeasCtr                        0x20000810   Data           2  cpu_core.o(.data)
    CPU_IntDisNestCtr                        0x20000812   Data           2  cpu_core.o(.data)
    CPU_IntDisMeasStart_cnts                 0x20000814   Data           4  cpu_core.o(.data)
    CPU_IntDisMeasStop_cnts                  0x20000818   Data           4  cpu_core.o(.data)
    CPU_IntDisMeasOvrhd_cnts                 0x2000081c   Data           4  cpu_core.o(.data)
    CPU_IntDisMeasMaxCur_cnts                0x20000820   Data           4  cpu_core.o(.data)
    CPU_IntDisMeasMax_cnts                   0x20000824   Data           4  cpu_core.o(.data)
    Mem_SegHeadPtr                           0x20000828   Data           4  lib_mem.o(.data)
    OSPrioTbl                                0x2000082c   Data           4  os_prio.o(.data)
    OS_AppTaskCreateHookPtr                  0x20000830   Data           4  os_var.o(.data)
    OS_AppTaskDelHookPtr                     0x20000834   Data           4  os_var.o(.data)
    OS_AppTaskReturnHookPtr                  0x20000838   Data           4  os_var.o(.data)
    OS_AppIdleTaskHookPtr                    0x2000083c   Data           4  os_var.o(.data)
    OS_AppStatTaskHookPtr                    0x20000840   Data           4  os_var.o(.data)
    OS_AppTaskSwHookPtr                      0x20000844   Data           4  os_var.o(.data)
    OS_AppTimeTickHookPtr                    0x20000848   Data           4  os_var.o(.data)
    OSIdleTaskCtr                            0x2000084c   Data           4  os_var.o(.data)
    OSIntNestingCtr                          0x20000850   Data           1  os_var.o(.data)
    OSIntDisTimeMax                          0x20000854   Data           4  os_var.o(.data)
    OSRunning                                0x20000858   Data           1  os_var.o(.data)
    OSFlagDbgListPtr                         0x2000085c   Data           4  os_var.o(.data)
    OSFlagQty                                0x20000860   Data           2  os_var.o(.data)
    OSMemDbgListPtr                          0x20000864   Data           4  os_var.o(.data)
    OSMemQty                                 0x20000868   Data           2  os_var.o(.data)
    OSMutexDbgListPtr                        0x2000086c   Data           4  os_var.o(.data)
    OSMutexQty                               0x20000870   Data           2  os_var.o(.data)
    OSPrioCur                                0x20000872   Data           1  os_var.o(.data)
    OSPrioHighRdy                            0x20000873   Data           1  os_var.o(.data)
    OSPrioSaved                              0x20000874   Data           1  os_var.o(.data)
    OSQDbgListPtr                            0x20000878   Data           4  os_var.o(.data)
    OSQQty                                   0x2000087c   Data           2  os_var.o(.data)
    OSSchedLockNestingCtr                    0x2000087e   Data           1  os_var.o(.data)
    OSSemDbgListPtr                          0x20000880   Data           4  os_var.o(.data)
    OSSemQty                                 0x20000884   Data           2  os_var.o(.data)
    OSStatResetFlag                          0x20000886   Data           1  os_var.o(.data)
    OSStatTaskCPUUsage                       0x20000888   Data           2  os_var.o(.data)
    OSStatTaskCPUUsageMax                    0x2000088a   Data           2  os_var.o(.data)
    OSStatTaskCtr                            0x2000088c   Data           4  os_var.o(.data)
    OSStatTaskCtrMax                         0x20000890   Data           4  os_var.o(.data)
    OSStatTaskCtrRun                         0x20000894   Data           4  os_var.o(.data)
    OSStatTaskRdy                            0x20000898   Data           1  os_var.o(.data)
    OSStatTaskTimeMax                        0x2000089c   Data           4  os_var.o(.data)
    OSTaskCtxSwCtr                           0x200008a0   Data           4  os_var.o(.data)
    OSTaskDbgListPtr                         0x200008a4   Data           4  os_var.o(.data)
    OSTaskQty                                0x200008a8   Data           2  os_var.o(.data)
    OSTaskRegNextAvailID                     0x200008aa   Data           1  os_var.o(.data)
    OSTickCtr                                0x200008ac   Data           4  os_var.o(.data)
    OSTickTaskTimeMax                        0x200008b0   Data           4  os_var.o(.data)
    OSTickListDly                            0x200008b4   Data           8  os_var.o(.data)
    OSTickListTimeout                        0x200008bc   Data           8  os_var.o(.data)
    OSTmrDbgListPtr                          0x200008c4   Data           4  os_var.o(.data)
    OSTmrListEntries                         0x200008c8   Data           2  os_var.o(.data)
    OSTmrListPtr                             0x200008cc   Data           4  os_var.o(.data)
    OSTmrQty                                 0x200008d0   Data           2  os_var.o(.data)
    OSTmrTaskTimeMax                         0x200008d4   Data           4  os_var.o(.data)
    OSTmrTickCtr                             0x200008d8   Data           4  os_var.o(.data)
    OSTmrUpdateCnt                           0x200008dc   Data           4  os_var.o(.data)
    OSTmrUpdateCtr                           0x200008e0   Data           4  os_var.o(.data)
    OSTCBCurPtr                              0x200008e4   Data           4  os_var.o(.data)
    OSTCBHighRdyPtr                          0x200008e8   Data           4  os_var.o(.data)
    OS_CPU_ExceptStkBase                     0x200008ec   Data           4  os_cpu_c.o(.data)
    udp_pcbs                                 0x200008fc   Data           4  udp.o(.data)
    netif_list                               0x2000090c   Data           4  netif.o(.data)
    netif_default                            0x20000910   Data           4  netif.o(.data)
    tcp_ticks                                0x20000920   Data           4  tcp.o(.data)
    tcp_bound_pcbs                           0x20000924   Data           4  tcp.o(.data)
    tcp_listen_pcbs                          0x20000928   Data           4  tcp.o(.data)
    tcp_active_pcbs                          0x2000092c   Data           4  tcp.o(.data)
    tcp_tw_pcbs                              0x20000930   Data           4  tcp.o(.data)
    tcp_tmp_pcb                              0x20000934   Data           4  tcp.o(.data)
    tcp_active_pcbs_changed                  0x20000938   Data           1  tcp.o(.data)
    tcp_input_pcb                            0x2000095c   Data           4  tcp_in.o(.data)
    current_netif                            0x20000974   Data           4  ip.o(.data)
    current_header                           0x20000978   Data           4  ip.o(.data)
    current_iphdr_src                        0x2000097c   Data           4  ip.o(.data)
    current_iphdr_dest                       0x20000980   Data           4  ip.o(.data)
    LwIP_Task_Count                          0x20000990   Data           1  sys_arch_ucos3.o(.data)
    IP_ADDR0_m                               0x20000998   Data           1  netconf.o(.data)
    IP_ADDR1_m                               0x20000999   Data           1  netconf.o(.data)
    IP_ADDR2_m                               0x2000099a   Data           1  netconf.o(.data)
    IP_ADDR3_m                               0x2000099b   Data           1  netconf.o(.data)
    NETMASK_ADDR0_m                          0x2000099c   Data           1  netconf.o(.data)
    NETMASK_ADDR1_m                          0x2000099d   Data           1  netconf.o(.data)
    NETMASK_ADDR2_m                          0x2000099e   Data           1  netconf.o(.data)
    NETMASK_ADDR3_m                          0x2000099f   Data           1  netconf.o(.data)
    GW_ADDR0_m                               0x200009a0   Data           1  netconf.o(.data)
    GW_ADDR1_m                               0x200009a1   Data           1  netconf.o(.data)
    GW_ADDR2_m                               0x200009a2   Data           1  netconf.o(.data)
    GW_ADDR3_m                               0x200009a3   Data           1  netconf.o(.data)
    TCPTimer                                 0x200009a4   Data           4  netconf.o(.data)
    ARPTimer                                 0x200009a8   Data           4  netconf.o(.data)
    IPaddress                                0x200009ac   Data           4  netconf.o(.data)
    DMATxDescToSet                           0x200009b0   Data           4  user_stm32f4x7_eth.o(.data)
    DMARxDescToGet                           0x200009b4   Data           4  user_stm32f4x7_eth.o(.data)
    DMA_RX_FRAME_infos                       0x200009b8   Data           4  user_stm32f4x7_eth.o(.data)
    Frame_Rx_index                           0x200009bc   Data           4  user_stm32f4x7_eth.o(.data)
    LOCAL_UDPPORT_m                          0x200009c0   Data           2  udpecho.o(.data)
    g_MCUinfo                                0x200064d4   Data         104  mulcast.o(.bss)
    ToHostQuery                              0x2000653c   Data          20  adc.o(.bss)
    CPU_Name                                 0x20006550   Data          16  cpu_core.o(.bss)
    Mem_Heap                                 0x20006560   Data        1024  lib_mem.o(.bss)
    Mem_SegHeap                              0x20006960   Data          20  lib_mem.o(.bss)
    OSCfg_IdleTaskStk                        0x20006974   Data         512  os_cfg_app.o(.bss)
    OSCfg_ISRStk                             0x20006b74   Data         400  os_cfg_app.o(.bss)
    OSCfg_MsgPool                            0x20006d04   Data        1600  os_cfg_app.o(.bss)
    OSCfg_StatTaskStk                        0x20007344   Data         400  os_cfg_app.o(.bss)
    OSCfg_TickTaskStk                        0x200074d4   Data         512  os_cfg_app.o(.bss)
    OSCfg_TmrTaskStk                         0x200076d4   Data         512  os_cfg_app.o(.bss)
    OSIdleTaskTCB                            0x200078d4   Data         192  os_var.o(.bss)
    OSMsgPool                                0x20007994   Data          12  os_var.o(.bss)
    OSRdyList                                0x200079a0   Data         384  os_var.o(.bss)
    OSStatTaskTCB                            0x20007b20   Data         192  os_var.o(.bss)
    OSTickTaskTCB                            0x20007be0   Data         192  os_var.o(.bss)
    OSTmrMutex                               0x20007ca0   Data          48  os_var.o(.bss)
    OSTmrTaskTCB                             0x20007cd0   Data         192  os_var.o(.bss)
    ram_heap                                 0x20007dc0   Data       10260  mem.o(.bss)
    LwIP_Task_Stk                            0x2000e5d4   Data       16384  sys_arch_ucos3.o(.bss)
    LwIP_Task_TCB                            0x200125d4   Data         768  sys_arch_ucos3.o(.bss)
    gnetif                                   0x200128d4   Data          56  netconf.o(.bss)
    DMARxDscrTab                             0x2001290c   Data         480  user_stm32f4x7_eth.o(.bss)
    DMATxDscrTab                             0x20012aec   Data         480  user_stm32f4x7_eth.o(.bss)
    Rx_Buff                                  0x20012ccc   Data       22860  user_stm32f4x7_eth.o(.bss)
    Tx_Buff                                  0x20018618   Data       22860  user_stm32f4x7_eth.o(.bss)
    RX_Frame_Descriptor                      0x2001df64   Data          12  user_stm32f4x7_eth.o(.bss)
    relay1_84                                0x2001df70   Data          11  udpecho.o(.bss)
    __libspace_start                         0x2001df7c   Data          96  libspace.o(.bss)
    __temporary_stack_top$libspace           0x2001dfdc   Data           0  libspace.o(.bss)



==============================================================================

Memory Map of the image

  Image Entry point : 0x08000189

  Load Region LR_IROM1 (Base: 0x08000000, Size: 0x0000e064, Max: 0x00100000, ABSOLUTE, COMPRESSED[0x0000dc58])

    Execution Region ER_IROM1 (Base: 0x08000000, Size: 0x0000d690, Max: 0x00100000, ABSOLUTE)

    Base Addr    Size         Type   Attr      Idx    E Section Name        Object

    0x08000000   0x00000188   Data   RO          751    RESET               startup_stm32f40xx.o
    0x08000188   0x00000008   Code   RO         7388  * !!!main             c_w.l(__main.o)
    0x08000190   0x00000034   Code   RO         7583    !!!scatter          c_w.l(__scatter.o)
    0x080001c4   0x0000005a   Code   RO         7581    !!dczerorl2         c_w.l(__dczerorl2.o)
    0x0800021e   0x00000002   PAD
    0x08000220   0x0000001c   Code   RO         7585    !!handler_zi        c_w.l(__scatter_zi.o)
    0x0800023c   0x00000002   Code   RO         7452    .ARM.Collect$$libinit$$00000000  c_w.l(libinit.o)
    0x0800023e   0x00000004   Code   RO         7464    .ARM.Collect$$libinit$$00000001  c_w.l(libinit2.o)
    0x08000242   0x00000000   Code   RO         7467    .ARM.Collect$$libinit$$00000004  c_w.l(libinit2.o)
    0x08000242   0x00000000   Code   RO         7470    .ARM.Collect$$libinit$$0000000A  c_w.l(libinit2.o)
    0x08000242   0x00000000   Code   RO         7472    .ARM.Collect$$libinit$$0000000C  c_w.l(libinit2.o)
    0x08000242   0x00000000   Code   RO         7474    .ARM.Collect$$libinit$$0000000E  c_w.l(libinit2.o)
    0x08000242   0x00000000   Code   RO         7477    .ARM.Collect$$libinit$$00000011  c_w.l(libinit2.o)
    0x08000242   0x00000000   Code   RO         7479    .ARM.Collect$$libinit$$00000013  c_w.l(libinit2.o)
    0x08000242   0x00000000   Code   RO         7481    .ARM.Collect$$libinit$$00000015  c_w.l(libinit2.o)
    0x08000242   0x00000000   Code   RO         7483    .ARM.Collect$$libinit$$00000017  c_w.l(libinit2.o)
    0x08000242   0x00000000   Code   RO         7485    .ARM.Collect$$libinit$$00000019  c_w.l(libinit2.o)
    0x08000242   0x00000000   Code   RO         7487    .ARM.Collect$$libinit$$0000001B  c_w.l(libinit2.o)
    0x08000242   0x00000000   Code   RO         7489    .ARM.Collect$$libinit$$0000001D  c_w.l(libinit2.o)
    0x08000242   0x00000000   Code   RO         7491    .ARM.Collect$$libinit$$0000001F  c_w.l(libinit2.o)
    0x08000242   0x00000000   Code   RO         7493    .ARM.Collect$$libinit$$00000021  c_w.l(libinit2.o)
    0x08000242   0x00000000   Code   RO         7495    .ARM.Collect$$libinit$$00000023  c_w.l(libinit2.o)
    0x08000242   0x00000000   Code   RO         7497    .ARM.Collect$$libinit$$00000025  c_w.l(libinit2.o)
    0x08000242   0x00000000   Code   RO         7501    .ARM.Collect$$libinit$$0000002C  c_w.l(libinit2.o)
    0x08000242   0x00000000   Code   RO         7503    .ARM.Collect$$libinit$$0000002E  c_w.l(libinit2.o)
    0x08000242   0x00000000   Code   RO         7505    .ARM.Collect$$libinit$$00000030  c_w.l(libinit2.o)
    0x08000242   0x00000000   Code   RO         7507    .ARM.Collect$$libinit$$00000032  c_w.l(libinit2.o)
    0x08000242   0x00000002   Code   RO         7508    .ARM.Collect$$libinit$$00000033  c_w.l(libinit2.o)
    0x08000244   0x00000002   Code   RO         7539    .ARM.Collect$$libshutdown$$00000000  c_w.l(libshutdown.o)
    0x08000246   0x00000000   Code   RO         7566    .ARM.Collect$$libshutdown$$00000003  c_w.l(libshutdown2.o)
    0x08000246   0x00000000   Code   RO         7569    .ARM.Collect$$libshutdown$$00000006  c_w.l(libshutdown2.o)
    0x08000246   0x00000000   Code   RO         7572    .ARM.Collect$$libshutdown$$00000009  c_w.l(libshutdown2.o)
    0x08000246   0x00000000   Code   RO         7574    .ARM.Collect$$libshutdown$$0000000B  c_w.l(libshutdown2.o)
    0x08000246   0x00000000   Code   RO         7577    .ARM.Collect$$libshutdown$$0000000E  c_w.l(libshutdown2.o)
    0x08000246   0x00000002   Code   RO         7578    .ARM.Collect$$libshutdown$$0000000F  c_w.l(libshutdown2.o)
    0x08000248   0x00000000   Code   RO         7406    .ARM.Collect$$rtentry$$00000000  c_w.l(__rtentry.o)
    0x08000248   0x00000000   Code   RO         7423    .ARM.Collect$$rtentry$$00000002  c_w.l(__rtentry2.o)
    0x08000248   0x00000006   Code   RO         7435    .ARM.Collect$$rtentry$$00000004  c_w.l(__rtentry4.o)
    0x0800024e   0x00000000   Code   RO         7425    .ARM.Collect$$rtentry$$00000009  c_w.l(__rtentry2.o)
    0x0800024e   0x00000004   Code   RO         7426    .ARM.Collect$$rtentry$$0000000A  c_w.l(__rtentry2.o)
    0x08000252   0x00000000   Code   RO         7428    .ARM.Collect$$rtentry$$0000000C  c_w.l(__rtentry2.o)
    0x08000252   0x00000008   Code   RO         7429    .ARM.Collect$$rtentry$$0000000D  c_w.l(__rtentry2.o)
    0x0800025a   0x00000002   Code   RO         7456    .ARM.Collect$$rtexit$$00000000  c_w.l(rtexit.o)
    0x0800025c   0x00000000   Code   RO         7512    .ARM.Collect$$rtexit$$00000002  c_w.l(rtexit2.o)
    0x0800025c   0x00000004   Code   RO         7513    .ARM.Collect$$rtexit$$00000003  c_w.l(rtexit2.o)
    0x08000260   0x00000006   Code   RO         7514    .ARM.Collect$$rtexit$$00000004  c_w.l(rtexit2.o)
    0x08000266   0x00000002   PAD
    0x08000268   0x00000040   Code   RO          752    .text               startup_stm32f40xx.o
    0x080002a8   0x00000034   Code   RO         2642    .text               cpu_a.o
    0x080002dc   0x00000058   Code   RO         7370    .text               c_w.l(memcmp.o)
    0x08000334   0x00000048   Code   RO         7372    .text               c_w.l(strcpy.o)
    0x0800037c   0x0000008a   Code   RO         7376    .text               c_w.l(rt_memcpy_v6.o)
    0x08000406   0x00000010   Code   RO         7378    .text               c_w.l(aeabi_memset.o)
    0x08000416   0x00000044   Code   RO         7380    .text               c_w.l(rt_memclr.o)
    0x0800045a   0x0000004e   Code   RO         7382    .text               c_w.l(rt_memclr_w.o)
    0x080004a8   0x00000080   Code   RO         7384    .text               c_w.l(strcmpv7m.o)
    0x08000528   0x00000006   Code   RO         7386    .text               c_w.l(heapauxi.o)
    0x0800052e   0x00000064   Code   RO         7411    .text               c_w.l(rt_memcpy_w.o)
    0x08000592   0x0000004a   Code   RO         7439    .text               c_w.l(sys_stackheap_outer.o)
    0x080005dc   0x0000000c   Code   RO         7441    .text               c_w.l(exit.o)
    0x080005e8   0x00000008   Code   RO         7453    .text               c_w.l(libspace.o)
    0x080005f0   0x0000000c   Code   RO         7509    .text               c_w.l(sys_exit.o)
    0x080005fc   0x00000002   Code   RO         7528    .text               c_w.l(use_no_semi.o)
    0x080005fe   0x00000000   Code   RO         7530    .text               c_w.l(indicate_semi.o)
    0x080005fe   0x00000002   PAD
    0x08000600   0x000000a8   Code   RO         4382    CODE                os_cpu_a.o
    0x080006a8   0x00000084   Code   RO          640    i.ADC1_Init         adc.o
    0x0800072c   0x00000088   Code   RO          641    i.ADC3_Init         adc.o
    0x080007b4   0x00000016   Code   RO         2230    i.ADC_Cmd           stm32f4xx_adc.o
    0x080007ca   0x00000002   PAD
    0x080007cc   0x00000030   Code   RO         2231    i.ADC_CommonInit    stm32f4xx_adc.o
    0x080007fc   0x00000008   Code   RO         2242    i.ADC_GetConversionValue  stm32f4xx_adc.o
    0x08000804   0x00000012   Code   RO         2243    i.ADC_GetFlagStatus  stm32f4xx_adc.o
    0x08000816   0x00000002   PAD
    0x08000818   0x00000054   Code   RO         2250    i.ADC_Init          stm32f4xx_adc.o
    0x0800086c   0x000000b8   Code   RO         2255    i.ADC_RegularChannelConfig  stm32f4xx_adc.o
    0x08000924   0x0000000a   Code   RO         2257    i.ADC_SoftwareStartConv  stm32f4xx_adc.o
    0x0800092e   0x00000002   PAD
    0x08000930   0x00000040   Code   RO            4    i.AppTaskADCGET     main.o
    0x08000970   0x00000088   Code   RO            5    i.AppTaskLED1       main.o
    0x080009f8   0x00000120   Code   RO            6    i.AppTaskNET        main.o
    0x08000b18   0x0000011c   Code   RO            7    i.AppTaskStart      main.o
    0x08000c34   0x0000000e   Code   RO         4333    i.BSP_CPU_ClkFreq   os_cpu_bsp.o
    0x08000c42   0x00000002   PAD
    0x08000c44   0x0000001c   Code   RO         4334    i.BSP_Tick_Init     os_cpu_bsp.o
    0x08000c60   0x00000004   Code   RO          295    i.BusFault_Handler  stm32f4xx_it.o
    0x08000c64   0x00000010   Code   RO         2478    i.CPU_Init          cpu_core.o
    0x08000c74   0x00000084   Code   RO         2479    i.CPU_IntDisMeasInit  cpu_core.o
    0x08000cf8   0x0000001c   Code   RO         2480    i.CPU_IntDisMeasMaxCalc  cpu_core.o
    0x08000d14   0x0000002c   Code   RO         2481    i.CPU_IntDisMeasMaxCurGet  cpu_core.o
    0x08000d40   0x0000002c   Code   RO         2482    i.CPU_IntDisMeasMaxCurReset  cpu_core.o
    0x08000d6c   0x0000002c   Code   RO         2483    i.CPU_IntDisMeasMaxGet  cpu_core.o
    0x08000d98   0x00000034   Code   RO         2484    i.CPU_IntDisMeasStart  cpu_core.o
    0x08000dcc   0x00000054   Code   RO         2485    i.CPU_IntDisMeasStop  cpu_core.o
    0x08000e20   0x00000038   Code   RO         2486    i.CPU_NameClr       cpu_core.o
    0x08000e58   0x00000008   Code   RO         2488    i.CPU_NameInit      cpu_core.o
    0x08000e60   0x00000004   Code   RO         2491    i.CPU_SW_Exception  cpu_core.o
    0x08000e64   0x00000014   Code   RO         2493    i.CPU_TS_Init       cpu_core.o
    0x08000e78   0x0000000c   Code   RO         2495    i.CPU_TS_TmrFreqSet  cpu_core.o
    0x08000e84   0x00000034   Code   RO         4336    i.CPU_TS_TmrInit    os_cpu_bsp.o
    0x08000eb8   0x0000000c   Code   RO         4337    i.CPU_TS_TmrRd      os_cpu_bsp.o
    0x08000ec4   0x000000ac   Code   RO          607    i.CalcTemp          temperatue.o
    0x08000f70   0x00000002   Code   RO          296    i.DebugMon_Handler  stm32f4xx_it.o
    0x08000f72   0x00000020   Code   RO         6650    i.ETHERNET_NVICConfiguration  eth_driver.o
    0x08000f92   0x00000002   PAD
    0x08000f94   0x000000dc   Code   RO         6709    i.ETH_CheckFrameReceived  user_stm32f4x7_eth.o
    0x08001070   0x0000000c   Code   RO         6711    i.ETH_DMAClearITPendingBit  user_stm32f4x7_eth.o
    0x0800107c   0x00000024   Code   RO         6713    i.ETH_DMAReceptionCmd  user_stm32f4x7_eth.o
    0x080010a0   0x00000064   Code   RO         6714    i.ETH_DMARxDescChainInit  user_stm32f4x7_eth.o
    0x08001104   0x00000024   Code   RO         6716    i.ETH_DMATransmissionCmd  user_stm32f4x7_eth.o
    0x08001128   0x00000050   Code   RO         6719    i.ETH_DMATxDescChainInit  user_stm32f4x7_eth.o
    0x08001178   0x00000008   Code   RO         6720    i.ETH_DMATxDescChecksumInsertionConfig  user_stm32f4x7_eth.o
    0x08001180   0x00000016   Code   RO         6725    i.ETH_DeInit        user_stm32f4x7_eth.o
    0x08001196   0x0000001c   Code   RO         6726    i.ETH_Delay         user_stm32f4x7_eth.o
    0x080011b2   0x00000002   PAD
    0x080011b4   0x0000002c   Code   RO         6728    i.ETH_FlushTransmitFIFO  user_stm32f4x7_eth.o
    0x080011e0   0x000000b8   Code   RO         6651    i.ETH_GPIO_Config_RMII  eth_driver.o
    0x08001298   0x00000018   Code   RO         6754    i.ETH_GetSoftwareResetStatus  user_stm32f4x7_eth.o
    0x080012b0   0x00000048   Code   RO         6756    i.ETH_Get_Received_Frame  user_stm32f4x7_eth.o
    0x080012f8   0x00000030   Code   RO         6652    i.ETH_IRQHandler    eth_driver.o
    0x08001328   0x000002ac   Code   RO         6759    i.ETH_Init          user_stm32f4x7_eth.o
    0x080015d4   0x00000034   Code   RO         6761    i.ETH_MACAddressConfig  user_stm32f4x7_eth.o
    0x08001608   0x00000088   Code   RO         6653    i.ETH_MACDMA_Config  eth_driver.o
    0x08001690   0x00000040   Code   RO         6766    i.ETH_MACReceptionCmd  user_stm32f4x7_eth.o
    0x080016d0   0x00000040   Code   RO         6767    i.ETH_MACTransmissionCmd  user_stm32f4x7_eth.o
    0x08001710   0x000000cc   Code   RO         6778    i.ETH_Prepare_Transmit_Descriptors  user_stm32f4x7_eth.o
    0x080017dc   0x0000006c   Code   RO         6779    i.ETH_ReadPHYRegister  user_stm32f4x7_eth.o
    0x08001848   0x00000014   Code   RO         6787    i.ETH_SoftwareReset  user_stm32f4x7_eth.o
    0x0800185c   0x00000020   Code   RO         6788    i.ETH_Start         user_stm32f4x7_eth.o
    0x0800187c   0x000000b2   Code   RO         6790    i.ETH_StructInit    user_stm32f4x7_eth.o
    0x0800192e   0x00000002   PAD
    0x08001930   0x00000068   Code   RO         6792    i.ETH_WritePHYRegister  user_stm32f4x7_eth.o
    0x08001998   0x00000024   Code   RO         1964    i.FLASH_DataCacheCmd  stm32f4xx_flash.o
    0x080019bc   0x00000088   Code   RO         1969    i.FLASH_EraseSector  stm32f4xx_flash.o
    0x08001a44   0x00000054   Code   RO         1971    i.FLASH_GetStatus   stm32f4xx_flash.o
    0x08001a98   0x00000014   Code   RO         1975    i.FLASH_Lock        stm32f4xx_flash.o
    0x08001aac   0x00000050   Code   RO         1999    i.FLASH_ProgramWord  stm32f4xx_flash.o
    0x08001afc   0x00000024   Code   RO         2001    i.FLASH_Unlock      stm32f4xx_flash.o
    0x08001b20   0x00000022   Code   RO         2002    i.FLASH_WaitForLastOperation  stm32f4xx_flash.o
    0x08001b42   0x00000090   Code   RO          949    i.GPIO_Init         stm32f4xx_gpio.o
    0x08001bd2   0x00000046   Code   RO          950    i.GPIO_PinAFConfig  stm32f4xx_gpio.o
    0x08001c18   0x00000004   Code   RO          956    i.GPIO_ResetBits    stm32f4xx_gpio.o
    0x08001c1c   0x0000000a   Code   RO          961    i.GPIO_WriteBit     stm32f4xx_gpio.o
    0x08001c26   0x00000002   PAD
    0x08001c28   0x00000028   Code   RO          396    i.GetSTM32MCUID     comm.o
    0x08001c50   0x00000030   Code   RO          643    i.Get_Adc3          adc.o
    0x08001c80   0x00000036   Code   RO          644    i.Get_Adc3_Average  adc.o
    0x08001cb6   0x00000004   Code   RO          297    i.HardFault_Handler  stm32f4xx_it.o
    0x08001cba   0x00000002   PAD
    0x08001cbc   0x00000120   Code   RO         6593    i.LwIP_Init         netconf.o
    0x08001ddc   0x00000010   Code   RO         6595    i.LwIP_Pkt_Handle   netconf.o
    0x08001dec   0x0000015c   Code   RO          468    i.McuInfoInit       mulcast.o
    0x08001f48   0x00000004   Code   RO          298    i.MemManage_Handler  stm32f4xx_it.o
    0x08001f4c   0x00000012   Code   RO         2834    i.Mem_Clr           lib_mem.o
    0x08001f5e   0x00000002   PAD
    0x08001f60   0x00000048   Code   RO         2844    i.Mem_Init          lib_mem.o
    0x08001fa8   0x00000052   Code   RO         2857    i.Mem_SegCreate     lib_mem.o
    0x08001ffa   0x00000002   PAD
    0x08001ffc   0x00000020   Code   RO         2858    i.Mem_SegCreateCritical  lib_mem.o
    0x0800201c   0x00000054   Code   RO         2861    i.Mem_Set           lib_mem.o
    0x08002070   0x0000005c   Code   RO          469    i.Multicast_Config  mulcast.o
    0x080020cc   0x00000002   Code   RO          299    i.NMI_Handler       stm32f4xx_it.o
    0x080020ce   0x00000002   PAD
    0x080020d0   0x00000078   Code   RO          759    i.NVIC_Init         misc.o
    0x08002148   0x00000002   Code   RO         3169    i.OSCfg_Init        os_cfg_app.o
    0x0800214a   0x00000002   PAD
    0x0800214c   0x00000014   Code   RO         4223    i.OSIdleTaskHook    os_cpu_c.o
    0x08002160   0x0000014c   Code   RO         3192    i.OSInit            os_core.o
    0x080022ac   0x00000028   Code   RO         4224    i.OSInitHook        os_cpu_c.o
    0x080022d4   0x000000dc   Code   RO         3194    i.OSIntExit         os_core.o
    0x080023b0   0x0000006c   Code   RO         3561    i.OSMutexCreate     os_mutex.o
    0x0800241c   0x000001ec   Code   RO         3562    i.OSMutexPend       os_mutex.o
    0x08002608   0x0000017c   Code   RO         3563    i.OSMutexPost       os_mutex.o
    0x08002784   0x0000006c   Code   RO         3700    i.OSQCreate         os_q.o
    0x080027f0   0x000001a0   Code   RO         3703    i.OSQPend           os_q.o
    0x08002990   0x00000040   Code   RO         3705    i.OSQPost           os_q.o
    0x080029d0   0x000000a0   Code   RO         3195    i.OSSched           os_core.o
    0x08002a70   0x00000064   Code   RO         3196    i.OSSchedLock       os_core.o
    0x08002ad4   0x00000088   Code   RO         3197    i.OSSchedUnlock     os_core.o
    0x08002b5c   0x00000068   Code   RO         3772    i.OSSemCreate       os_sem.o
    0x08002bc4   0x00000188   Code   RO         3774    i.OSSemPend         os_sem.o
    0x08002d4c   0x0000003c   Code   RO         3776    i.OSSemPost         os_sem.o
    0x08002d88   0x00000068   Code   RO         3198    i.OSStart           os_core.o
    0x08002df0   0x00000148   Code   RO         3844    i.OSStatReset       os_stat.o
    0x08002f38   0x00000100   Code   RO         3845    i.OSStatTaskCPUUsageInit  os_stat.o
    0x08003038   0x00000014   Code   RO         4225    i.OSStatTaskHook    os_cpu_c.o
    0x0800304c   0x00000144   Code   RO         3875    i.OSTaskCreate      os_task.o
    0x08003190   0x00000018   Code   RO         4226    i.OSTaskCreateHook  os_cpu_c.o
    0x080031a8   0x0000019c   Code   RO         3876    i.OSTaskDel         os_task.o
    0x08003344   0x00000018   Code   RO         4227    i.OSTaskDelHook     os_cpu_c.o
    0x0800335c   0x00000036   Code   RO         3883    i.OSTaskResume      os_task.o
    0x08003392   0x00000002   PAD
    0x08003394   0x00000018   Code   RO         4228    i.OSTaskReturnHook  os_cpu_c.o
    0x080033ac   0x000001c8   Code   RO         3884    i.OSTaskSemPend     os_task.o
    0x08003574   0x00000024   Code   RO         3886    i.OSTaskSemPost     os_task.o
    0x08003598   0x000000bc   Code   RO         3888    i.OSTaskStkChk      os_task.o
    0x08003654   0x000000d0   Code   RO         4229    i.OSTaskStkInit     os_cpu_c.o
    0x08003724   0x00000024   Code   RO         3889    i.OSTaskSuspend     os_task.o
    0x08003748   0x0000007c   Code   RO         4230    i.OSTaskSwHook      os_cpu_c.o
    0x080037c4   0x000000b0   Code   RO         4082    i.OSTimeDly         os_time.o
    0x08003874   0x00000114   Code   RO         4083    i.OSTimeDlyHMSM     os_time.o
    0x08003988   0x0000003c   Code   RO         4084    i.OSTimeGet         os_time.o
    0x080039c4   0x00000044   Code   RO         4086    i.OSTimeTick        os_time.o
    0x08003a08   0x00000014   Code   RO         4231    i.OSTimeTickHook    os_cpu_c.o
    0x08003a1c   0x00000040   Code   RO         4232    i.OS_CPU_SysTickHandler  os_cpu_c.o
    0x08003a5c   0x00000030   Code   RO         4233    i.OS_CPU_SysTickInit  os_cpu_c.o
    0x08003a8c   0x000001a8   Code   RO         3396    i.OS_Dbg_Init       os_dbg.o
    0x08003c34   0x00000018   Code   RO         3419    i.OS_FlagInit       os_flag.o
    0x08003c4c   0x0000004c   Code   RO         3200    i.OS_IdleTask       os_core.o
    0x08003c98   0x00000070   Code   RO         3201    i.OS_IdleTaskInit   os_core.o
    0x08003d08   0x00000018   Code   RO         3493    i.OS_MemInit        os_mem.o
    0x08003d20   0x0000005c   Code   RO         3525    i.OS_MsgPoolInit    os_msg.o
    0x08003d7c   0x00000044   Code   RO         3526    i.OS_MsgQFreeAll    os_msg.o
    0x08003dc0   0x00000068   Code   RO         3527    i.OS_MsgQGet        os_msg.o
    0x08003e28   0x0000000e   Code   RO         3528    i.OS_MsgQInit       os_msg.o
    0x08003e36   0x00000002   PAD
    0x08003e38   0x00000104   Code   RO         3529    i.OS_MsgQPut        os_msg.o
    0x08003f3c   0x00000030   Code   RO         3565    i.OS_MutexDbgListAdd  os_mutex.o
    0x08003f6c   0x00000008   Code   RO         3567    i.OS_MutexGrpAdd    os_mutex.o
    0x08003f74   0x00000060   Code   RO         3568    i.OS_MutexGrpPostAll  os_mutex.o
    0x08003fd4   0x0000002c   Code   RO         3569    i.OS_MutexGrpPrioFindHighest  os_mutex.o
    0x08004000   0x0000001c   Code   RO         3570    i.OS_MutexGrpRemove  os_mutex.o
    0x0800401c   0x00000018   Code   RO         3571    i.OS_MutexInit      os_mutex.o
    0x08004034   0x00000068   Code   RO         3202    i.OS_Pend           os_core.o
    0x0800409c   0x00000028   Code   RO         3205    i.OS_PendDataInit   os_core.o
    0x080040c4   0x0000005c   Code   RO         3206    i.OS_PendDbgNameAdd  os_core.o
    0x08004120   0x00000024   Code   RO         3207    i.OS_PendDbgNameRemove  os_core.o
    0x08004144   0x0000003a   Code   RO         3208    i.OS_PendListChangePrio  os_core.o
    0x0800417e   0x0000000a   Code   RO         3209    i.OS_PendListInit   os_core.o
    0x08004188   0x00000066   Code   RO         3211    i.OS_PendListInsertPrio  os_core.o
    0x080041ee   0x00000034   Code   RO         3212    i.OS_PendListRemove  os_core.o
    0x08004222   0x00000042   Code   RO         3213    i.OS_PendListRemove1  os_core.o
    0x08004264   0x000000d6   Code   RO         3216    i.OS_Post           os_core.o
    0x0800433a   0x0000002c   Code   RO         3217    i.OS_Post1          os_core.o
    0x08004366   0x00000002   PAD
    0x08004368   0x00000028   Code   RO         3663    i.OS_PrioGetHighest  os_prio.o
    0x08004390   0x00000018   Code   RO         3664    i.OS_PrioInit       os_prio.o
    0x080043a8   0x00000024   Code   RO         3665    i.OS_PrioInsert     os_prio.o
    0x080043cc   0x00000024   Code   RO         3666    i.OS_PrioRemove     os_prio.o
    0x080043f0   0x00000030   Code   RO         3707    i.OS_QDbgListAdd    os_q.o
    0x08004420   0x00000018   Code   RO         3709    i.OS_QInit          os_q.o
    0x08004438   0x000000ca   Code   RO         3710    i.OS_QPost          os_q.o
    0x08004502   0x00000002   PAD
    0x08004504   0x00000024   Code   RO         3218    i.OS_RdyListInit    os_core.o
    0x08004528   0x0000002c   Code   RO         3219    i.OS_RdyListInsert  os_core.o
    0x08004554   0x00000040   Code   RO         3220    i.OS_RdyListInsertHead  os_core.o
    0x08004594   0x0000003c   Code   RO         3221    i.OS_RdyListInsertTail  os_core.o
    0x080045d0   0x0000005c   Code   RO         3223    i.OS_RdyListRemove  os_core.o
    0x0800462c   0x00000030   Code   RO         3779    i.OS_SemDbgListAdd  os_sem.o
    0x0800465c   0x00000018   Code   RO         3781    i.OS_SemInit        os_sem.o
    0x08004674   0x0000013e   Code   RO         3782    i.OS_SemPost        os_sem.o
    0x080047b2   0x00000002   PAD
    0x080047b4   0x00000324   Code   RO         3846    i.OS_StatTask       os_stat.o
    0x08004ad8   0x000000cc   Code   RO         3847    i.OS_StatTaskInit   os_stat.o
    0x08004ba4   0x0000002c   Code   RO         3224    i.OS_TaskBlock      os_core.o
    0x08004bd0   0x000000ec   Code   RO         3890    i.OS_TaskChangePrio  os_task.o
    0x08004cbc   0x00000030   Code   RO         3891    i.OS_TaskDbgListAdd  os_task.o
    0x08004cec   0x00000044   Code   RO         3892    i.OS_TaskDbgListRemove  os_task.o
    0x08004d30   0x00000020   Code   RO         3893    i.OS_TaskInit       os_task.o
    0x08004d50   0x000000c4   Code   RO         3894    i.OS_TaskInitTCB    os_task.o
    0x08004e14   0x0000011c   Code   RO         3896    i.OS_TaskResume     os_task.o
    0x08004f30   0x00000018   Code   RO         3897    i.OS_TaskReturn     os_task.o
    0x08004f48   0x000001f0   Code   RO         3898    i.OS_TaskSemPost    os_task.o
    0x08005138   0x00000138   Code   RO         3899    i.OS_TaskSuspend    os_task.o
    0x08005270   0x00000086   Code   RO         4036    i.OS_TickListInsert  os_tick.o
    0x080052f6   0x00000002   PAD
    0x080052f8   0x000000bc   Code   RO         4037    i.OS_TickListInsertDly  os_tick.o
    0x080053b4   0x00000058   Code   RO         4038    i.OS_TickListRemove  os_tick.o
    0x0800540c   0x000000a0   Code   RO         4039    i.OS_TickListUpdateDly  os_tick.o
    0x080054ac   0x0000011c   Code   RO         4040    i.OS_TickListUpdateTimeout  os_tick.o
    0x080055c8   0x0000006c   Code   RO         4041    i.OS_TickTask       os_tick.o
    0x08005634   0x000000c8   Code   RO         4042    i.OS_TickTaskInit   os_tick.o
    0x080056fc   0x00000134   Code   RO         4127    i.OS_TmrInit        os_tmr.o
    0x08005830   0x00000018   Code   RO         4128    i.OS_TmrLock        os_tmr.o
    0x08005848   0x00000094   Code   RO         4129    i.OS_TmrTask        os_tmr.o
    0x080058dc   0x00000044   Code   RO         4130    i.OS_TmrUnlink      os_tmr.o
    0x08005920   0x00000014   Code   RO         4131    i.OS_TmrUnlock      os_tmr.o
    0x08005934   0x00000020   Code   RO         1053    i.RCC_AHB1PeriphClockCmd  stm32f4xx_rcc.o
    0x08005954   0x00000020   Code   RO         1055    i.RCC_AHB1PeriphResetCmd  stm32f4xx_rcc.o
    0x08005974   0x00000020   Code   RO         1065    i.RCC_APB2PeriphClockCmd  stm32f4xx_rcc.o
    0x08005994   0x00000020   Code   RO         1067    i.RCC_APB2PeriphResetCmd  stm32f4xx_rcc.o
    0x080059b4   0x000000e8   Code   RO         1074    i.RCC_GetClocksFreq  stm32f4xx_rcc.o
    0x08005a9c   0x000000d0   Code   RO            8    i.RelayPin_Init     main.o
    0x08005b6c   0x000000a0   Code   RO          426    i.STMFLASH_GetFlashSector  stmflash.o
    0x08005c0c   0x00000020   Code   RO          427    i.STMFLASH_Read     stmflash.o
    0x08005c2c   0x00000006   Code   RO          428    i.STMFLASH_ReadWord  stmflash.o
    0x08005c32   0x00000002   PAD
    0x08005c34   0x00000098   Code   RO          429    i.STMFLASH_Write    stmflash.o
    0x08005ccc   0x00000002   Code   RO          301    i.SVC_Handler       stm32f4xx_it.o
    0x08005cce   0x00000002   PAD
    0x08005cd0   0x0000000c   Code   RO          887    i.SYSCFG_ETH_MediaInterfaceConfig  stm32f4xx_syscfg.o
    0x08005cdc   0x000000ec   Code   RO          711    i.SetSysClock       system_stm32f4xx.o
    0x08005dc8   0x00000068   Code   RO          713    i.SystemInit        system_stm32f4xx.o
    0x08005e30   0x00000150   Code   RO          608    i.TemperetureCheckAndActions  temperatue.o
    0x08005f80   0x00000004   Code   RO          303    i.UsageFault_Handler  stm32f4xx_it.o
    0x08005f84   0x000002a0   Code   RO          646    i.WeGetAdcOneByOne  adc.o
    0x08006224   0x0000001c   Code   RO         5915    i.arp_timer         timers.o
    0x08006240   0x00000104   Code   RO         6325    i.etharp_arp_input  etharp.o
    0x08006344   0x00000160   Code   RO         6328    i.etharp_find_entry  etharp.o
    0x080064a4   0x00000040   Code   RO         6329    i.etharp_free_entry  etharp.o
    0x080064e4   0x00000148   Code   RO         6330    i.etharp_output     etharp.o
    0x0800662c   0x0000006c   Code   RO         6331    i.etharp_output_to_arp_index  etharp.o
    0x08006698   0x0000015c   Code   RO         6332    i.etharp_query      etharp.o
    0x080067f4   0x000000b2   Code   RO         6333    i.etharp_raw        etharp.o
    0x080068a6   0x00000002   PAD
    0x080068a8   0x0000002c   Code   RO         6334    i.etharp_request    etharp.o
    0x080068d4   0x00000038   Code   RO         6335    i.etharp_send_ip    etharp.o
    0x0800690c   0x0000008c   Code   RO         6336    i.etharp_tmr        etharp.o
    0x08006998   0x000000b8   Code   RO         6337    i.etharp_update_arp_entry  etharp.o
    0x08006a50   0x000000b8   Code   RO         6338    i.ethernet_input    etharp.o
    0x08006b08   0x00000030   Code   RO         6419    i.ethernetif_init   ethernetif.o
    0x08006b38   0x0000002a   Code   RO         6420    i.ethernetif_input  ethernetif.o
    0x08006b62   0x00000012   Code   RO         5988    i.icmp_dest_unreach  icmp.o
    0x08006b74   0x0000015c   Code   RO         5989    i.icmp_input        icmp.o
    0x08006cd0   0x00000070   Code   RO         5990    i.icmp_send_response  icmp.o
    0x08006d40   0x00000012   Code   RO         5991    i.icmp_time_exceeded  icmp.o
    0x08006d52   0x0000002a   Code   RO         6017    i.igmp_delaying_member  igmp.o
    0x08006d7c   0x00000020   Code   RO         6018    i.igmp_init         igmp.o
    0x08006d9c   0x00000100   Code   RO         6019    i.igmp_input        igmp.o
    0x08006e9c   0x0000003c   Code   RO         6020    i.igmp_ip_output_if  igmp.o
    0x08006ed8   0x000000ac   Code   RO         6021    i.igmp_joingroup    igmp.o
    0x08006f84   0x0000002c   Code   RO         6023    i.igmp_lookfor_group  igmp.o
    0x08006fb0   0x0000004c   Code   RO         6024    i.igmp_lookup_group  igmp.o
    0x08006ffc   0x00000024   Code   RO         6026    i.igmp_report_groups  igmp.o
    0x08007020   0x00000084   Code   RO         6027    i.igmp_send         igmp.o
    0x080070a4   0x00000038   Code   RO         6028    i.igmp_start        igmp.o
    0x080070dc   0x0000000a   Code   RO         6029    i.igmp_start_timer  igmp.o
    0x080070e6   0x00000014   Code   RO         6031    i.igmp_timeout      igmp.o
    0x080070fa   0x00000002   PAD
    0x080070fc   0x00000018   Code   RO         5916    i.igmp_timer        timers.o
    0x08007114   0x0000002c   Code   RO         6032    i.igmp_tmr          igmp.o
    0x08007140   0x00000014   Code   RO         6126    i.inet_chksum       inet_chksum.o
    0x08007154   0x00000056   Code   RO         6127    i.inet_chksum_pbuf  inet_chksum.o
    0x080071aa   0x00000010   Code   RO         6655    i.init_ethernet     eth_driver.o
    0x080071ba   0x0000004e   Code   RO         6206    i.ip4_addr_isbroadcast  ip_addr.o
    0x08007208   0x000001ac   Code   RO         6259    i.ip_frag           ip_frag.o
    0x080073b4   0x0000000a   Code   RO         6260    i.ip_frag_alloc_pbuf_custom_ref  ip_frag.o
    0x080073be   0x00000012   Code   RO         6261    i.ip_frag_free_pbuf_custom_ref  ip_frag.o
    0x080073d0   0x000001c8   Code   RO         6161    i.ip_input          ip.o
    0x08007598   0x00000038   Code   RO         6162    i.ip_output         ip.o
    0x080075d0   0x00000034   Code   RO         6163    i.ip_output_if      ip.o
    0x08007604   0x00000110   Code   RO         6164    i.ip_output_if_opt  ip.o
    0x08007714   0x0000018c   Code   RO         6262    i.ip_reass          ip_frag.o
    0x080078a0   0x00000164   Code   RO         6263    i.ip_reass_chain_frag_into_datagram_and_validate  ip_frag.o
    0x08007a04   0x0000002c   Code   RO         6264    i.ip_reass_dequeue_datagram  ip_frag.o
    0x08007a30   0x00000054   Code   RO         6265    i.ip_reass_enqueue_new_datagram  ip_frag.o
    0x08007a84   0x000000a0   Code   RO         6266    i.ip_reass_free_complete_datagram  ip_frag.o
    0x08007b24   0x0000007c   Code   RO         6267    i.ip_reass_remove_oldest_datagram  ip_frag.o
    0x08007ba0   0x0000001c   Code   RO         5917    i.ip_reass_timer    timers.o
    0x08007bbc   0x00000034   Code   RO         6268    i.ip_reass_tmr      ip_frag.o
    0x08007bf0   0x00000054   Code   RO         6165    i.ip_route          ip.o
    0x08007c44   0x00000020   Code   RO         6269    i.ipfrag_free_pbuf_custom  ip_frag.o
    0x08007c64   0x000000e8   Code   RO         6421    i.low_level_init    ethernetif.o
    0x08007d4c   0x000000e0   Code   RO         6422    i.low_level_input   ethernetif.o
    0x08007e2c   0x000000e0   Code   RO         6423    i.low_level_output  ethernetif.o
    0x08007f0c   0x0000001a   Code   RO         5081    i.lwip_htonl        def.o
    0x08007f26   0x0000000c   Code   RO         5082    i.lwip_htons        def.o
    0x08007f32   0x00000024   Code   RO         5123    i.lwip_init         init.o
    0x08007f56   0x0000000c   Code   RO         5083    i.lwip_ntohl        def.o
    0x08007f62   0x0000000c   Code   RO         5084    i.lwip_ntohs        def.o
    0x08007f6e   0x0000005e   Code   RO         6130    i.lwip_standard_chksum  inet_chksum.o
    0x08007fcc   0x00000064   Code   RO            9    i.main              main.o
    0x08008030   0x00000070   Code   RO         5161    i.mem_free          mem.o
    0x080080a0   0x00000070   Code   RO         5162    i.mem_init          mem.o
    0x08008110   0x00000110   Code   RO         5163    i.mem_malloc        mem.o
    0x08008220   0x00000128   Code   RO         5164    i.mem_trim          mem.o
    0x08008348   0x00000038   Code   RO         5205    i.memp_free         memp.o
    0x08008380   0x00000064   Code   RO         5206    i.memp_init         memp.o
    0x080083e4   0x0000003c   Code   RO         5207    i.memp_malloc       memp.o
    0x08008420   0x00000044   Code   RO          470    i.multicast_send_data  mulcast.o
    0x08008464   0x00000080   Code   RO         5247    i.netif_add         netif.o
    0x080084e4   0x00000002   Code   RO         5249    i.netif_init        netif.o
    0x080084e6   0x00000028   Code   RO         5251    i.netif_set_addr    netif.o
    0x0800850e   0x00000002   PAD
    0x08008510   0x0000000c   Code   RO         5252    i.netif_set_default  netif.o
    0x0800851c   0x0000000c   Code   RO         5254    i.netif_set_gw      netif.o
    0x08008528   0x00000078   Code   RO         5255    i.netif_set_ipaddr  netif.o
    0x080085a0   0x0000000c   Code   RO         5259    i.netif_set_netmask  netif.o
    0x080085ac   0x00000046   Code   RO         5260    i.netif_set_up      netif.o
    0x080085f2   0x00000192   Code   RO         5353    i.pbuf_alloc        pbuf.o
    0x08008784   0x0000006c   Code   RO         5354    i.pbuf_alloced_custom  pbuf.o
    0x080087f0   0x00000038   Code   RO         5355    i.pbuf_cat          pbuf.o
    0x08008828   0x00000016   Code   RO         5356    i.pbuf_chain        pbuf.o
    0x0800883e   0x00000012   Code   RO         5357    i.pbuf_clen         pbuf.o
    0x08008850   0x000000c0   Code   RO         5359    i.pbuf_copy         pbuf.o
    0x08008910   0x00000092   Code   RO         5360    i.pbuf_copy_partial  pbuf.o
    0x080089a2   0x00000092   Code   RO         5362    i.pbuf_free         pbuf.o
    0x08008a34   0x0000007e   Code   RO         5364    i.pbuf_header       pbuf.o
    0x08008ab2   0x00000078   Code   RO         5367    i.pbuf_realloc      pbuf.o
    0x08008b2a   0x0000001a   Code   RO         5368    i.pbuf_ref          pbuf.o
    0x08008b44   0x00000088   Code   RO         5165    i.plug_holes        mem.o
    0x08008bcc   0x00000074   Code   RO         5469    i.raw_input         raw.o
    0x08008c40   0x00000048   Code   RO         7261    i.relay1_84_conf    udpecho.o
    0x08008c88   0x0000001c   Code   RO         7262    i.relay1_84_reset   udpecho.o
    0x08008ca4   0x00000618   Code   RO          572    i.relay_active      relay.o
    0x080092bc   0x000002ac   Code   RO          573    i.relay_clear       relay.o
    0x08009568   0x00000080   Code   RO         6468    i.sys_arch_mbox_fetch  sys_arch_ucos3.o
    0x080095e8   0x00000020   Code   RO         6470    i.sys_arch_protect  sys_arch_ucos3.o
    0x08009608   0x00000058   Code   RO         6471    i.sys_arch_sem_wait  sys_arch_ucos3.o
    0x08009660   0x00000020   Code   RO         6472    i.sys_arch_unprotect  sys_arch_ucos3.o
    0x08009680   0x0000002c   Code   RO         6473    i.sys_init          sys_arch_ucos3.o
    0x080096ac   0x00000030   Code   RO         6475    i.sys_mbox_new      sys_arch_ucos3.o
    0x080096dc   0x00000030   Code   RO         6478    i.sys_mbox_trypost  sys_arch_ucos3.o
    0x0800970c   0x00000024   Code   RO         6479    i.sys_mbox_valid    sys_arch_ucos3.o
    0x08009730   0x00000030   Code   RO         6481    i.sys_sem_new       sys_arch_ucos3.o
    0x08009760   0x00000012   Code   RO         6483    i.sys_sem_signal    sys_arch_ucos3.o
    0x08009772   0x00000002   PAD
    0x08009774   0x000000b0   Code   RO         6485    i.sys_thread_new    sys_arch_ucos3.o
    0x08009824   0x0000009c   Code   RO         5918    i.sys_timeout       timers.o
    0x080098c0   0x00000034   Code   RO         5919    i.sys_timeouts_init  timers.o
    0x080098f4   0x00000088   Code   RO         5920    i.sys_timeouts_mbox_fetch  timers.o
    0x0800997c   0x00000060   Code   RO         5921    i.sys_untimeout     timers.o
    0x080099dc   0x00000094   Code   RO         5541    i.tcp_abandon       tcp.o
    0x08009a70   0x0000000e   Code   RO         5542    i.tcp_abort         tcp.o
    0x08009a7e   0x00000002   PAD
    0x08009a80   0x000000bc   Code   RO         5545    i.tcp_alloc         tcp.o
    0x08009b3c   0x0000001c   Code   RO         5548    i.tcp_close         tcp.o
    0x08009b58   0x000001c8   Code   RO         5549    i.tcp_close_shutdown  tcp.o
    0x08009d20   0x000000ac   Code   RO         5818    i.tcp_create_segment  tcp_out.o
    0x08009dcc   0x0000002e   Code   RO         5552    i.tcp_eff_send_mss  tcp.o
    0x08009dfa   0x00000110   Code   RO         5819    i.tcp_enqueue_flags  tcp_out.o
    0x08009f0a   0x00000002   PAD
    0x08009f0c   0x0000007c   Code   RO         5554    i.tcp_fasttmr       tcp.o
    0x08009f88   0x00000002   Code   RO         5555    i.tcp_init          tcp.o
    0x08009f8a   0x00000002   PAD
    0x08009f8c   0x0000047c   Code   RO         5770    i.tcp_input         tcp_in.o
    0x0800a408   0x00000044   Code   RO         5820    i.tcp_keepalive     tcp_out.o
    0x0800a44c   0x00000054   Code   RO         5556    i.tcp_kill_prio     tcp.o
    0x0800a4a0   0x0000003c   Code   RO         5557    i.tcp_kill_timewait  tcp.o
    0x0800a4dc   0x00000130   Code   RO         5771    i.tcp_listen_input  tcp_in.o
    0x0800a60c   0x0000001c   Code   RO         5561    i.tcp_next_iss      tcp.o
    0x0800a628   0x000001c0   Code   RO         5821    i.tcp_output        tcp_out.o
    0x0800a7e8   0x00000078   Code   RO         5822    i.tcp_output_alloc_header  tcp_out.o
    0x0800a860   0x000000d0   Code   RO         5823    i.tcp_output_segment  tcp_out.o
    0x0800a930   0x000000b8   Code   RO         5772    i.tcp_parseopt      tcp_in.o
    0x0800a9e8   0x00000040   Code   RO         5562    i.tcp_pcb_purge     tcp.o
    0x0800aa28   0x00000090   Code   RO         5563    i.tcp_pcb_remove    tcp.o
    0x0800aab8   0x0000058c   Code   RO         5773    i.tcp_process       tcp_in.o
    0x0800b044   0x0000008c   Code   RO         5565    i.tcp_process_refused_data  tcp.o
    0x0800b0d0   0x0000063c   Code   RO         5774    i.tcp_receive       tcp_in.o
    0x0800b70c   0x0000002e   Code   RO         5567    i.tcp_recv_null     tcp.o
    0x0800b73a   0x00000046   Code   RO         5568    i.tcp_recved        tcp.o
    0x0800b780   0x0000005a   Code   RO         5825    i.tcp_rexmit        tcp_out.o
    0x0800b7da   0x00000070   Code   RO         5826    i.tcp_rexmit_fast   tcp_out.o
    0x0800b84a   0x0000003a   Code   RO         5827    i.tcp_rexmit_rto    tcp_out.o
    0x0800b884   0x0000007c   Code   RO         5828    i.tcp_rst           tcp_out.o
    0x0800b900   0x0000001a   Code   RO         5569    i.tcp_seg_free      tcp.o
    0x0800b91a   0x00000018   Code   RO         5570    i.tcp_segs_free     tcp.o
    0x0800b932   0x0000004e   Code   RO         5829    i.tcp_send_empty_ack  tcp_out.o
    0x0800b980   0x0000004a   Code   RO         5830    i.tcp_send_fin      tcp_out.o
    0x0800b9ca   0x00000002   PAD
    0x0800b9cc   0x00000334   Code   RO         5574    i.tcp_slowtmr       tcp.o
    0x0800bd00   0x00000038   Code   RO         5922    i.tcp_timer_needed  timers.o
    0x0800bd38   0x000000ac   Code   RO         5775    i.tcp_timewait_input  tcp_in.o
    0x0800bde4   0x00000024   Code   RO         5575    i.tcp_tmr           tcp.o
    0x0800be08   0x0000004e   Code   RO         5576    i.tcp_update_rcv_ann_wnd  tcp.o
    0x0800be56   0x000000a4   Code   RO         5833    i.tcp_zero_window_probe  tcp_out.o
    0x0800befa   0x00000002   PAD
    0x0800befc   0x00000054   Code   RO         4886    i.tcpip_init        tcpip.o
    0x0800bf50   0x0000004c   Code   RO         4887    i.tcpip_input       tcpip.o
    0x0800bf9c   0x00000038   Code   RO         5923    i.tcpip_tcp_timer   timers.o
    0x0800bfd4   0x000000c8   Code   RO         4888    i.tcpip_thread      tcpip.o
    0x0800c09c   0x00000080   Code   RO         4983    i.udp_bind          udp.o
    0x0800c11c   0x000003a4   Code   RO         7263    i.udp_echoserver_receive_callback  udpecho.o
    0x0800c4c0   0x00000002   Code   RO         4986    i.udp_init          udp.o
    0x0800c4c2   0x00000002   PAD
    0x0800c4c4   0x00000190   Code   RO         4987    i.udp_input         udp.o
    0x0800c654   0x0000001c   Code   RO         4988    i.udp_new           udp.o
    0x0800c670   0x00000058   Code   RO         4989    i.udp_new_port      udp.o
    0x0800c6c8   0x00000006   Code   RO         4990    i.udp_recv          udp.o
    0x0800c6ce   0x00000002   PAD
    0x0800c6d0   0x00000040   Code   RO         4991    i.udp_remove        udp.o
    0x0800c710   0x00000040   Code   RO         4993    i.udp_sendto        udp.o
    0x0800c750   0x000000ea   Code   RO         4994    i.udp_sendto_if     udp.o
    0x0800c83a   0x00000002   PAD
    0x0800c83c   0x00000198   Code   RO          471    i.udp_server_rev    mulcast.o
    0x0800c9d4   0x00000054   Code   RO         7264    i.udpecho_init      udpecho.o
    0x0800ca28   0x00000062   Code   RO         7390    x$fpl$d2f           fz_wm.l(d2f.o)
    0x0800ca8a   0x00000002   PAD
    0x0800ca8c   0x00000150   Code   RO         7392    x$fpl$dadd          fz_wm.l(daddsub_clz.o)
    0x0800cbdc   0x000002b0   Code   RO         7399    x$fpl$ddiv          fz_wm.l(ddiv.o)
    0x0800ce8c   0x00000154   Code   RO         7402    x$fpl$dmul          fz_wm.l(dmul.o)
    0x0800cfe0   0x0000009c   Code   RO         7413    x$fpl$dnaninf       fz_wm.l(dnaninf.o)
    0x0800d07c   0x0000000c   Code   RO         7415    x$fpl$dretinf       fz_wm.l(dretinf.o)
    0x0800d088   0x000001d4   Code   RO         7394    x$fpl$dsub          fz_wm.l(daddsub_clz.o)
    0x0800d25c   0x00000056   Code   RO         7404    x$fpl$f2d           fz_wm.l(f2d.o)
    0x0800d2b2   0x0000008c   Code   RO         7417    x$fpl$fnaninf       fz_wm.l(fnaninf.o)
    0x0800d33e   0x0000000a   Code   RO         7524    x$fpl$fpinit        fz_wm.l(fpinit.o)
    0x0800d348   0x0000000a   Code   RO         7419    x$fpl$fretinf       fz_wm.l(fretinf.o)
    0x0800d352   0x00000000   Code   RO         7421    x$fpl$usenofp       fz_wm.l(usenofp.o)
    0x0800d352   0x00000002   PAD
    0x0800d354   0x00000094   Data   RO         3171    .constdata          os_cfg_app.o
    0x0800d3e8   0x0000016c   Data   RO         3397    .constdata          os_dbg.o
    0x0800d554   0x0000003c   Data   RO         5209    .constdata          memp.o
    0x0800d590   0x00000050   Data   RO         5577    .constdata          tcp.o
    0x0800d5e0   0x00000008   Data   RO         6213    .constdata          ip_addr.o
    0x0800d5e8   0x0000000c   Data   RO         6340    .constdata          etharp.o
    0x0800d5f4   0x00000004   Data   RO         6487    .constdata          sys_arch_ucos3.o
    0x0800d5f8   0x00000075   Data   RO         5578    .conststring        tcp.o
    0x0800d66d   0x00000003   PAD
    0x0800d670   0x00000020   Data   RO         7579    Region$$Table       anon$$obj.o


    Execution Region RW_IRAM1 (Base: 0x20000000, Size: 0x0001e9e0, Max: 0x00020000, ABSOLUTE, COMPRESSED[0x000005c8])

    Base Addr    Size         Type   Attr      Idx    E Section Name        Object

    0x20000000   0x00000002   Data   RW           11    .data               main.o
    0x20000002   0x00000002   PAD
    0x20000004   0x0000002e   Data   RW          397    .data               comm.o
    0x20000032   0x00000002   PAD
    0x20000034   0x0000000e   Data   RW          473    .data               mulcast.o
    0x20000042   0x00000002   PAD
    0x20000044   0x000007a0   Data   RW          609    .data               temperatue.o
    0x200007e4   0x00000015   Data   RW          648    .data               adc.o
    0x200007f9   0x00000010   Data   RW         1106    .data               stm32f4xx_rcc.o
    0x20000809   0x00000003   PAD
    0x2000080c   0x0000001c   Data   RW         2499    .data               cpu_core.o
    0x20000828   0x00000004   Data   RW         2863    .data               lib_mem.o
    0x2000082c   0x00000004   Data   RW         3667    .data               os_prio.o
    0x20000830   0x000000bc   Data   RW         4207    .data               os_var.o
    0x200008ec   0x00000004   Data   RW         4234    .data               os_cpu_c.o
    0x200008f0   0x00000008   Data   RW         4893    .data               tcpip.o
    0x200008f8   0x00000008   Data   RW         4995    .data               udp.o
    0x20000900   0x0000000c   Data   RW         5167    .data               mem.o
    0x2000090c   0x00000009   Data   RW         5261    .data               netif.o
    0x20000915   0x00000003   PAD
    0x20000918   0x00000004   Data   RW         5475    .data               raw.o
    0x2000091c   0x00000024   Data   RW         5579    .data               tcp.o
    0x20000940   0x00000020   Data   RW         5777    .data               tcp_in.o
    0x20000960   0x00000008   Data   RW         5924    .data               timers.o
    0x20000968   0x0000000c   Data   RW         6033    .data               igmp.o
    0x20000974   0x00000012   Data   RW         6166    .data               ip.o
    0x20000986   0x00000002   PAD
    0x20000988   0x00000006   Data   RW         6270    .data               ip_frag.o
    0x2000098e   0x00000001   Data   RW         6341    .data               etharp.o
    0x2000098f   0x00000001   PAD
    0x20000990   0x00000008   Data   RW         6488    .data               sys_arch_ucos3.o
    0x20000998   0x00000018   Data   RW         6597    .data               netconf.o
    0x200009b0   0x00000010   Data   RW         6797    .data               user_stm32f4x7_eth.o
    0x200009c0   0x00000012   Data   RW         7266    .data               udpecho.o
    0x200009d2   0x00000002   PAD
    0x200009d4   0x00005b00   Zero   RW           10    .bss                main.o
    0x200064d4   0x00000068   Zero   RW          472    .bss                mulcast.o
    0x2000653c   0x00000014   Zero   RW          647    .bss                adc.o
    0x20006550   0x00000010   Zero   RW         2497    .bss                cpu_core.o
    0x20006560   0x00000414   Zero   RW         2862    .bss                lib_mem.o
    0x20006974   0x00000f60   Zero   RW         3170    .bss                os_cfg_app.o
    0x200078d4   0x000004bc   Zero   RW         4206    .bss                os_var.o
    0x20007d90   0x00000030   Zero   RW         4892    .bss                tcpip.o
    0x20007dc0   0x0000283c   Zero   RW         5166    .bss                mem.o
    0x2000a5fc   0x00003eff   Zero   RW         5208    .bss                memp.o
    0x2000e4fb   0x00000001   PAD
    0x2000e4fc   0x00000010   Zero   RW         5776    .bss                tcp_in.o
    0x2000e50c   0x000000c8   Zero   RW         6339    .bss                etharp.o
    0x2000e5d4   0x00004300   Zero   RW         6486    .bss                sys_arch_ucos3.o
    0x200128d4   0x00000038   Zero   RW         6596    .bss                netconf.o
    0x2001290c   0x0000b664   Zero   RW         6796    .bss                user_stm32f4x7_eth.o
    0x2001df70   0x0000000b   Zero   RW         7265    .bss                udpecho.o
    0x2001df7b   0x00000001   PAD
    0x2001df7c   0x00000060   Zero   RW         7454    .bss                c_w.l(libspace.o)
    0x2001dfdc   0x00000004   PAD
    0x2001dfe0   0x00000400   Zero   RW          750    HEAP                startup_stm32f40xx.o
    0x2001e3e0   0x00000600   Zero   RW          749    STACK               startup_stm32f40xx.o


==============================================================================

Image component sizes


      Code (inc. data)   RO Data    RW Data    ZI Data      Debug   Object Name

      1042         92          0         21         20       3993   adc.o
         0          0          0          0          0       6584   api_lib.o
        40          6          0         46          0       2137   comm.o
        52          0          0          0          0        312   cpu_a.o
       544         98          0         28         16      10087   cpu_core.o
        62          0          0          0          0       2212   def.o
       416         20          0          0          0       2941   eth_driver.o
      2246         62         12          1        200      13169   etharp.o
       770         52          0          0          0       4704   ethernetif.o
       496          8          0          0          0       3734   icmp.o
       980         66          0         12          0      10148   igmp.o
       200          0          0          0          0       2709   inet_chksum.o
        36          0          0          0          0       9985   init.o
       920         34          0         18          0       8376   ip.o
        78          0          8          0          0       7414   ip_addr.o
      1704         40          0          6          0      10528   ip_frag.o
       288         24          0          4       1044      15301   lib_mem.o
      1080        238          0          2      23296     353345   main.o
       928         88          0         12      10300       5353   mem.o
       216         30         60          0      16127       4090   memp.o
       120         14          0          0          0       2760   misc.o
       916        100          0         14        104      18208   mulcast.o
         0          0          0          0          0       3828   netbuf.o
       304         84          0         24         56       2047   netconf.o
       396         24          0          9          0       7870   netif.o
         2          0        148          0       3936      19245   os_cfg_app.o
      2398        306          0          0          0      18114   os_core.o
       168         32          0          0          0        364   os_cpu_a.o
       106         18          0          0          0       2258   os_cpu_bsp.o
       616         60          0          4          0      35441   os_cpu_c.o
       424        278        364          0          0       4821   os_dbg.o
        24         10          0          0          0        938   os_flag.o
        24         10          0          0          0        941   os_mem.o
       538         30          0          0          0       4218   os_msg.o
      1228         56          0          0          0       7335   os_mutex.o
       136         16          0          4          0       3066   os_prio.o
       862         48          0          0          0       5547   os_q.o
       946         48          0          0          0       5599   os_sem.o
      1592        196          0          0          0       4163   os_stat.o
      3202        154          0          0          0      14013   os_task.o
      1162         88          0          0          0       6083   os_tick.o
       580         46          0          0          0       3477   os_time.o
       568        142          0          0          0       3721   os_tmr.o
         0          0          0        188       1212      17786   os_var.o
      1362          0          0          0          0       9755   pbuf.o
       116         14          0          4          0       1552   raw.o
      2244        104          0          0          0       1625   relay.o
        64         26        392          0       2560        872   startup_stm32f40xx.o
       374         24          0          0          0      19586   stm32f4xx_adc.o
       426         40          0          0          0      13680   stm32f4xx_flash.o
       228          0          0          0          0      10156   stm32f4xx_gpio.o
        22          0          0          0          0     253439   stm32f4xx_it.o
       360         42          0         16          0      20740   stm32f4xx_rcc.o
        12          6          0          0          0        602   stm32f4xx_syscfg.o
       350         50          0          0          0       3047   stmflash.o
       698         80          4          8      17152       8824   sys_arch_ucos3.o
       340         32          0          0          0       1613   system_stm32f4xx.o
      2626        144        197         36          0      24825   tcp.o
      4824        288          0         32         16      16647   tcp_in.o
      1988         10          0          0          0      11263   tcp_out.o
       360         58          0          8         48       7931   tcpip.o
       508         42          0       1952          0       2421   temperatue.o
       632         78          0          8          0       6539   timers.o
      1014         32          0          8          0       8944   udp.o
      1116         36          0         18         11      20897   udpecho.o
      2192        170          0         16      46692      51233   user_stm32f4x7_eth.o

    ----------------------------------------------------------------------
     50332       3894       1220       2516     122792    1165156   Object Totals
         0          0         32          0          0          0   (incl. Generated)
        66          0          3         17          2          0   (incl. Padding)

    ----------------------------------------------------------------------

      Code (inc. data)   RO Data    RW Data    ZI Data      Debug   Library Member Name

        90          0          0          0          0          0   __dczerorl2.o
         8          0          0          0          0         68   __main.o
         0          0          0          0          0          0   __rtentry.o
        12          0          0          0          0          0   __rtentry2.o
         6          0          0          0          0          0   __rtentry4.o
        52          8          0          0          0          0   __scatter.o
        28          0          0          0          0          0   __scatter_zi.o
        16          0          0          0          0         68   aeabi_memset.o
        12          0          0          0          0         72   exit.o
         6          0          0          0          0        152   heapauxi.o
         0          0          0          0          0          0   indicate_semi.o
         2          0          0          0          0          0   libinit.o
         6          0          0          0          0          0   libinit2.o
         2          0          0          0          0          0   libshutdown.o
         2          0          0          0          0          0   libshutdown2.o
         8          4          0          0         96         68   libspace.o
        88          0          0          0          0         76   memcmp.o
        68          0          0          0          0         68   rt_memclr.o
        78          0          0          0          0         80   rt_memclr_w.o
       138          0          0          0          0         68   rt_memcpy_v6.o
       100          0          0          0          0         80   rt_memcpy_w.o
         2          0          0          0          0          0   rtexit.o
        10          0          0          0          0          0   rtexit2.o
       128          0          0          0          0         68   strcmpv7m.o
        72          0          0          0          0         80   strcpy.o
        12          4          0          0          0         68   sys_exit.o
        74          0          0          0          0         80   sys_stackheap_outer.o
         2          0          0          0          0         68   use_no_semi.o
        98          4          0          0          0        140   d2f.o
       804         16          0          0          0        368   daddsub_clz.o
       688        140          0          0          0        256   ddiv.o
       340         12          0          0          0        152   dmul.o
       156          4          0          0          0        140   dnaninf.o
        12          0          0          0          0        116   dretinf.o
        86          4          0          0          0        132   f2d.o
       140          4          0          0          0        132   fnaninf.o
        10          0          0          0          0        116   fpinit.o
        10          0          0          0          0        116   fretinf.o
         0          0          0          0          0          0   usenofp.o

    ----------------------------------------------------------------------
      3376        200          0          0        100       2832   Library Totals
        10          0          0          0          4          0   (incl. Padding)

    ----------------------------------------------------------------------

      Code (inc. data)   RO Data    RW Data    ZI Data      Debug   Library Name

      1022         16          0          0         96       1164   c_w.l
      2344        184          0          0          0       1668   fz_wm.l

    ----------------------------------------------------------------------
      3376        200          0          0        100       2832   Library Totals

    ----------------------------------------------------------------------

==============================================================================


      Code (inc. data)   RO Data    RW Data    ZI Data      Debug   

     53708       4094       1220       2516     122892    1129216   Grand Totals
     53708       4094       1220       1480     122892    1129216   ELF Image Totals (compressed)
     53708       4094       1220       1480          0          0   ROM Totals

==============================================================================

    Total RO  Size (Code + RO Data)                54928 (  53.64kB)
    Total RW  Size (RW Data + ZI Data)            125408 ( 122.47kB)
    Total ROM Size (Code + RO Data + RW Data)      56408 (  55.09kB)

==============================================================================

