Component: ARM Compiler 5.05 update 1 (build 106) Tool: armlink [4d0efa]

==============================================================================

Section Cross References

    main.o(i.AppTaskADCGET) refers to os_time.o(i.OSTimeDlyHMSM) for OSTimeDlyHMSM
    main.o(i.AppTaskADCGET) refers to temperatue.o(i.TemperetureCheckAndActions) for TemperetureCheckAndActions
    main.o(i.AppTaskADCGET) refers to stm32f4xx_gpio.o(i.GPIO_WriteBit) for GPIO_WriteBit
    main.o(i.AppTaskADCGET) refers to adc.o(i.WeGetAdcOneByOne) for WeGetAdcOneByOne
    main.o(i.AppTaskADCGET) refers to adc.o(.data) for g_OcOverLimit
    main.o(i.AppTaskLED1) refers to rt_memclr_w.o(.text) for __aeabi_memclr4
    main.o(i.AppTaskLED1) refers to stm32f4xx_gpio.o(i.GPIO_WriteBit) for GPIO_WriteBit
    main.o(i.AppTaskLED1) refers to os_time.o(i.OSTimeDlyHMSM) for OSTimeDlyHMSM
    main.o(i.AppTaskLED1) refers to mulcast.o(i.Multicast_Config) for Multicast_Config
    main.o(i.AppTaskLED1) refers to mulcast.o(i.McuInfoInit) for McuInfoInit
    main.o(i.AppTaskLED1) refers to mulcast.o(i.multicast_send_data) for multicast_send_data
    main.o(i.AppTaskLED1) refers to main.o(.data) for g_udpinited
    main.o(i.AppTaskNET) refers to stmflash.o(i.STMFLASH_Read) for STMFLASH_Read
    main.o(i.AppTaskNET) refers to eth_driver.o(i.init_ethernet) for init_ethernet
    main.o(i.AppTaskNET) refers to netconf.o(i.LwIP_Init) for LwIP_Init
    main.o(i.AppTaskNET) refers to udpecho.o(i.udpecho_init) for udpecho_init
    main.o(i.AppTaskNET) refers to user_stm32f4x7_eth.o(i.ETH_CheckFrameReceived) for ETH_CheckFrameReceived
    main.o(i.AppTaskNET) refers to netconf.o(i.LwIP_Pkt_Handle) for LwIP_Pkt_Handle
    main.o(i.AppTaskNET) refers to main.o(.data) for g_IpAllModified
    main.o(i.AppTaskNET) refers to netconf.o(.data) for IP_ADDR0_m
    main.o(i.AppTaskNET) refers to udpecho.o(.data) for LOCAL_UDPPORT_m
    main.o(i.AppTaskStart) refers to cpu_core.o(i.CPU_Init) for CPU_Init
    main.o(i.AppTaskStart) refers to lib_mem.o(i.Mem_Init) for Mem_Init
    main.o(i.AppTaskStart) refers to main.o(i.RelayPin_Init) for RelayPin_Init
    main.o(i.AppTaskStart) refers to adc.o(i.ADC1_Init) for ADC1_Init
    main.o(i.AppTaskStart) refers to adc.o(i.ADC3_Init) for ADC3_Init
    main.o(i.AppTaskStart) refers to os_cpu_bsp.o(i.BSP_Tick_Init) for BSP_Tick_Init
    main.o(i.AppTaskStart) refers to os_stat.o(i.OSStatTaskCPUUsageInit) for OSStatTaskCPUUsageInit
    main.o(i.AppTaskStart) refers to cpu_core.o(i.CPU_IntDisMeasMaxCurReset) for CPU_IntDisMeasMaxCurReset
    main.o(i.AppTaskStart) refers to os_task.o(i.OSTaskCreate) for OSTaskCreate
    main.o(i.AppTaskStart) refers to os_task.o(i.OSTaskDel) for OSTaskDel
    main.o(i.AppTaskStart) refers to main.o(.bss) for AppTaskLED1Stk
    main.o(i.AppTaskStart) refers to main.o(i.AppTaskLED1) for AppTaskLED1
    main.o(i.AppTaskStart) refers to main.o(i.AppTaskNET) for AppTaskNET
    main.o(i.AppTaskStart) refers to main.o(i.AppTaskADCGET) for AppTaskADCGET
    main.o(i.RelayPin_Init) refers to stm32f4xx_rcc.o(i.RCC_AHB1PeriphClockCmd) for RCC_AHB1PeriphClockCmd
    main.o(i.RelayPin_Init) refers to stm32f4xx_gpio.o(i.GPIO_Init) for GPIO_Init
    main.o(i.main) refers to os_core.o(i.OSInit) for OSInit
    main.o(i.main) refers to os_task.o(i.OSTaskCreate) for OSTaskCreate
    main.o(i.main) refers to os_core.o(i.OSStart) for OSStart
    main.o(i.main) refers to main.o(.bss) for AppTaskStartStk
    main.o(i.main) refers to main.o(i.AppTaskStart) for AppTaskStart
    led.o(i.LedInit) refers to stm32f4xx_rcc.o(i.RCC_AHB1PeriphClockCmd) for RCC_AHB1PeriphClockCmd
    led.o(i.LedInit) refers to stm32f4xx_gpio.o(i.GPIO_Init) for GPIO_Init
    led.o(i.LedOff) refers to stm32f4xx_gpio.o(i.GPIO_ResetBits) for GPIO_ResetBits
    led.o(i.LedOn) refers to stm32f4xx_gpio.o(i.GPIO_SetBits) for GPIO_SetBits
    led.o(i.LedPortDeInit) refers to stm32f4xx_gpio.o(i.GPIO_DeInit) for GPIO_DeInit
    led.o(i.LedToggle) refers to stm32f4xx_gpio.o(i.GPIO_ToggleBits) for GPIO_ToggleBits
    comm.o(i.GetSTM32MCUID) refers to comm.o(.data) for mcu_idAddr
    stmflash.o(i.STMFLASH_Read) refers to stmflash.o(i.STMFLASH_ReadWord) for STMFLASH_ReadWord
    stmflash.o(i.STMFLASH_Write) refers to stm32f4xx_flash.o(i.FLASH_Unlock) for FLASH_Unlock
    stmflash.o(i.STMFLASH_Write) refers to stm32f4xx_flash.o(i.FLASH_DataCacheCmd) for FLASH_DataCacheCmd
    stmflash.o(i.STMFLASH_Write) refers to stmflash.o(i.STMFLASH_ReadWord) for STMFLASH_ReadWord
    stmflash.o(i.STMFLASH_Write) refers to stmflash.o(i.STMFLASH_GetFlashSector) for STMFLASH_GetFlashSector
    stmflash.o(i.STMFLASH_Write) refers to stm32f4xx_flash.o(i.FLASH_EraseSector) for FLASH_EraseSector
    stmflash.o(i.STMFLASH_Write) refers to stm32f4xx_flash.o(i.FLASH_ProgramWord) for FLASH_ProgramWord
    stmflash.o(i.STMFLASH_Write) refers to stm32f4xx_flash.o(i.FLASH_Lock) for FLASH_Lock
    mulcast.o(i.McuInfoInit) refers to rt_memclr.o(.text) for __aeabi_memclr
[...]
    main                                     0x08007f91   Thumb Code    70  main.o(i.main)
    mem_free                                 0x08007ff5   Thumb Code    94  mem.o(i.mem_free)
    mem_init                                 0x08008065   Thumb Code    90  mem.o(i.mem_init)
    mem_malloc                               0x080080d5   Thumb Code   254  mem.o(i.mem_malloc)
    mem_trim                                 0x080081e5   Thumb Code   278  mem.o(i.mem_trim)
    memp_free                                0x0800830d   Thumb Code    50  memp.o(i.memp_free)
    memp_init                                0x08008345   Thumb Code    82  memp.o(i.memp_init)
    memp_malloc                              0x080083a9   Thumb Code    54  memp.o(i.memp_malloc)
    multicast_send_data                      0x080083e5   Thumb Code    58  mulcast.o(i.multicast_send_data)
    netif_add                                0x08008429   Thumb Code   120  netif.o(i.netif_add)
    netif_init                               0x080084a9   Thumb Code     2  netif.o(i.netif_init)
    netif_set_addr                           0x080084ab   Thumb Code    40  netif.o(i.netif_set_addr)
    netif_set_default                        0x080084d5   Thumb Code     6  netif.o(i.netif_set_default)
    netif_set_gw                             0x080084e1   Thumb Code    12  netif.o(i.netif_set_gw)
    netif_set_ipaddr                         0x080084ed   Thumb Code   110  netif.o(i.netif_set_ipaddr)
    netif_set_netmask                        0x08008565   Thumb Code    12  netif.o(i.netif_set_netmask)
    netif_set_up                             0x08008571   Thumb Code    70  netif.o(i.netif_set_up)
    pbuf_alloc                               0x080085b7   Thumb Code   402  pbuf.o(i.pbuf_alloc)
    pbuf_alloced_custom                      0x08008749   Thumb Code   108  pbuf.o(i.pbuf_alloced_custom)
    pbuf_cat                                 0x080087b5   Thumb Code    56  pbuf.o(i.pbuf_cat)
    pbuf_chain                               0x080087ed   Thumb Code    22  pbuf.o(i.pbuf_chain)
    pbuf_clen                                0x08008803   Thumb Code    18  pbuf.o(i.pbuf_clen)
    pbuf_copy                                0x08008815   Thumb Code   192  pbuf.o(i.pbuf_copy)
    pbuf_copy_partial                        0x080088d5   Thumb Code   146  pbuf.o(i.pbuf_copy_partial)
    pbuf_free                                0x08008967   Thumb Code   146  pbuf.o(i.pbuf_free)
    pbuf_header                              0x080089f9   Thumb Code   126  pbuf.o(i.pbuf_header)
    pbuf_realloc                             0x08008a77   Thumb Code   120  pbuf.o(i.pbuf_realloc)
    pbuf_ref                                 0x08008aef   Thumb Code    26  pbuf.o(i.pbuf_ref)
    raw_input                                0x08008b91   Thumb Code   102  raw.o(i.raw_input)
    relay_active                             0x08008c39   Thumb Code  1406  relay.o(i.relay_active)
    relay_clear                              0x080091d5   Thumb Code   646  relay.o(i.relay_clear)
    sys_arch_mbox_fetch                      0x08009481   Thumb Code   124  sys_arch_ucos3.o(i.sys_arch_mbox_fetch)
    sys_arch_protect                         0x08009501   Thumb Code    26  sys_arch_ucos3.o(i.sys_arch_protect)
    sys_arch_sem_wait                        0x08009521   Thumb Code    88  sys_arch_ucos3.o(i.sys_arch_sem_wait)
    sys_arch_unprotect                       0x08009579   Thumb Code    26  sys_arch_ucos3.o(i.sys_arch_unprotect)
    sys_init                                 0x08009599   Thumb Code    30  sys_arch_ucos3.o(i.sys_init)
    sys_mbox_new                             0x080095c5   Thumb Code    34  sys_arch_ucos3.o(i.sys_mbox_new)
    sys_mbox_trypost                         0x080095f5   Thumb Code    44  sys_arch_ucos3.o(i.sys_mbox_trypost)
    sys_mbox_valid                           0x08009625   Thumb Code    30  sys_arch_ucos3.o(i.sys_mbox_valid)
    sys_sem_new                              0x08009649   Thumb Code    34  sys_arch_ucos3.o(i.sys_sem_new)
    sys_sem_signal                           0x08009679   Thumb Code    18  sys_arch_ucos3.o(i.sys_sem_signal)
    sys_thread_new                           0x0800968d   Thumb Code   164  sys_arch_ucos3.o(i.sys_thread_new)
    sys_timeout                              0x0800973d   Thumb Code   152  timers.o(i.sys_timeout)
    sys_timeouts_init                        0x080097d9   Thumb Code    38  timers.o(i.sys_timeouts_init)
    sys_timeouts_mbox_fetch                  0x0800980d   Thumb Code   132  timers.o(i.sys_timeouts_mbox_fetch)
    sys_untimeout                            0x08009895   Thumb Code    90  timers.o(i.sys_untimeout)
    tcp_abandon                              0x080098f5   Thumb Code   136  tcp.o(i.tcp_abandon)
    tcp_abort                                0x08009989   Thumb Code    14  tcp.o(i.tcp_abort)
    tcp_alloc                                0x08009999   Thumb Code   172  tcp.o(i.tcp_alloc)
    tcp_close                                0x08009a55   Thumb Code    28  tcp.o(i.tcp_close)
    tcp_eff_send_mss                         0x08009ce5   Thumb Code    46  tcp.o(i.tcp_eff_send_mss)
    tcp_enqueue_flags                        0x08009d13   Thumb Code   272  tcp_out.o(i.tcp_enqueue_flags)
    tcp_fasttmr                              0x08009e25   Thumb Code   110  tcp.o(i.tcp_fasttmr)
    tcp_init                                 0x08009ea1   Thumb Code     2  tcp.o(i.tcp_init)
    tcp_input                                0x08009ea5   Thumb Code  1132  tcp_in.o(i.tcp_input)
    tcp_keepalive                            0x0800a321   Thumb Code    68  tcp_out.o(i.tcp_keepalive)
    tcp_next_iss                             0x0800a525   Thumb Code    20  tcp.o(i.tcp_next_iss)
    tcp_output                               0x0800a541   Thumb Code   444  tcp_out.o(i.tcp_output)
    tcp_pcb_purge                            0x0800a901   Thumb Code    64  tcp.o(i.tcp_pcb_purge)
    tcp_pcb_remove                           0x0800a941   Thumb Code   140  tcp.o(i.tcp_pcb_remove)
    tcp_process_refused_data                 0x0800af5d   Thumb Code   140  tcp.o(i.tcp_process_refused_data)
    tcp_recv_null                            0x0800b625   Thumb Code    46  tcp.o(i.tcp_recv_null)
    tcp_recved                               0x0800b653   Thumb Code    70  tcp.o(i.tcp_recved)
    tcp_rexmit                               0x0800b699   Thumb Code    90  tcp_out.o(i.tcp_rexmit)
    tcp_rexmit_fast                          0x0800b6f3   Thumb Code   112  tcp_out.o(i.tcp_rexmit_fast)
    tcp_rexmit_rto                           0x0800b763   Thumb Code    58  tcp_out.o(i.tcp_rexmit_rto)
    tcp_rst                                  0x0800b79d   Thumb Code   124  tcp_out.o(i.tcp_rst)
    tcp_seg_free                             0x0800b819   Thumb Code    26  tcp.o(i.tcp_seg_free)
    tcp_segs_free                            0x0800b833   Thumb Code    24  tcp.o(i.tcp_segs_free)
    tcp_send_empty_ack                       0x0800b84b   Thumb Code    78  tcp_out.o(i.tcp_send_empty_ack)
    tcp_send_fin                             0x0800b899   Thumb Code    74  tcp_out.o(i.tcp_send_fin)
    tcp_slowtmr                              0x0800b8e5   Thumb Code   786  tcp.o(i.tcp_slowtmr)
    tcp_timer_needed                         0x0800bc19   Thumb Code    38  timers.o(i.tcp_timer_needed)
    tcp_tmr                                  0x0800bcfd   Thumb Code    30  tcp.o(i.tcp_tmr)
    tcp_update_rcv_ann_wnd                   0x0800bd21   Thumb Code    78  tcp.o(i.tcp_update_rcv_ann_wnd)
    tcp_zero_window_probe                    0x0800bd6f   Thumb Code   164  tcp_out.o(i.tcp_zero_window_probe)
    tcpip_init                               0x0800be15   Thumb Code    50  tcpip.o(i.tcpip_init)
    tcpip_input                              0x0800be69   Thumb Code    72  tcpip.o(i.tcpip_input)
    udp_bind                                 0x0800bfb5   Thumb Code   122  udp.o(i.udp_bind)
    udp_echoserver_receive_callback          0x0800c035   Thumb Code   922  udpecho.o(i.udp_echoserver_receive_callback)
    udp_init                                 0x0800c3d9   Thumb Code     2  udp.o(i.udp_init)
    udp_input                                0x0800c3dd   Thumb Code   386  udp.o(i.udp_input)
    udp_new                                  0x0800c56d   Thumb Code    28  udp.o(i.udp_new)
    udp_recv                                 0x0800c5e1   Thumb Code     6  udp.o(i.udp_recv)
    udp_remove                               0x0800c5e9   Thumb Code    60  udp.o(i.udp_remove)
    udp_sendto                               0x0800c629   Thumb Code    64  udp.o(i.udp_sendto)
    udp_sendto_if                            0x0800c669   Thumb Code   234  udp.o(i.udp_sendto_if)
    udpecho_init                             0x0800c755   Thumb Code    68  udpecho.o(i.udpecho_init)
    __aeabi_d2f                              0x0800c7a9   Thumb Code     0  d2f.o(x$fpl$d2f)
    _d2f                                     0x0800c7a9   Thumb Code    98  d2f.o(x$fpl$d2f)
    __aeabi_dadd                             0x0800c80d   Thumb Code     0  daddsub_clz.o(x$fpl$dadd)
    _dadd                                    0x0800c80d   Thumb Code   332  daddsub_clz.o(x$fpl$dadd)
    __aeabi_ddiv                             0x0800c95d   Thumb Code     0  ddiv.o(x$fpl$ddiv)
    _ddiv                                    0x0800c95d   Thumb Code   552  ddiv.o(x$fpl$ddiv)
    __aeabi_dmul                             0x0800cc0d   Thumb Code     0  dmul.o(x$fpl$dmul)
    _dmul                                    0x0800cc0d   Thumb Code   332  dmul.o(x$fpl$dmul)
    __fpl_dnaninf                            0x0800cd61   Thumb Code   156  dnaninf.o(x$fpl$dnaninf)
    __fpl_dretinf                            0x0800cdfd   Thumb Code    12  dretinf.o(x$fpl$dretinf)
    __aeabi_dsub                             0x0800ce09   Thumb Code     0  daddsub_clz.o(x$fpl$dsub)
    _dsub                                    0x0800ce09   Thumb Code   464  daddsub_clz.o(x$fpl$dsub)
    __aeabi_f2d                              0x0800cfdd   Thumb Code     0  f2d.o(x$fpl$f2d)
    _f2d                                     0x0800cfdd   Thumb Code    86  f2d.o(x$fpl$f2d)
    __fpl_fnaninf                            0x0800d033   Thumb Code   140  fnaninf.o(x$fpl$fnaninf)
    _fp_init                                 0x0800d0bf   Thumb Code    10  fpinit.o(x$fpl$fpinit)
    __fplib_config_fpu_vfp                   0x0800d0c7   Thumb Code     0  fpinit.o(x$fpl$fpinit)
    __fplib_config_pureend_doubles           0x0800d0c7   Thumb Code     0  fpinit.o(x$fpl$fpinit)
    __fpl_fretinf                            0x0800d0c9   Thumb Code    10  fretinf.o(x$fpl$fretinf)
    __I$use$fp                               0x0800d0d2   Number         0  usenofp.o(x$fpl$usenofp)
    OSCfg_IdleTaskStkBasePtr                 0x0800d0d4   Data           4  os_cfg_app.o(.constdata)
    OSCfg_IdleTaskStkLimit                   0x0800d0d8   Data           4  os_cfg_app.o(.constdata)
    OSCfg_IdleTaskStkSize                    0x0800d0dc   Data           4  os_cfg_app.o(.constdata)
    OSCfg_IdleTaskStkSizeRAM                 0x0800d0e0   Data           4  os_cfg_app.o(.constdata)
    OSCfg_IntQBasePtr                        0x0800d0e4   Data           4  os_cfg_app.o(.constdata)
    OSCfg_IntQSize                           0x0800d0e8   Data           2  os_cfg_app.o(.constdata)
    OSCfg_IntQSizeRAM                        0x0800d0ec   Data           4  os_cfg_app.o(.constdata)
    OSCfg_IntQTaskStkBasePtr                 0x0800d0f0   Data           4  os_cfg_app.o(.constdata)
    OSCfg_IntQTaskStkLimit                   0x0800d0f4   Data           4  os_cfg_app.o(.constdata)
    OSCfg_IntQTaskStkSize                    0x0800d0f8   Data           4  os_cfg_app.o(.constdata)
    OSCfg_IntQTaskStkSizeRAM                 0x0800d0fc   Data           4  os_cfg_app.o(.constdata)
    OSCfg_ISRStkBasePtr                      0x0800d100   Data           4  os_cfg_app.o(.constdata)
    OSCfg_ISRStkSize                         0x0800d104   Data           4  os_cfg_app.o(.constdata)
    OSCfg_ISRStkSizeRAM                      0x0800d108   Data           4  os_cfg_app.o(.constdata)
    OSCfg_MsgPoolSize                        0x0800d10c   Data           2  os_cfg_app.o(.constdata)
    OSCfg_MsgPoolSizeRAM                     0x0800d110   Data           4  os_cfg_app.o(.constdata)
    OSCfg_MsgPoolBasePtr                     0x0800d114   Data           4  os_cfg_app.o(.constdata)
    OSCfg_StatTaskPrio                       0x0800d118   Data           1  os_cfg_app.o(.constdata)
    OSCfg_StatTaskRate_Hz                    0x0800d11c   Data           4  os_cfg_app.o(.constdata)
    OSCfg_StatTaskStkBasePtr                 0x0800d120   Data           4  os_cfg_app.o(.constdata)
    OSCfg_StatTaskStkLimit                   0x0800d124   Data           4  os_cfg_app.o(.constdata)
    OSCfg_StatTaskStkSize                    0x0800d128   Data           4  os_cfg_app.o(.constdata)
    OSCfg_StatTaskStkSizeRAM                 0x0800d12c   Data           4  os_cfg_app.o(.constdata)
    OSCfg_StkSizeMin                         0x0800d130   Data           4  os_cfg_app.o(.constdata)
    OSCfg_TickRate_Hz                        0x0800d134   Data           4  os_cfg_app.o(.constdata)
    OSCfg_TickTaskPrio                       0x0800d138   Data           1  os_cfg_app.o(.constdata)
    OSCfg_TickTaskStkBasePtr                 0x0800d13c   Data           4  os_cfg_app.o(.constdata)
    OSCfg_TickTaskStkLimit                   0x0800d140   Data           4  os_cfg_app.o(.constdata)
    OSCfg_TickTaskStkSize                    0x0800d144   Data           4  os_cfg_app.o(.constdata)
    OSCfg_TickTaskStkSizeRAM                 0x0800d148   Data           4  os_cfg_app.o(.constdata)
    OSCfg_TmrTaskPrio                        0x0800d14c   Data           1  os_cfg_app.o(.constdata)
    OSCfg_TmrTaskRate_Hz                     0x0800d150   Data           4  os_cfg_app.o(.constdata)
    OSCfg_TmrTaskStkBasePtr                  0x0800d154   Data           4  os_cfg_app.o(.constdata)
    OSCfg_TmrTaskStkLimit                    0x0800d158   Data           4  os_cfg_app.o(.constdata)
    OSCfg_TmrTaskStkSize                     0x0800d15c   Data           4  os_cfg_app.o(.constdata)
    OSCfg_TmrTaskStkSizeRAM                  0x0800d160   Data           4  os_cfg_app.o(.constdata)
    OSCfg_DataSizeRAM                        0x0800d164   Data           4  os_cfg_app.o(.constdata)
    OSDbg_DbgEn                              0x0800d168   Data           1  os_dbg.o(.constdata)
    OSDbg_ArgChkEn                           0x0800d169   Data           1  os_dbg.o(.constdata)
    OSDbg_AppHooksEn                         0x0800d16a   Data           1  os_dbg.o(.constdata)
    OSDbg_EndiannessTest                     0x0800d16c   Data           4  os_dbg.o(.constdata)
    OSDbg_CalledFromISRChkEn                 0x0800d170   Data           1  os_dbg.o(.constdata)
    OSDbg_FlagEn                             0x0800d171   Data           1  os_dbg.o(.constdata)
    OSDbg_FlagGrp                            0x0800d174   Data          40  os_dbg.o(.constdata)
    OSDbg_FlagDelEn                          0x0800d19c   Data           1  os_dbg.o(.constdata)
    OSDbg_FlagModeClrEn                      0x0800d19d   Data           1  os_dbg.o(.constdata)
    OSDbg_FlagPendAbortEn                    0x0800d19e   Data           1  os_dbg.o(.constdata)
    OSDbg_FlagGrpSize                        0x0800d1a0   Data           2  os_dbg.o(.constdata)
    OSDbg_FlagWidth                          0x0800d1a2   Data           2  os_dbg.o(.constdata)
    OSDbg_IntQ                               0x0800d1a4   Data           2  os_dbg.o(.constdata)
    OSDbg_ISRPostDeferredEn                  0x0800d1a6   Data           1  os_dbg.o(.constdata)
    OSDbg_Mem                                0x0800d1a8   Data          32  os_dbg.o(.constdata)
    OSDbg_MemEn                              0x0800d1c8   Data           1  os_dbg.o(.constdata)
    OSDbg_MemSize                            0x0800d1ca   Data           2  os_dbg.o(.constdata)
    OSDbg_MsgEn                              0x0800d1cc   Data           1  os_dbg.o(.constdata)
    OSDbg_MsgSize                            0x0800d1ce   Data           2  os_dbg.o(.constdata)
    OSDbg_MsgPoolSize                        0x0800d1d0   Data           2  os_dbg.o(.constdata)
    OSDbg_MsgQSize                           0x0800d1d2   Data           2  os_dbg.o(.constdata)
    OSDbg_Mutex                              0x0800d1d4   Data          48  os_dbg.o(.constdata)
    OSDbg_MutexEn                            0x0800d204   Data           1  os_dbg.o(.constdata)
    OSDbg_MutexDelEn                         0x0800d205   Data           1  os_dbg.o(.constdata)
    OSDbg_MutexPendAbortEn                   0x0800d206   Data           1  os_dbg.o(.constdata)
    OSDbg_MutexSize                          0x0800d208   Data           2  os_dbg.o(.constdata)
    OSDbg_ObjTypeChkEn                       0x0800d20a   Data           1  os_dbg.o(.constdata)
    OSDbg_PendMultiEn                        0x0800d20b   Data           1  os_dbg.o(.constdata)
    OSDbg_PendDataSize                       0x0800d20c   Data           2  os_dbg.o(.constdata)
    OSDbg_PendListSize                       0x0800d20e   Data           2  os_dbg.o(.constdata)
    OSDbg_PendObjSize                        0x0800d210   Data           2  os_dbg.o(.constdata)
    OSDbg_PrioMax                            0x0800d212   Data           2  os_dbg.o(.constdata)
    OSDbg_PrioTblSize                        0x0800d214   Data           2  os_dbg.o(.constdata)
    OSDbg_PtrSize                            0x0800d216   Data           2  os_dbg.o(.constdata)
    OSDbg_Q                                  0x0800d218   Data          48  os_dbg.o(.constdata)
    OSDbg_QEn                                0x0800d248   Data           1  os_dbg.o(.constdata)
    OSDbg_QDelEn                             0x0800d249   Data           1  os_dbg.o(.constdata)
    OSDbg_QFlushEn                           0x0800d24a   Data           1  os_dbg.o(.constdata)
    OSDbg_QPendAbortEn                       0x0800d24b   Data           1  os_dbg.o(.constdata)
    OSDbg_QSize                              0x0800d24c   Data           2  os_dbg.o(.constdata)
    OSDbg_SchedRoundRobinEn                  0x0800d24e   Data           1  os_dbg.o(.constdata)
    OSDbg_Sem                                0x0800d250   Data          40  os_dbg.o(.constdata)
    OSDbg_SemEn                              0x0800d278   Data           1  os_dbg.o(.constdata)
    OSDbg_SemDelEn                           0x0800d279   Data           1  os_dbg.o(.constdata)
    OSDbg_SemPendAbortEn                     0x0800d27a   Data           1  os_dbg.o(.constdata)
    OSDbg_SemSetEn                           0x0800d27b   Data           1  os_dbg.o(.constdata)
    OSDbg_SemSize                            0x0800d27c   Data           2  os_dbg.o(.constdata)
    OSDbg_RdyList                            0x0800d27e   Data           2  os_dbg.o(.constdata)
    OSDbg_RdyListSize                        0x0800d280   Data           4  os_dbg.o(.constdata)
    OSDbg_StkWidth                           0x0800d284   Data           1  os_dbg.o(.constdata)
    OSDbg_StatTaskEn                         0x0800d285   Data           1  os_dbg.o(.constdata)
    OSDbg_StatTaskStkChkEn                   0x0800d286   Data           1  os_dbg.o(.constdata)
    OSDbg_TaskChangePrioEn                   0x0800d287   Data           1  os_dbg.o(.constdata)
    OSDbg_TaskDelEn                          0x0800d288   Data           1  os_dbg.o(.constdata)
    OSDbg_TaskQEn                            0x0800d289   Data           1  os_dbg.o(.constdata)
    OSDbg_TaskQPendAbortEn                   0x0800d28a   Data           1  os_dbg.o(.constdata)
    OSDbg_TaskProfileEn                      0x0800d28b   Data           1  os_dbg.o(.constdata)
    OSDbg_TaskRegTblSize                     0x0800d28c   Data           2  os_dbg.o(.constdata)
    OSDbg_TaskSemPendAbortEn                 0x0800d28e   Data           1  os_dbg.o(.constdata)
    OSDbg_TaskSuspendEn                      0x0800d28f   Data           1  os_dbg.o(.constdata)
    OSDbg_TCBSize                            0x0800d290   Data           2  os_dbg.o(.constdata)
    OSDbg_TickListSize                       0x0800d292   Data           2  os_dbg.o(.constdata)
    OSDbg_TimeDlyHMSMEn                      0x0800d294   Data           1  os_dbg.o(.constdata)
    OSDbg_TimeDlyResumeEn                    0x0800d295   Data           1  os_dbg.o(.constdata)
    OSDbg_TLS_TblSize                        0x0800d296   Data           2  os_dbg.o(.constdata)
    OSDbg_Tmr                                0x0800d298   Data          48  os_dbg.o(.constdata)
    OSDbg_TmrEn                              0x0800d2c8   Data           1  os_dbg.o(.constdata)
    OSDbg_TmrDelEn                           0x0800d2c9   Data           1  os_dbg.o(.constdata)
    OSDbg_TmrSize                            0x0800d2ca   Data           2  os_dbg.o(.constdata)
    OSDbg_VersionNbr                         0x0800d2cc   Data           2  os_dbg.o(.constdata)
    OSDbg_DataSize                           0x0800d2d0   Data           4  os_dbg.o(.constdata)
    tcp_state_str                            0x0800d310   Data          44  tcp.o(.constdata)
    tcp_backoff                              0x0800d33c   Data          13  tcp.o(.constdata)
    tcp_persist_backoff                      0x0800d349   Data           7  tcp.o(.constdata)
    tcp_pcb_lists                            0x0800d350   Data          16  tcp.o(.constdata)
    ip_addr_any                              0x0800d360   Data           4  ip_addr.o(.constdata)
    ip_addr_broadcast                        0x0800d364   Data           4  ip_addr.o(.constdata)
    ethbroadcast                             0x0800d368   Data           6  etharp.o(.constdata)
    ethzero                                  0x0800d36e   Data           6  etharp.o(.constdata)
    pvNullPointer                            0x0800d374   Data           4  sys_arch_ucos3.o(.constdata)
    Region$$Table$$Base                      0x0800d3f0   Number         0  anon$$obj.o(Region$$Table)
    Region$$Table$$Limit                     0x0800d410   Number         0  anon$$obj.o(Region$$Table)
    g_udpinited                              0x20000000   Data           1  main.o(.data)
    g_IpAllModified                          0x20000001   Data           1  main.o(.data)
    mcu_idAddr                               0x20000004   Data          40  comm.o(.data)
    g_macid                                  0x2000002c   Data           6  comm.o(.data)
    udp_server_multi_pcb                     0x20000034   Data           4  mulcast.o(.data)
    ipgroup_rev                              0x20000038   Data           4  mulcast.o(.data)
    ipgroup_send                             0x2000003c   Data           4  mulcast.o(.data)
    lwip_demo_buf_len                        0x20000040   Data           2  mulcast.o(.data)
    TempretureCheckFlag                      0x20000044   Data           1  temperatue.o(.data)
    TempAtPa0                                0x20000048   Data           4  temperatue.o(.data)
    TempAtPf8                                0x2000004c   Data           4  temperatue.o(.data)
    TempAtPf9                                0x20000050   Data           4  temperatue.o(.data)
    TempAtPf10                               0x20000054   Data           4  temperatue.o(.data)
    Rt                                       0x20000058   Data           4  temperatue.o(.data)
    nuiTempTab                               0x2000005c   Data         964  temperatue.o(.data)
    trueTempTab                              0x20000420   Data         964  temperatue.o(.data)
    AD_V1G                                   0x200007e4   Data           4  adc.o(.data)
    AD_V12                                   0x200007e8   Data           4  adc.o(.data)
    AD_V34                                   0x200007ec   Data           4  adc.o(.data)
    AD_V56                                   0x200007f0   Data           4  adc.o(.data)
    AD_HALL                                  0x200007f4   Data           4  adc.o(.data)
    g_OcOverLimit                            0x200007f8   Data           1  adc.o(.data)
    CPU_TS_TmrFreq_Hz                        0x2000080c   Data           4  cpu_core.o(.data)
    CPU_IntDisMeasCtr                        0x20000810   Data           2  cpu_core.o(.data)
    CPU_IntDisNestCtr                        0x20000812   Data           2  cpu_core.o(.data)
    CPU_IntDisMeasStart_cnts                 0x20000814   Data           4  cpu_core.o(.data)
    CPU_IntDisMeasStop_cnts                  0x20000818   Data           4  cpu_core.o(.data)
    CPU_IntDisMeasOvrhd_cnts                 0x2000081c   Data           4  cpu_core.o(.data)
    CPU_IntDisMeasMaxCur_cnts                0x20000820   Data           4  cpu_core.o(.data)
    CPU_IntDisMeasMax_cnts                   0x20000824   Data           4  cpu_core.o(.data)
    Mem_SegHeadPtr                           0x20000828   Data           4  lib_mem.o(.data)
    OSPrioTbl                                0x2000082c   Data           4  os_prio.o(.data)
    OS_AppTaskCreateHookPtr                  0x20000830   Data           4  os_var.o(.data)
    OS_AppTaskDelHookPtr                     0x20000834   Data           4  os_var.o(.data)
    OS_AppTaskReturnHookPtr                  0x20000838   Data           4  os_var.o(.data)
    OS_AppIdleTaskHookPtr                    0x2000083c   Data           4  os_var.o(.data)
    OS_AppStatTaskHookPtr                    0x20000840   Data           4  os_var.o(.data)
    OS_AppTaskSwHookPtr                      0x20000844   Data           4  os_var.o(.data)
    OS_AppTimeTickHookPtr                    0x20000848   Data           4  os_var.o(.data)
    OSIdleTaskCtr                            0x2000084c   Data           4  os_var.o(.data)
    OSIntNestingCtr                          0x20000850   Data           1  os_var.o(.data)
    OSIntDisTimeMax                          0x20000854   Data           4  os_var.o(.data)
    OSRunning                                0x20000858   Data           1  os_var.o(.data)
    OSFlagDbgListPtr                         0x2000085c   Data           4  os_var.o(.data)
    OSFlagQty                                0x20000860   Data           2  os_var.o(.data)
    OSMemDbgListPtr                          0x20000864   Data           4  os_var.o(.data)
    OSMemQty                                 0x20000868   Data           2  os_var.o(.data)
    OSMutexDbgListPtr                        0x2000086c   Data           4  os_var.o(.data)
    OSMutexQty                               0x20000870   Data           2  os_var.o(.data)
    OSPrioCur                                0x20000872   Data           1  os_var.o(.data)
    OSPrioHighRdy                            0x20000873   Data           1  os_var.o(.data)
    OSPrioSaved                              0x20000874   Data           1  os_var.o(.data)
    OSQDbgListPtr                            0x20000878   Data           4  os_var.o(.data)
    OSQQty                                   0x2000087c   Data           2  os_var.o(.data)
    OSSchedLockNestingCtr                    0x2000087e   Data           1  os_var.o(.data)
    OSSemDbgListPtr                          0x20000880   Data           4  os_var.o(.data)
    OSSemQty                                 0x20000884   Data           2  os_var.o(.data)
    OSStatResetFlag                          0x20000886   Data           1  os_var.o(.data)
    OSStatTaskCPUUsage                       0x20000888   Data           2  os_var.o(.data)
    OSStatTaskCPUUsageMax                    0x2000088a   Data           2  os_var.o(.data)
    OSStatTaskCtr                            0x2000088c   Data           4  os_var.o(.data)
    OSStatTaskCtrMax                         0x20000890   Data           4  os_var.o(.data)
    OSStatTaskCtrRun                         0x20000894   Data           4  os_var.o(.data)
    OSStatTaskRdy                            0x20000898   Data           1  os_var.o(.data)
    OSStatTaskTimeMax                        0x2000089c   Data           4  os_var.o(.data)
    OSTaskCtxSwCtr                           0x200008a0   Data           4  os_var.o(.data)
    OSTaskDbgListPtr                         0x200008a4   Data           4  os_var.o(.data)
    OSTaskQty                                0x200008a8   Data           2  os_var.o(.data)
    OSTaskRegNextAvailID                     0x200008aa   Data           1  os_var.o(.data)
    OSTickCtr                                0x200008ac   Data           4  os_var.o(.data)
    OSTickTaskTimeMax                        0x200008b0   Data           4  os_var.o(.data)
    OSTickListDly                            0x200008b4   Data           8  os_var.o(.data)
    OSTickListTimeout                        0x200008bc   Data           8  os_var.o(.data)
    OSTmrDbgListPtr                          0x200008c4   Data           4  os_var.o(.data)
    OSTmrListEntries                         0x200008c8   Data           2  os_var.o(.data)
    OSTmrListPtr                             0x200008cc   Data           4  os_var.o(.data)
    OSTmrQty                                 0x200008d0   Data           2  os_var.o(.data)
    OSTmrTaskTimeMax                         0x200008d4   Data           4  os_var.o(.data)
    OSTmrTickCtr                             0x200008d8   Data           4  os_var.o(.data)
    OSTmrUpdateCnt                           0x200008dc   Data           4  os_var.o(.data)
    OSTmrUpdateCtr                           0x200008e0   Data           4  os_var.o(.data)
    OSTCBCurPtr                              0x200008e4   Data           4  os_var.o(.data)
    OSTCBHighRdyPtr                          0x200008e8   Data           4  os_var.o(.data)
    OS_CPU_ExceptStkBase                     0x200008ec   Data           4  os_cpu_c.o(.data)
    udp_pcbs                                 0x200008fc   Data           4  udp.o(.data)
    netif_list                               0x2000090c   Data           4  netif.o(.data)
    netif_default                            0x20000910   Data           4  netif.o(.data)
    tcp_ticks                                0x20000920   Data           4  tcp.o(.data)
    tcp_bound_pcbs                           0x20000924   Data           4  tcp.o(.data)
    tcp_listen_pcbs                          0x20000928   Data           4  tcp.o(.data)
    tcp_active_pcbs                          0x2000092c   Data           4  tcp.o(.data)
    tcp_tw_pcbs                              0x20000930   Data           4  tcp.o(.data)
    tcp_tmp_pcb                              0x20000934   Data           4  tcp.o(.data)
    tcp_active_pcbs_changed                  0x20000938   Data           1  tcp.o(.data)
    tcp_input_pcb                            0x2000095c   Data           4  tcp_in.o(.data)
    current_netif                            0x20000974   Data           4  ip.o(.data)
    current_header                           0x20000978   Data           4  ip.o(.data)
    current_iphdr_src                        0x2000097c   Data           4  ip.o(.data)
    current_iphdr_dest                       0x20000980   Data           4  ip.o(.data)
    LwIP_Task_Count                          0x20000990   Data           1  sys_arch_ucos3.o(.data)
    IP_ADDR0_m                               0x20000998   Data           1  netconf.o(.data)
    IP_ADDR1_m                               0x20000999   Data           1  netconf.o(.data)
    IP_ADDR2_m                               0x2000099a   Data           1  netconf.o(.data)
    IP_ADDR3_m                               0x2000099b   Data           1  netconf.o(.data)
    NETMASK_ADDR0_m                          0x2000099c   Data           1  netconf.o(.data)
    NETMASK_ADDR1_m                          0x2000099d   Data           1  netconf.o(.data)
    NETMASK_ADDR2_m                          0x2000099e   Data           1  netconf.o(.data)
    NETMASK_ADDR3_m                          0x2000099f   Data           1  netconf.o(.data)
    GW_ADDR0_m                               0x200009a0   Data           1  netconf.o(.data)
    GW_ADDR1_m                               0x200009a1   Data           1  netconf.o(.data)
    GW_ADDR2_m                               0x200009a2   Data           1  netconf.o(.data)
    GW_ADDR3_m                               0x200009a3   Data           1  netconf.o(.data)
    TCPTimer                                 0x200009a4   Data           4  netconf.o(.data)
    ARPTimer                                 0x200009a8   Data           4  netconf.o(.data)
    IPaddress                                0x200009ac   Data           4  netconf.o(.data)
    DMATxDescToSet                           0x200009b0   Data           4  user_stm32f4x7_eth.o(.data)
    DMARxDescToGet                           0x200009b4   Data           4  user_stm32f4x7_eth.o(.data)
    DMA_RX_FRAME_infos                       0x200009b8   Data           4  user_stm32f4x7_eth.o(.data)
    Frame_Rx_index                           0x200009bc   Data           4  user_stm32f4x7_eth.o(.data)
    LOCAL_UDPPORT_m                          0x200009c0   Data           2  udpecho.o(.data)
    g_MCUinfo                                0x200054d4   Data         104  mulcast.o(.bss)
    ToHostQuery                              0x2000553c   Data          20  adc.o(.bss)
    CPU_Name                                 0x20005550   Data          16  cpu_core.o(.bss)
    Mem_Heap                                 0x20005560   Data        1024  lib_mem.o(.bss)
    Mem_SegHeap                              0x20005960   Data          20  lib_mem.o(.bss)
    OSCfg_IdleTaskStk                        0x20005974   Data         512  os_cfg_app.o(.bss)
    OSCfg_ISRStk                             0x20005b74   Data         400  os_cfg_app.o(.bss)
    OSCfg_MsgPool                            0x20005d04   Data        1600  os_cfg_app.o(.bss)
    OSCfg_StatTaskStk                        0x20006344   Data         400  os_cfg_app.o(.bss)
    OSCfg_TickTaskStk                        0x200064d4   Data         512  os_cfg_app.o(.bss)
    OSCfg_TmrTaskStk                         0x200066d4   Data         512  os_cfg_app.o(.bss)
    OSIdleTaskTCB                            0x200068d4   Data         192  os_var.o(.bss)
    OSMsgPool                                0x20006994   Data          12  os_var.o(.bss)
    OSRdyList                                0x200069a0   Data         384  os_var.o(.bss)
    OSStatTaskTCB                            0x20006b20   Data         192  os_var.o(.bss)
    OSTickTaskTCB                            0x20006be0   Data         192  os_var.o(.bss)
    OSTmrMutex                               0x20006ca0   Data          48  os_var.o(.bss)
    OSTmrTaskTCB                             0x20006cd0   Data         192  os_var.o(.bss)
    ram_heap                                 0x20006dc0   Data       10260  mem.o(.bss)
    LwIP_Task_Stk                            0x2000d5d4   Data       16384  sys_arch_ucos3.o(.bss)
    LwIP_Task_TCB                            0x200115d4   Data         768  sys_arch_ucos3.o(.bss)
    gnetif                                   0x200118d4   Data          56  netconf.o(.bss)
    DMARxDscrTab                             0x2001190c   Data         480  user_stm32f4x7_eth.o(.bss)
    DMATxDscrTab                             0x20011aec   Data         480  user_stm32f4x7_eth.o(.bss)
    Rx_Buff                                  0x20011ccc   Data       22860  user_stm32f4x7_eth.o(.bss)
    Tx_Buff                                  0x20017618   Data       22860  user_stm32f4x7_eth.o(.bss)
    RX_Frame_Descriptor                      0x2001cf64   Data          12  user_stm32f4x7_eth.o(.bss)
    relay1_84                                0x2001cf70   Data          11  udpecho.o(.bss)
    __libspace_start                         0x2001cf7c   Data          96  libspace.o(.bss)
    __temporary_stack_top$libspace           0x2001cfdc   Data           0  libspace.o(.bss)



==============================================================================

Memory Map of the image

  Image Entry point : 0x08000189

  Load Region LR_IROM1 (Base: 0x08000000, Size: 0x0000dde4, Max: 0x00100000, ABSOLUTE, COMPRESSED[0x0000d9d8])

    Execution Region ER_IROM1 (Base: 0x08000000, Size: 0x0000d410, Max: 0x00100000, ABSOLUTE)

    Base Addr    Size         Type   Attr      Idx    E Section Name        Object

    0x08000000   0x00000188   Data   RO          745    RESET               startup_stm32f40xx.o
    0x08000188   0x00000008   Code   RO         7382  * !!!main             c_w.l(__main.o)
    0x08000190   0x00000034   Code   RO         7577    !!!scatter          c_w.l(__scatter.o)
    0x080001c4   0x0000005a   Code   RO         7575    !!dczerorl2         c_w.l(__dczerorl2.o)
    0x0800021e   0x00000002   PAD
    0x08000220   0x0000001c   Code   RO         7579    !!handler_zi        c_w.l(__scatter_zi.o)
    0x0800023c   0x00000002   Code   RO         7446    .ARM.Collect$$libinit$$00000000  c_w.l(libinit.o)
    0x0800023e   0x00000004   Code   RO         7458    .ARM.Collect$$libinit$$00000001  c_w.l(libinit2.o)
    0x08000242   0x00000000   Code   RO         7461    .ARM.Collect$$libinit$$00000004  c_w.l(libinit2.o)
    0x08000242   0x00000000   Code   RO         7464    .ARM.Collect$$libinit$$0000000A  c_w.l(libinit2.o)
    0x08000242   0x00000000   Code   RO         7466    .ARM.Collect$$libinit$$0000000C  c_w.l(libinit2.o)
    0x08000242   0x00000000   Code   RO         7468    .ARM.Collect$$libinit$$0000000E  c_w.l(libinit2.o)
    0x08000242   0x00000000   Code   RO         7471    .ARM.Collect$$libinit$$00000011  c_w.l(libinit2.o)
    0x08000242   0x00000000   Code   RO         7473    .ARM.Collect$$libinit$$00000013  c_w.l(libinit2.o)
    0x08000242   0x00000000   Code   RO         7475    .ARM.Collect$$libinit$$00000015  c_w.l(libinit2.o)
    0x08000242   0x00000000   Code   RO         7477    .ARM.Collect$$libinit$$00000017  c_w.l(libinit2.o)
    0x08000242   0x00000000   Code   RO         7479    .ARM.Collect$$libinit$$00000019  c_w.l(libinit2.o)
    0x08000242   0x00000000   Code   RO         7481    .ARM.Collect$$libinit$$0000001B  c_w.l(libinit2.o)
    0x08000242   0x00000000   Code   RO         7483    .ARM.Collect$$libinit$$0000001D  c_w.l(libinit2.o)
    0x08000242   0x00000000   Code   RO         7485    .ARM.Collect$$libinit$$0000001F  c_w.l(libinit2.o)
    0x08000242   0x00000000   Code   RO         7487    .ARM.Collect$$libinit$$00000021  c_w.l(libinit2.o)
    0x08000242   0x00000000   Code   RO         7489    .ARM.Collect$$libinit$$00000023  c_w.l(libinit2.o)
    0x08000242   0x00000000   Code   RO         7491    .ARM.Collect$$libinit$$00000025  c_w.l(libinit2.o)
    0x08000242   0x00000000   Code   RO         7495    .ARM.Collect$$libinit$$0000002C  c_w.l(libinit2.o)
    0x08000242   0x00000000   Code   RO         7497    .ARM.Collect$$libinit$$0000002E  c_w.l(libinit2.o)
    0x08000242   0x00000000   Code   RO         7499    .ARM.Collect$$libinit$$00000030  c_w.l(libinit2.o)
    0x08000242   0x00000000   Code   RO         7501    .ARM.Collect$$libinit$$00000032  c_w.l(libinit2.o)
    0x08000242   0x00000002   Code   RO         7502    .ARM.Collect$$libinit$$00000033  c_w.l(libinit2.o)
    0x08000244   0x00000002   Code   RO         7533    .ARM.Collect$$libshutdown$$00000000  c_w.l(libshutdown.o)
    0x08000246   0x00000000   Code   RO         7560    .ARM.Collect$$libshutdown$$00000003  c_w.l(libshutdown2.o)
    0x08000246   0x00000000   Code   RO         7563    .ARM.Collect$$libshutdown$$00000006  c_w.l(libshutdown2.o)
    0x08000246   0x00000000   Code   RO         7566    .ARM.Collect$$libshutdown$$00000009  c_w.l(libshutdown2.o)
    0x08000246   0x00000000   Code   RO         7568    .ARM.Collect$$libshutdown$$0000000B  c_w.l(libshutdown2.o)
    0x08000246   0x00000000   Code   RO         7571    .ARM.Collect$$libshutdown$$0000000E  c_w.l(libshutdown2.o)
    0x08000246   0x00000002   Code   RO         7572    .ARM.Collect$$libshutdown$$0000000F  c_w.l(libshutdown2.o)
    0x08000248   0x00000000   Code   RO         7400    .ARM.Collect$$rtentry$$00000000  c_w.l(__rtentry.o)
    0x08000248   0x00000000   Code   RO         7417    .ARM.Collect$$rtentry$$00000002  c_w.l(__rtentry2.o)
    0x08000248   0x00000006   Code   RO         7429    .ARM.Collect$$rtentry$$00000004  c_w.l(__rtentry4.o)
    0x0800024e   0x00000000   Code   RO         7419    .ARM.Collect$$rtentry$$00000009  c_w.l(__rtentry2.o)
    0x0800024e   0x00000004   Code   RO         7420    .ARM.Collect$$rtentry$$0000000A  c_w.l(__rtentry2.o)
    0x08000252   0x00000000   Code   RO         7422    .ARM.Collect$$rtentry$$0000000C  c_w.l(__rtentry2.o)
    0x08000252   0x00000008   Code   RO         7423    .ARM.Collect$$rtentry$$0000000D  c_w.l(__rtentry2.o)
    0x0800025a   0x00000002   Code   RO         7450    .ARM.Collect$$rtexit$$00000000  c_w.l(rtexit.o)
    0x0800025c   0x00000000   Code   RO         7506    .ARM.Collect$$rtexit$$00000002  c_w.l(rtexit2.o)
    0x0800025c   0x00000004   Code   RO         7507    .ARM.Collect$$rtexit$$00000003  c_w.l(rtexit2.o)
    0x08000260   0x00000006   Code   RO         7508    .ARM.Collect$$rtexit$$00000004  c_w.l(rtexit2.o)
    0x08000266   0x00000002   PAD
    0x08000268   0x00000040   Code   RO          746    .text               startup_stm32f40xx.o
    0x080002a8   0x00000034   Code   RO         2636    .text               cpu_a.o
    0x080002dc   0x00000058   Code   RO         7364    .text               c_w.l(memcmp.o)
    0x08000334   0x00000048   Code   RO         7366    .text               c_w.l(strcpy.o)
    0x0800037c   0x0000008a   Code   RO         7370    .text               c_w.l(rt_memcpy_v6.o)
    0x08000406   0x00000010   Code   RO         7372    .text               c_w.l(aeabi_memset.o)
    0x08000416   0x00000044   Code   RO         7374    .text               c_w.l(rt_memclr.o)
    0x0800045a   0x0000004e   Code   RO         7376    .text               c_w.l(rt_memclr_w.o)
    0x080004a8   0x00000080   Code   RO         7378    .text               c_w.l(strcmpv7m.o)
    0x08000528   0x00000006   Code   RO         7380    .text               c_w.l(heapauxi.o)
    0x0800052e   0x00000064   Code   RO         7405    .text               c_w.l(rt_memcpy_w.o)
    0x08000592   0x0000004a   Code   RO         7433    .text               c_w.l(sys_stackheap_outer.o)
    0x080005dc   0x0000000c   Code   RO         7435    .text               c_w.l(exit.o)
    0x080005e8   0x00000008   Code   RO         7447    .text               c_w.l(libspace.o)
    0x080005f0   0x0000000c   Code   RO         7503    .text               c_w.l(sys_exit.o)
    0x080005fc   0x00000002   Code   RO         7522    .text               c_w.l(use_no_semi.o)
    0x080005fe   0x00000000   Code   RO         7524    .text               c_w.l(indicate_semi.o)
    0x080005fe   0x00000002   PAD
    0x08000600   0x000000a8   Code   RO         4376    CODE                os_cpu_a.o
    0x080006a8   0x00000084   Code   RO          634    i.ADC1_Init         adc.o
    0x0800072c   0x00000088   Code   RO          635    i.ADC3_Init         adc.o
    0x080007b4   0x00000016   Code   RO         2224    i.ADC_Cmd           stm32f4xx_adc.o
    0x080007ca   0x00000002   PAD
    0x080007cc   0x00000030   Code   RO         2225    i.ADC_CommonInit    stm32f4xx_adc.o
    0x080007fc   0x00000008   Code   RO         2236    i.ADC_GetConversionValue  stm32f4xx_adc.o
    0x08000804   0x00000012   Code   RO         2237    i.ADC_GetFlagStatus  stm32f4xx_adc.o
    0x08000816   0x00000002   PAD
    0x08000818   0x00000054   Code   RO         2244    i.ADC_Init          stm32f4xx_adc.o
    0x0800086c   0x000000b8   Code   RO         2249    i.ADC_RegularChannelConfig  stm32f4xx_adc.o
    0x08000924   0x0000000a   Code   RO         2251    i.ADC_SoftwareStartConv  stm32f4xx_adc.o
    0x0800092e   0x00000002   PAD
    0x08000930   0x00000040   Code   RO            4    i.AppTaskADCGET     main.o
    0x08000970   0x00000088   Code   RO            5    i.AppTaskLED1       main.o
    0x080009f8   0x00000120   Code   RO            6    i.AppTaskNET        main.o
    0x08000b18   0x0000011c   Code   RO            7    i.AppTaskStart      main.o
    0x08000c34   0x0000000e   Code   RO         4327    i.BSP_CPU_ClkFreq   os_cpu_bsp.o
    0x08000c42   0x00000002   PAD
    0x08000c44   0x0000001c   Code   RO         4328    i.BSP_Tick_Init     os_cpu_bsp.o
    0x08000c60   0x00000004   Code   RO          295    i.BusFault_Handler  stm32f4xx_it.o
    0x08000c64   0x00000010   Code   RO         2472    i.CPU_Init          cpu_core.o
    0x08000c74   0x00000084   Code   RO         2473    i.CPU_IntDisMeasInit  cpu_core.o
    0x08000cf8   0x0000001c   Code   RO         2474    i.CPU_IntDisMeasMaxCalc  cpu_core.o
    0x08000d14   0x0000002c   Code   RO         2475    i.CPU_IntDisMeasMaxCurGet  cpu_core.o
    0x08000d40   0x0000002c   Code   RO         2476    i.CPU_IntDisMeasMaxCurReset  cpu_core.o
    0x08000d6c   0x0000002c   Code   RO         2477    i.CPU_IntDisMeasMaxGet  cpu_core.o
    0x08000d98   0x00000034   Code   RO         2478    i.CPU_IntDisMeasStart  cpu_core.o
    0x08000dcc   0x00000054   Code   RO         2479    i.CPU_IntDisMeasStop  cpu_core.o
    0x08000e20   0x00000038   Code   RO         2480    i.CPU_NameClr       cpu_core.o
    0x08000e58   0x00000008   Code   RO         2482    i.CPU_NameInit      cpu_core.o
    0x08000e60   0x00000004   Code   RO         2485    i.CPU_SW_Exception  cpu_core.o
    0x08000e64   0x00000014   Code   RO         2487    i.CPU_TS_Init       cpu_core.o
    0x08000e78   0x0000000c   Code   RO         2489    i.CPU_TS_TmrFreqSet  cpu_core.o
    0x08000e84   0x00000034   Code   RO         4330    i.CPU_TS_TmrInit    os_cpu_bsp.o
    0x08000eb8   0x0000000c   Code   RO         4331    i.CPU_TS_TmrRd      os_cpu_bsp.o
    0x08000ec4   0x000000ac   Code   RO          601    i.CalcTemp          temperatue.o
    0x08000f70   0x00000002   Code   RO          296    i.DebugMon_Handler  stm32f4xx_it.o
    0x08000f72   0x00000020   Code   RO         6644    i.ETHERNET_NVICConfiguration  eth_driver.o
    0x08000f92   0x00000002   PAD
    0x08000f94   0x000000dc   Code   RO         6703    i.ETH_CheckFrameReceived  user_stm32f4x7_eth.o
    0x08001070   0x0000000c   Code   RO         6705    i.ETH_DMAClearITPendingBit  user_stm32f4x7_eth.o
    0x0800107c   0x00000024   Code   RO         6707    i.ETH_DMAReceptionCmd  user_stm32f4x7_eth.o
    0x080010a0   0x00000064   Code   RO         6708    i.ETH_DMARxDescChainInit  user_stm32f4x7_eth.o
    0x08001104   0x00000024   Code   RO         6710    i.ETH_DMATransmissionCmd  user_stm32f4x7_eth.o
    0x08001128   0x00000050   Code   RO         6713    i.ETH_DMATxDescChainInit  user_stm32f4x7_eth.o
    0x08001178   0x00000008   Code   RO         6714    i.ETH_DMATxDescChecksumInsertionConfig  user_stm32f4x7_eth.o
    0x08001180   0x00000016   Code   RO         6719    i.ETH_DeInit        user_stm32f4x7_eth.o
    0x08001196   0x0000001c   Code   RO         6720    i.ETH_Delay         user_stm32f4x7_eth.o
    0x080011b2   0x00000002   PAD
    0x080011b4   0x0000002c   Code   RO         6722    i.ETH_FlushTransmitFIFO  user_stm32f4x7_eth.o
    0x080011e0   0x000000b8   Code   RO         6645    i.ETH_GPIO_Config_RMII  eth_driver.o
    0x08001298   0x00000018   Code   RO         6748    i.ETH_GetSoftwareResetStatus  user_stm32f4x7_eth.o
    0x080012b0   0x00000048   Code   RO         6750    i.ETH_Get_Received_Frame  user_stm32f4x7_eth.o
    0x080012f8   0x00000030   Code   RO         6646    i.ETH_IRQHandler    eth_driver.o
    0x08001328   0x000002ac   Code   RO         6753    i.ETH_Init          user_stm32f4x7_eth.o
    0x080015d4   0x00000034   Code   RO         6755    i.ETH_MACAddressConfig  user_stm32f4x7_eth.o
    0x08001608   0x00000088   Code   RO         6647    i.ETH_MACDMA_Config  eth_driver.o
    0x08001690   0x00000040   Code   RO         6760    i.ETH_MACReceptionCmd  user_stm32f4x7_eth.o
    0x080016d0   0x00000040   Code   RO         6761    i.ETH_MACTransmissionCmd  user_stm32f4x7_eth.o
    0x08001710   0x000000cc   Code   RO         6772    i.ETH_Prepare_Transmit_Descriptors  user_stm32f4x7_eth.o
    0x080017dc   0x0000006c   Code   RO         6773    i.ETH_ReadPHYRegister  user_stm32f4x7_eth.o
    0x08001848   0x00000014   Code   RO         6781    i.ETH_SoftwareReset  user_stm32f4x7_eth.o
    0x0800185c   0x00000020   Code   RO         6782    i.ETH_Start         user_stm32f4x7_eth.o
    0x0800187c   0x000000b2   Code   RO         6784    i.ETH_StructInit    user_stm32f4x7_eth.o
    0x0800192e   0x00000002   PAD
    0x08001930   0x00000068   Code   RO         6786    i.ETH_WritePHYRegister  user_stm32f4x7_eth.o
    0x08001998   0x00000024   Code   RO         1958    i.FLASH_DataCacheCmd  stm32f4xx_flash.o
    0x080019bc   0x00000088   Code   RO         1963    i.FLASH_EraseSector  stm32f4xx_flash.o
    0x08001a44   0x00000054   Code   RO         1965    i.FLASH_GetStatus   stm32f4xx_flash.o
    0x08001a98   0x00000014   Code   RO         1969    i.FLASH_Lock        stm32f4xx_flash.o
    0x08001aac   0x00000050   Code   RO         1993    i.FLASH_ProgramWord  stm32f4xx_flash.o
    0x08001afc   0x00000024   Code   RO         1995    i.FLASH_Unlock      stm32f4xx_flash.o
    0x08001b20   0x00000022   Code   RO         1996    i.FLASH_WaitForLastOperation  stm32f4xx_flash.o
    0x08001b42   0x00000090   Code   RO          943    i.GPIO_Init         stm32f4xx_gpio.o
    0x08001bd2   0x00000046   Code   RO          944    i.GPIO_PinAFConfig  stm32f4xx_gpio.o
    0x08001c18   0x00000004   Code   RO          950    i.GPIO_ResetBits    stm32f4xx_gpio.o
    0x08001c1c   0x0000000a   Code   RO          955    i.GPIO_WriteBit     stm32f4xx_gpio.o
    0x08001c26   0x00000002   PAD
    0x08001c28   0x00000028   Code   RO          396    i.GetSTM32MCUID     comm.o
    0x08001c50   0x00000030   Code   RO          637    i.Get_Adc3          adc.o
    0x08001c80   0x00000036   Code   RO          638    i.Get_Adc3_Average  adc.o
    0x08001cb6   0x00000004   Code   RO          297    i.HardFault_Handler  stm32f4xx_it.o
    0x08001cba   0x00000002   PAD
    0x08001cbc   0x00000120   Code   RO         6587    i.LwIP_Init         netconf.o
    0x08001ddc   0x00000010   Code   RO         6589    i.LwIP_Pkt_Handle   netconf.o
    0x08001dec   0x00000154   Code   RO          468    i.McuInfoInit       mulcast.o
    0x08001f40   0x00000004   Code   RO          298    i.MemManage_Handler  stm32f4xx_it.o
    0x08001f44   0x00000012   Code   RO         2828    i.Mem_Clr           lib_mem.o
    0x08001f56   0x00000002   PAD
    0x08001f58   0x00000048   Code   RO         2838    i.Mem_Init          lib_mem.o
    0x08001fa0   0x00000052   Code   RO         2851    i.Mem_SegCreate     lib_mem.o
    0x08001ff2   0x00000002   PAD
    0x08001ff4   0x00000020   Code   RO         2852    i.Mem_SegCreateCritical  lib_mem.o
    0x08002014   0x00000054   Code   RO         2855    i.Mem_Set           lib_mem.o
    0x08002068   0x00000030   Code   RO          469    i.Multicast_Config  mulcast.o
    0x08002098   0x00000002   Code   RO          299    i.NMI_Handler       stm32f4xx_it.o
    0x0800209a   0x00000002   PAD
    0x0800209c   0x00000078   Code   RO          753    i.NVIC_Init         misc.o
    0x08002114   0x00000002   Code   RO         3163    i.OSCfg_Init        os_cfg_app.o
    0x08002116   0x00000002   PAD
    0x08002118   0x00000014   Code   RO         4217    i.OSIdleTaskHook    os_cpu_c.o
    0x0800212c   0x0000014c   Code   RO         3186    i.OSInit            os_core.o
    0x08002278   0x00000028   Code   RO         4218    i.OSInitHook        os_cpu_c.o
    0x080022a0   0x000000dc   Code   RO         3188    i.OSIntExit         os_core.o
    0x0800237c   0x0000006c   Code   RO         3555    i.OSMutexCreate     os_mutex.o
    0x080023e8   0x000001ec   Code   RO         3556    i.OSMutexPend       os_mutex.o
    0x080025d4   0x0000017c   Code   RO         3557    i.OSMutexPost       os_mutex.o
    0x08002750   0x0000006c   Code   RO         3694    i.OSQCreate         os_q.o
    0x080027bc   0x000001a0   Code   RO         3697    i.OSQPend           os_q.o
    0x0800295c   0x00000040   Code   RO         3699    i.OSQPost           os_q.o
    0x0800299c   0x000000a0   Code   RO         3189    i.OSSched           os_core.o
    0x08002a3c   0x00000064   Code   RO         3190    i.OSSchedLock       os_core.o
    0x08002aa0   0x00000088   Code   RO         3191    i.OSSchedUnlock     os_core.o
    0x08002b28   0x00000068   Code   RO         3766    i.OSSemCreate       os_sem.o
    0x08002b90   0x00000188   Code   RO         3768    i.OSSemPend         os_sem.o
    0x08002d18   0x0000003c   Code   RO         3770    i.OSSemPost         os_sem.o
    0x08002d54   0x00000068   Code   RO         3192    i.OSStart           os_core.o
    0x08002dbc   0x00000148   Code   RO         3838    i.OSStatReset       os_stat.o
    0x08002f04   0x00000100   Code   RO         3839    i.OSStatTaskCPUUsageInit  os_stat.o
    0x08003004   0x00000014   Code   RO         4219    i.OSStatTaskHook    os_cpu_c.o
    0x08003018   0x00000144   Code   RO         3869    i.OSTaskCreate      os_task.o
    0x0800315c   0x00000018   Code   RO         4220    i.OSTaskCreateHook  os_cpu_c.o
    0x08003174   0x0000019c   Code   RO         3870    i.OSTaskDel         os_task.o
    0x08003310   0x00000018   Code   RO         4221    i.OSTaskDelHook     os_cpu_c.o
    0x08003328   0x00000036   Code   RO         3877    i.OSTaskResume      os_task.o
    0x0800335e   0x00000002   PAD
    0x08003360   0x00000018   Code   RO         4222    i.OSTaskReturnHook  os_cpu_c.o
    0x08003378   0x000001c8   Code   RO         3878    i.OSTaskSemPend     os_task.o
    0x08003540   0x00000024   Code   RO         3880    i.OSTaskSemPost     os_task.o
    0x08003564   0x000000bc   Code   RO         3882    i.OSTaskStkChk      os_task.o
    0x08003620   0x000000d0   Code   RO         4223    i.OSTaskStkInit     os_cpu_c.o
    0x080036f0   0x00000024   Code   RO         3883    i.OSTaskSuspend     os_task.o
    0x08003714   0x0000007c   Code   RO         4224    i.OSTaskSwHook      os_cpu_c.o
    0x08003790   0x000000b0   Code   RO         4076    i.OSTimeDly         os_time.o
    0x08003840   0x00000114   Code   RO         4077    i.OSTimeDlyHMSM     os_time.o
    0x08003954   0x0000003c   Code   RO         4078    i.OSTimeGet         os_time.o
    0x08003990   0x00000044   Code   RO         4080    i.OSTimeTick        os_time.o
    0x080039d4   0x00000014   Code   RO         4225    i.OSTimeTickHook    os_cpu_c.o
    0x080039e8   0x00000040   Code   RO         4226    i.OS_CPU_SysTickHandler  os_cpu_c.o
    0x08003a28   0x00000030   Code   RO         4227    i.OS_CPU_SysTickInit  os_cpu_c.o
    0x08003a58   0x000001a8   Code   RO         3390    i.OS_Dbg_Init       os_dbg.o
    0x08003c00   0x00000018   Code   RO         3413    i.OS_FlagInit       os_flag.o
    0x08003c18   0x0000004c   Code   RO         3194    i.OS_IdleTask       os_core.o
    0x08003c64   0x00000070   Code   RO         3195    i.OS_IdleTaskInit   os_core.o
    0x08003cd4   0x00000018   Code   RO         3487    i.OS_MemInit        os_mem.o
    0x08003cec   0x0000005c   Code   RO         3519    i.OS_MsgPoolInit    os_msg.o
    0x08003d48   0x00000044   Code   RO         3520    i.OS_MsgQFreeAll    os_msg.o
    0x08003d8c   0x00000068   Code   RO         3521    i.OS_MsgQGet        os_msg.o
    0x08003df4   0x0000000e   Code   RO         3522    i.OS_MsgQInit       os_msg.o
    0x08003e02   0x00000002   PAD
    0x08003e04   0x00000104   Code   RO         3523    i.OS_MsgQPut        os_msg.o
    0x08003f08   0x00000030   Code   RO         3559    i.OS_MutexDbgListAdd  os_mutex.o
    0x08003f38   0x00000008   Code   RO         3561    i.OS_MutexGrpAdd    os_mutex.o
    0x08003f40   0x00000060   Code   RO         3562    i.OS_MutexGrpPostAll  os_mutex.o
    0x08003fa0   0x0000002c   Code   RO         3563    i.OS_MutexGrpPrioFindHighest  os_mutex.o
    0x08003fcc   0x0000001c   Code   RO         3564    i.OS_MutexGrpRemove  os_mutex.o
    0x08003fe8   0x00000018   Code   RO         3565    i.OS_MutexInit      os_mutex.o
    0x08004000   0x00000068   Code   RO         3196    i.OS_Pend           os_core.o
    0x08004068   0x00000028   Code   RO         3199    i.OS_PendDataInit   os_core.o
    0x08004090   0x0000005c   Code   RO         3200    i.OS_PendDbgNameAdd  os_core.o
    0x080040ec   0x00000024   Code   RO         3201    i.OS_PendDbgNameRemove  os_core.o
    0x08004110   0x0000003a   Code   RO         3202    i.OS_PendListChangePrio  os_core.o
    0x0800414a   0x0000000a   Code   RO         3203    i.OS_PendListInit   os_core.o
    0x08004154   0x00000066   Code   RO         3205    i.OS_PendListInsertPrio  os_core.o
    0x080041ba   0x00000034   Code   RO         3206    i.OS_PendListRemove  os_core.o
    0x080041ee   0x00000042   Code   RO         3207    i.OS_PendListRemove1  os_core.o
    0x08004230   0x000000d6   Code   RO         3210    i.OS_Post           os_core.o
    0x08004306   0x0000002c   Code   RO         3211    i.OS_Post1          os_core.o
    0x08004332   0x00000002   PAD
    0x08004334   0x00000028   Code   RO         3657    i.OS_PrioGetHighest  os_prio.o
    0x0800435c   0x00000018   Code   RO         3658    i.OS_PrioInit       os_prio.o
    0x08004374   0x00000024   Code   RO         3659    i.OS_PrioInsert     os_prio.o
    0x08004398   0x00000024   Code   RO         3660    i.OS_PrioRemove     os_prio.o
    0x080043bc   0x00000030   Code   RO         3701    i.OS_QDbgListAdd    os_q.o
    0x080043ec   0x00000018   Code   RO         3703    i.OS_QInit          os_q.o
    0x08004404   0x000000ca   Code   RO         3704    i.OS_QPost          os_q.o
    0x080044ce   0x00000002   PAD
    0x080044d0   0x00000024   Code   RO         3212    i.OS_RdyListInit    os_core.o
    0x080044f4   0x0000002c   Code   RO         3213    i.OS_RdyListInsert  os_core.o
    0x08004520   0x00000040   Code   RO         3214    i.OS_RdyListInsertHead  os_core.o
    0x08004560   0x0000003c   Code   RO         3215    i.OS_RdyListInsertTail  os_core.o
    0x0800459c   0x0000005c   Code   RO         3217    i.OS_RdyListRemove  os_core.o
    0x080045f8   0x00000030   Code   RO         3773    i.OS_SemDbgListAdd  os_sem.o
    0x08004628   0x00000018   Code   RO         3775    i.OS_SemInit        os_sem.o
    0x08004640   0x0000013e   Code   RO         3776    i.OS_SemPost        os_sem.o
    0x0800477e   0x00000002   PAD
    0x08004780   0x00000324   Code   RO         3840    i.OS_StatTask       os_stat.o
    0x08004aa4   0x000000cc   Code   RO         3841    i.OS_StatTaskInit   os_stat.o
    0x08004b70   0x0000002c   Code   RO         3218    i.OS_TaskBlock      os_core.o
    0x08004b9c   0x000000ec   Code   RO         3884    i.OS_TaskChangePrio  os_task.o
    0x08004c88   0x00000030   Code   RO         3885    i.OS_TaskDbgListAdd  os_task.o
    0x08004cb8   0x00000044   Code   RO         3886    i.OS_TaskDbgListRemove  os_task.o
    0x08004cfc   0x00000020   Code   RO         3887    i.OS_TaskInit       os_task.o
    0x08004d1c   0x000000c4   Code   RO         3888    i.OS_TaskInitTCB    os_task.o
    0x08004de0   0x0000011c   Code   RO         3890    i.OS_TaskResume     os_task.o
    0x08004efc   0x00000018   Code   RO         3891    i.OS_TaskReturn     os_task.o
    0x08004f14   0x000001f0   Code   RO         3892    i.OS_TaskSemPost    os_task.o
    0x08005104   0x00000138   Code   RO         3893    i.OS_TaskSuspend    os_task.o
    0x0800523c   0x00000086   Code   RO         4030    i.OS_TickListInsert  os_tick.o
    0x080052c2   0x00000002   PAD
    0x080052c4   0x000000bc   Code   RO         4031    i.OS_TickListInsertDly  os_tick.o
    0x08005380   0x00000058   Code   RO         4032    i.OS_TickListRemove  os_tick.o
    0x080053d8   0x000000a0   Code   RO         4033    i.OS_TickListUpdateDly  os_tick.o
    0x08005478   0x0000011c   Code   RO         4034    i.OS_TickListUpdateTimeout  os_tick.o
    0x08005594   0x0000006c   Code   RO         4035    i.OS_TickTask       os_tick.o
    0x08005600   0x000000c8   Code   RO         4036    i.OS_TickTaskInit   os_tick.o
    0x080056c8   0x00000134   Code   RO         4121    i.OS_TmrInit        os_tmr.o
    0x080057fc   0x00000018   Code   RO         4122    i.OS_TmrLock        os_tmr.o
    0x08005814   0x00000094   Code   RO         4123    i.OS_TmrTask        os_tmr.o
    0x080058a8   0x00000044   Code   RO         4124    i.OS_TmrUnlink      os_tmr.o
    0x080058ec   0x00000014   Code   RO         4125    i.OS_TmrUnlock      os_tmr.o
    0x08005900   0x00000020   Code   RO         1047    i.RCC_AHB1PeriphClockCmd  stm32f4xx_rcc.o
    0x08005920   0x00000020   Code   RO         1049    i.RCC_AHB1PeriphResetCmd  stm32f4xx_rcc.o
    0x08005940   0x00000020   Code   RO         1059    i.RCC_APB2PeriphClockCmd  stm32f4xx_rcc.o
    0x08005960   0x00000020   Code   RO         1061    i.RCC_APB2PeriphResetCmd  stm32f4xx_rcc.o
    0x08005980   0x000000e8   Code   RO         1068    i.RCC_GetClocksFreq  stm32f4xx_rcc.o
    0x08005a68   0x000000c8   Code   RO            8    i.RelayPin_Init     main.o
    0x08005b30   0x000000a0   Code   RO          426    i.STMFLASH_GetFlashSector  stmflash.o
    0x08005bd0   0x00000020   Code   RO          427    i.STMFLASH_Read     stmflash.o
    0x08005bf0   0x00000006   Code   RO          428    i.STMFLASH_ReadWord  stmflash.o
    0x08005bf6   0x00000002   PAD
    0x08005bf8   0x00000098   Code   RO          429    i.STMFLASH_Write    stmflash.o
    0x08005c90   0x00000002   Code   RO          301    i.SVC_Handler       stm32f4xx_it.o
    0x08005c92   0x00000002   PAD
    0x08005c94   0x0000000c   Code   RO          881    i.SYSCFG_ETH_MediaInterfaceConfig  stm32f4xx_syscfg.o
    0x08005ca0   0x000000ec   Code   RO          705    i.SetSysClock       system_stm32f4xx.o
    0x08005d8c   0x00000068   Code   RO          707    i.SystemInit        system_stm32f4xx.o
    0x08005df4   0x00000150   Code   RO          602    i.TemperetureCheckAndActions  temperatue.o
    0x08005f44   0x00000004   Code   RO          303    i.UsageFault_Handler  stm32f4xx_it.o
    0x08005f48   0x000002a0   Code   RO          640    i.WeGetAdcOneByOne  adc.o
    0x080061e8   0x0000001c   Code   RO         5909    i.arp_timer         timers.o
    0x08006204   0x00000104   Code   RO         6319    i.etharp_arp_input  etharp.o
    0x08006308   0x00000160   Code   RO         6322    i.etharp_find_entry  etharp.o
    0x08006468   0x00000040   Code   RO         6323    i.etharp_free_entry  etharp.o
    0x080064a8   0x00000148   Code   RO         6324    i.etharp_output     etharp.o
    0x080065f0   0x0000006c   Code   RO         6325    i.etharp_output_to_arp_index  etharp.o
    0x0800665c   0x0000015c   Code   RO         6326    i.etharp_query      etharp.o
    0x080067b8   0x000000b2   Code   RO         6327    i.etharp_raw        etharp.o
    0x0800686a   0x00000002   PAD
    0x0800686c   0x0000002c   Code   RO         6328    i.etharp_request    etharp.o
    0x08006898   0x00000038   Code   RO         6329    i.etharp_send_ip    etharp.o
    0x080068d0   0x0000008c   Code   RO         6330    i.etharp_tmr        etharp.o
    0x0800695c   0x000000b8   Code   RO         6331    i.etharp_update_arp_entry  etharp.o
    0x08006a14   0x000000b8   Code   RO         6332    i.ethernet_input    etharp.o
    0x08006acc   0x00000030   Code   RO         6413    i.ethernetif_init   ethernetif.o
    0x08006afc   0x0000002a   Code   RO         6414    i.ethernetif_input  ethernetif.o
    0x08006b26   0x00000012   Code   RO         5982    i.icmp_dest_unreach  icmp.o
    0x08006b38   0x0000015c   Code   RO         5983    i.icmp_input        icmp.o
    0x08006c94   0x00000070   Code   RO         5984    i.icmp_send_response  icmp.o
    0x08006d04   0x00000012   Code   RO         5985    i.icmp_time_exceeded  icmp.o
    0x08006d16   0x0000002a   Code   RO         6011    i.igmp_delaying_member  igmp.o
    0x08006d40   0x00000020   Code   RO         6012    i.igmp_init         igmp.o
    0x08006d60   0x00000100   Code   RO         6013    i.igmp_input        igmp.o
    0x08006e60   0x0000003c   Code   RO         6014    i.igmp_ip_output_if  igmp.o
    0x08006e9c   0x000000ac   Code   RO         6015    i.igmp_joingroup    igmp.o
    0x08006f48   0x0000002c   Code   RO         6017    i.igmp_lookfor_group  igmp.o
    0x08006f74   0x0000004c   Code   RO         6018    i.igmp_lookup_group  igmp.o
    0x08006fc0   0x00000024   Code   RO         6020    i.igmp_report_groups  igmp.o
    0x08006fe4   0x00000084   Code   RO         6021    i.igmp_send         igmp.o
    0x08007068   0x00000038   Code   RO         6022    i.igmp_start        igmp.o
    0x080070a0   0x0000000a   Code   RO         6023    i.igmp_start_timer  igmp.o
    0x080070aa   0x00000014   Code   RO         6025    i.igmp_timeout      igmp.o
    0x080070be   0x00000002   PAD
    0x080070c0   0x00000018   Code   RO         5910    i.igmp_timer        timers.o
    0x080070d8   0x0000002c   Code   RO         6026    i.igmp_tmr          igmp.o
    0x08007104   0x00000014   Code   RO         6120    i.inet_chksum       inet_chksum.o
    0x08007118   0x00000056   Code   RO         6121    i.inet_chksum_pbuf  inet_chksum.o
    0x0800716e   0x00000010   Code   RO         6649    i.init_ethernet     eth_driver.o
    0x0800717e   0x0000004e   Code   RO         6200    i.ip4_addr_isbroadcast  ip_addr.o
    0x080071cc   0x000001ac   Code   RO         6253    i.ip_frag           ip_frag.o
    0x08007378   0x0000000a   Code   RO         6254    i.ip_frag_alloc_pbuf_custom_ref  ip_frag.o
    0x08007382   0x00000012   Code   RO         6255    i.ip_frag_free_pbuf_custom_ref  ip_frag.o
    0x08007394   0x000001c8   Code   RO         6155    i.ip_input          ip.o
    0x0800755c   0x00000038   Code   RO         6156    i.ip_output         ip.o
    0x08007594   0x00000034   Code   RO         6157    i.ip_output_if      ip.o
    0x080075c8   0x00000110   Code   RO         6158    i.ip_output_if_opt  ip.o
    0x080076d8   0x0000018c   Code   RO         6256    i.ip_reass          ip_frag.o
    0x08007864   0x00000164   Code   RO         6257    i.ip_reass_chain_frag_into_datagram_and_validate  ip_frag.o
    0x080079c8   0x0000002c   Code   RO         6258    i.ip_reass_dequeue_datagram  ip_frag.o
    0x080079f4   0x00000054   Code   RO         6259    i.ip_reass_enqueue_new_datagram  ip_frag.o
    0x08007a48   0x000000a0   Code   RO         6260    i.ip_reass_free_complete_datagram  ip_frag.o
    0x08007ae8   0x0000007c   Code   RO         6261    i.ip_reass_remove_oldest_datagram  ip_frag.o
    0x08007b64   0x0000001c   Code   RO         5911    i.ip_reass_timer    timers.o
    0x08007b80   0x00000034   Code   RO         6262    i.ip_reass_tmr      ip_frag.o
    0x08007bb4   0x00000054   Code   RO         6159    i.ip_route          ip.o
    0x08007c08   0x00000020   Code   RO         6263    i.ipfrag_free_pbuf_custom  ip_frag.o
    0x08007c28   0x000000e8   Code   RO         6415    i.low_level_init    ethernetif.o
    0x08007d10   0x000000e0   Code   RO         6416    i.low_level_input   ethernetif.o
    0x08007df0   0x000000e0   Code   RO         6417    i.low_level_output  ethernetif.o
    0x08007ed0   0x0000001a   Code   RO         5075    i.lwip_htonl        def.o
    0x08007eea   0x0000000c   Code   RO         5076    i.lwip_htons        def.o
    0x08007ef6   0x00000024   Code   RO         5117    i.lwip_init         init.o
    0x08007f1a   0x0000000c   Code   RO         5077    i.lwip_ntohl        def.o
    0x08007f26   0x0000000c   Code   RO         5078    i.lwip_ntohs        def.o
    0x08007f32   0x0000005e   Code   RO         6124    i.lwip_standard_chksum  inet_chksum.o
    0x08007f90   0x00000064   Code   RO            9    i.main              main.o
    0x08007ff4   0x00000070   Code   RO         5155    i.mem_free          mem.o
    0x08008064   0x00000070   Code   RO         5156    i.mem_init          mem.o
    0x080080d4   0x00000110   Code   RO         5157    i.mem_malloc        mem.o
    0x080081e4   0x00000128   Code   RO         5158    i.mem_trim          mem.o
    0x0800830c   0x00000038   Code   RO         5199    i.memp_free         memp.o
    0x08008344   0x00000064   Code   RO         5200    i.memp_init         memp.o
    0x080083a8   0x0000003c   Code   RO         5201    i.memp_malloc       memp.o
    0x080083e4   0x00000044   Code   RO          470    i.multicast_send_data  mulcast.o
    0x08008428   0x00000080   Code   RO         5241    i.netif_add         netif.o
    0x080084a8   0x00000002   Code   RO         5243    i.netif_init        netif.o
    0x080084aa   0x00000028   Code   RO         5245    i.netif_set_addr    netif.o
    0x080084d2   0x00000002   PAD
    0x080084d4   0x0000000c   Code   RO         5246    i.netif_set_default  netif.o
    0x080084e0   0x0000000c   Code   RO         5248    i.netif_set_gw      netif.o
    0x080084ec   0x00000078   Code   RO         5249    i.netif_set_ipaddr  netif.o
    0x08008564   0x0000000c   Code   RO         5253    i.netif_set_netmask  netif.o
    0x08008570   0x00000046   Code   RO         5254    i.netif_set_up      netif.o
    0x080085b6   0x00000192   Code   RO         5347    i.pbuf_alloc        pbuf.o
    0x08008748   0x0000006c   Code   RO         5348    i.pbuf_alloced_custom  pbuf.o
    0x080087b4   0x00000038   Code   RO         5349    i.pbuf_cat          pbuf.o
    0x080087ec   0x00000016   Code   RO         5350    i.pbuf_chain        pbuf.o
    0x08008802   0x00000012   Code   RO         5351    i.pbuf_clen         pbuf.o
    0x08008814   0x000000c0   Code   RO         5353    i.pbuf_copy         pbuf.o
    0x080088d4   0x00000092   Code   RO         5354    i.pbuf_copy_partial  pbuf.o
    0x08008966   0x00000092   Code   RO         5356    i.pbuf_free         pbuf.o
    0x080089f8   0x0000007e   Code   RO         5358    i.pbuf_header       pbuf.o
    0x08008a76   0x00000078   Code   RO         5361    i.pbuf_realloc      pbuf.o
    0x08008aee   0x0000001a   Code   RO         5362    i.pbuf_ref          pbuf.o
    0x08008b08   0x00000088   Code   RO         5159    i.plug_holes        mem.o
    0x08008b90   0x00000074   Code   RO         5463    i.raw_input         raw.o
    0x08008c04   0x00000018   Code   RO         7255    i.relay1_84_conf    udpecho.o
    0x08008c1c   0x0000001c   Code   RO         7256    i.relay1_84_reset   udpecho.o
    0x08008c38   0x0000059c   Code   RO          566    i.relay_active      relay.o
    0x080091d4   0x000002ac   Code   RO          567    i.relay_clear       relay.o
    0x08009480   0x00000080   Code   RO         6462    i.sys_arch_mbox_fetch  sys_arch_ucos3.o
    0x08009500   0x00000020   Code   RO         6464    i.sys_arch_protect  sys_arch_ucos3.o
    0x08009520   0x00000058   Code   RO         6465    i.sys_arch_sem_wait  sys_arch_ucos3.o
    0x08009578   0x00000020   Code   RO         6466    i.sys_arch_unprotect  sys_arch_ucos3.o
    0x08009598   0x0000002c   Code   RO         6467    i.sys_init          sys_arch_ucos3.o
    0x080095c4   0x00000030   Code   RO         6469    i.sys_mbox_new      sys_arch_ucos3.o
    0x080095f4   0x00000030   Code   RO         6472    i.sys_mbox_trypost  sys_arch_ucos3.o
    0x08009624   0x00000024   Code   RO         6473    i.sys_mbox_valid    sys_arch_ucos3.o
    0x08009648   0x00000030   Code   RO         6475    i.sys_sem_new       sys_arch_ucos3.o
    0x08009678   0x00000012   Code   RO         6477    i.sys_sem_signal    sys_arch_ucos3.o
    0x0800968a   0x00000002   PAD
    0x0800968c   0x000000b0   Code   RO         6479    i.sys_thread_new    sys_arch_ucos3.o
    0x0800973c   0x0000009c   Code   RO         5912    i.sys_timeout       timers.o
    0x080097d8   0x00000034   Code   RO         5913    i.sys_timeouts_init  timers.o
    0x0800980c   0x00000088   Code   RO         5914    i.sys_timeouts_mbox_fetch  timers.o
    0x08009894   0x00000060   Code   RO         5915    i.sys_untimeout     timers.o
    0x080098f4   0x00000094   Code   RO         5535    i.tcp_abandon       tcp.o
    0x08009988   0x0000000e   Code   RO         5536    i.tcp_abort         tcp.o
    0x08009996   0x00000002   PAD
    0x08009998   0x000000bc   Code   RO         5539    i.tcp_alloc         tcp.o
    0x08009a54   0x0000001c   Code   RO         5542    i.tcp_close         tcp.o
    0x08009a70   0x000001c8   Code   RO         5543    i.tcp_close_shutdown  tcp.o
    0x08009c38   0x000000ac   Code   RO         5812    i.tcp_create_segment  tcp_out.o
    0x08009ce4   0x0000002e   Code   RO         5546    i.tcp_eff_send_mss  tcp.o
    0x08009d12   0x00000110   Code   RO         5813    i.tcp_enqueue_flags  tcp_out.o
    0x08009e22   0x00000002   PAD
    0x08009e24   0x0000007c   Code   RO         5548    i.tcp_fasttmr       tcp.o
    0x08009ea0   0x00000002   Code   RO         5549    i.tcp_init          tcp.o
    0x08009ea2   0x00000002   PAD
    0x08009ea4   0x0000047c   Code   RO         5764    i.tcp_input         tcp_in.o
    0x0800a320   0x00000044   Code   RO         5814    i.tcp_keepalive     tcp_out.o
    0x0800a364   0x00000054   Code   RO         5550    i.tcp_kill_prio     tcp.o
    0x0800a3b8   0x0000003c   Code   RO         5551    i.tcp_kill_timewait  tcp.o
    0x0800a3f4   0x00000130   Code   RO         5765    i.tcp_listen_input  tcp_in.o
    0x0800a524   0x0000001c   Code   RO         5555    i.tcp_next_iss      tcp.o
    0x0800a540   0x000001c0   Code   RO         5815    i.tcp_output        tcp_out.o
    0x0800a700   0x00000078   Code   RO         5816    i.tcp_output_alloc_header  tcp_out.o
    0x0800a778   0x000000d0   Code   RO         5817    i.tcp_output_segment  tcp_out.o
    0x0800a848   0x000000b8   Code   RO         5766    i.tcp_parseopt      tcp_in.o
    0x0800a900   0x00000040   Code   RO         5556    i.tcp_pcb_purge     tcp.o
    0x0800a940   0x00000090   Code   RO         5557    i.tcp_pcb_remove    tcp.o
    0x0800a9d0   0x0000058c   Code   RO         5767    i.tcp_process       tcp_in.o
    0x0800af5c   0x0000008c   Code   RO         5559    i.tcp_process_refused_data  tcp.o
    0x0800afe8   0x0000063c   Code   RO         5768    i.tcp_receive       tcp_in.o
    0x0800b624   0x0000002e   Code   RO         5561    i.tcp_recv_null     tcp.o
    0x0800b652   0x00000046   Code   RO         5562    i.tcp_recved        tcp.o
    0x0800b698   0x0000005a   Code   RO         5819    i.tcp_rexmit        tcp_out.o
    0x0800b6f2   0x00000070   Code   RO         5820    i.tcp_rexmit_fast   tcp_out.o
    0x0800b762   0x0000003a   Code   RO         5821    i.tcp_rexmit_rto    tcp_out.o
    0x0800b79c   0x0000007c   Code   RO         5822    i.tcp_rst           tcp_out.o
    0x0800b818   0x0000001a   Code   RO         5563    i.tcp_seg_free      tcp.o
    0x0800b832   0x00000018   Code   RO         5564    i.tcp_segs_free     tcp.o
    0x0800b84a   0x0000004e   Code   RO         5823    i.tcp_send_empty_ack  tcp_out.o
    0x0800b898   0x0000004a   Code   RO         5824    i.tcp_send_fin      tcp_out.o
    0x0800b8e2   0x00000002   PAD
    0x0800b8e4   0x00000334   Code   RO         5568    i.tcp_slowtmr       tcp.o
    0x0800bc18   0x00000038   Code   RO         5916    i.tcp_timer_needed  timers.o
    0x0800bc50   0x000000ac   Code   RO         5769    i.tcp_timewait_input  tcp_in.o
    0x0800bcfc   0x00000024   Code   RO         5569    i.tcp_tmr           tcp.o
    0x0800bd20   0x0000004e   Code   RO         5570    i.tcp_update_rcv_ann_wnd  tcp.o
    0x0800bd6e   0x000000a4   Code   RO         5827    i.tcp_zero_window_probe  tcp_out.o
    0x0800be12   0x00000002   PAD
    0x0800be14   0x00000054   Code   RO         4880    i.tcpip_init        tcpip.o
    0x0800be68   0x0000004c   Code   RO         4881    i.tcpip_input       tcpip.o
    0x0800beb4   0x00000038   Code   RO         5917    i.tcpip_tcp_timer   timers.o
    0x0800beec   0x000000c8   Code   RO         4882    i.tcpip_thread      tcpip.o
    0x0800bfb4   0x00000080   Code   RO         4977    i.udp_bind          udp.o
    0x0800c034   0x000003a4   Code   RO         7257    i.udp_echoserver_receive_callback  udpecho.o
    0x0800c3d8   0x00000002   Code   RO         4980    i.udp_init          udp.o
    0x0800c3da   0x00000002   PAD
    0x0800c3dc   0x00000190   Code   RO         4981    i.udp_input         udp.o
    0x0800c56c   0x0000001c   Code   RO         4982    i.udp_new           udp.o
    0x0800c588   0x00000058   Code   RO         4983    i.udp_new_port      udp.o
    0x0800c5e0   0x00000006   Code   RO         4984    i.udp_recv          udp.o
    0x0800c5e6   0x00000002   PAD
    0x0800c5e8   0x00000040   Code   RO         4985    i.udp_remove        udp.o
    0x0800c628   0x00000040   Code   RO         4987    i.udp_sendto        udp.o
    0x0800c668   0x000000ea   Code   RO         4988    i.udp_sendto_if     udp.o
    0x0800c752   0x00000002   PAD
    0x0800c754   0x00000054   Code   RO         7258    i.udpecho_init      udpecho.o
    0x0800c7a8   0x00000062   Code   RO         7384    x$fpl$d2f           fz_wm.l(d2f.o)
    0x0800c80a   0x00000002   PAD
    0x0800c80c   0x00000150   Code   RO         7386    x$fpl$dadd          fz_wm.l(daddsub_clz.o)
    0x0800c95c   0x000002b0   Code   RO         7393    x$fpl$ddiv          fz_wm.l(ddiv.o)
    0x0800cc0c   0x00000154   Code   RO         7396    x$fpl$dmul          fz_wm.l(dmul.o)
    0x0800cd60   0x0000009c   Code   RO         7407    x$fpl$dnaninf       fz_wm.l(dnaninf.o)
    0x0800cdfc   0x0000000c   Code   RO         7409    x$fpl$dretinf       fz_wm.l(dretinf.o)
    0x0800ce08   0x000001d4   Code   RO         7388    x$fpl$dsub          fz_wm.l(daddsub_clz.o)
    0x0800cfdc   0x00000056   Code   RO         7398    x$fpl$f2d           fz_wm.l(f2d.o)
    0x0800d032   0x0000008c   Code   RO         7411    x$fpl$fnaninf       fz_wm.l(fnaninf.o)
    0x0800d0be   0x0000000a   Code   RO         7518    x$fpl$fpinit        fz_wm.l(fpinit.o)
    0x0800d0c8   0x0000000a   Code   RO         7413    x$fpl$fretinf       fz_wm.l(fretinf.o)
    0x0800d0d2   0x00000000   Code   RO         7415    x$fpl$usenofp       fz_wm.l(usenofp.o)
    0x0800d0d2   0x00000002   PAD
    0x0800d0d4   0x00000094   Data   RO         3165    .constdata          os_cfg_app.o
    0x0800d168   0x0000016c   Data   RO         3391    .constdata          os_dbg.o
    0x0800d2d4   0x0000003c   Data   RO         5203    .constdata          memp.o
    0x0800d310   0x00000050   Data   RO         5571    .constdata          tcp.o
    0x0800d360   0x00000008   Data   RO         6207    .constdata          ip_addr.o
    0x0800d368   0x0000000c   Data   RO         6334    .constdata          etharp.o
    0x0800d374   0x00000004   Data   RO         6481    .constdata          sys_arch_ucos3.o
    0x0800d378   0x00000075   Data   RO         5572    .conststring        tcp.o
    0x0800d3ed   0x00000003   PAD
    0x0800d3f0   0x00000020   Data   RO         7573    Region$$Table       anon$$obj.o


    Execution Region RW_IRAM1 (Base: 0x20000000, Size: 0x0001d5e0, Max: 0x00020000, ABSOLUTE, COMPRESSED[0x000005c8])

    Base Addr    Size         Type   Attr      Idx    E Section Name        Object

    0x20000000   0x00000002   Data   RW           11    .data               main.o
    0x20000002   0x00000002   PAD
    0x20000004   0x0000002e   Data   RW          397    .data               comm.o
    0x20000032   0x00000002   PAD
    0x20000034   0x0000000e   Data   RW          472    .data               mulcast.o
    0x20000042   0x00000002   PAD
    0x20000044   0x000007a0   Data   RW          603    .data               temperatue.o
    0x200007e4   0x00000015   Data   RW          642    .data               adc.o
    0x200007f9   0x00000010   Data   RW         1100    .data               stm32f4xx_rcc.o
    0x20000809   0x00000003   PAD
    0x2000080c   0x0000001c   Data   RW         2493    .data               cpu_core.o
    0x20000828   0x00000004   Data   RW         2857    .data               lib_mem.o
    0x2000082c   0x00000004   Data   RW         3661    .data               os_prio.o
    0x20000830   0x000000bc   Data   RW         4201    .data               os_var.o
    0x200008ec   0x00000004   Data   RW         4228    .data               os_cpu_c.o
    0x200008f0   0x00000008   Data   RW         4887    .data               tcpip.o
    0x200008f8   0x00000008   Data   RW         4989    .data               udp.o
    0x20000900   0x0000000c   Data   RW         5161    .data               mem.o
    0x2000090c   0x00000009   Data   RW         5255    .data               netif.o
    0x20000915   0x00000003   PAD
    0x20000918   0x00000004   Data   RW         5469    .data               raw.o
    0x2000091c   0x00000024   Data   RW         5573    .data               tcp.o
    0x20000940   0x00000020   Data   RW         5771    .data               tcp_in.o
    0x20000960   0x00000008   Data   RW         5918    .data               timers.o
    0x20000968   0x0000000c   Data   RW         6027    .data               igmp.o
    0x20000974   0x00000012   Data   RW         6160    .data               ip.o
    0x20000986   0x00000002   PAD
    0x20000988   0x00000006   Data   RW         6264    .data               ip_frag.o
    0x2000098e   0x00000001   Data   RW         6335    .data               etharp.o
    0x2000098f   0x00000001   PAD
    0x20000990   0x00000008   Data   RW         6482    .data               sys_arch_ucos3.o
    0x20000998   0x00000018   Data   RW         6591    .data               netconf.o
    0x200009b0   0x00000010   Data   RW         6791    .data               user_stm32f4x7_eth.o
    0x200009c0   0x00000012   Data   RW         7260    .data               udpecho.o
    0x200009d2   0x00000002   PAD
    0x200009d4   0x00004b00   Zero   RW           10    .bss                main.o
    0x200054d4   0x00000068   Zero   RW          471    .bss                mulcast.o
    0x2000553c   0x00000014   Zero   RW          641    .bss                adc.o
    0x20005550   0x00000010   Zero   RW         2491    .bss                cpu_core.o
    0x20005560   0x00000414   Zero   RW         2856    .bss                lib_mem.o
    0x20005974   0x00000f60   Zero   RW         3164    .bss                os_cfg_app.o
    0x200068d4   0x000004bc   Zero   RW         4200    .bss                os_var.o
    0x20006d90   0x00000030   Zero   RW         4886    .bss                tcpip.o
    0x20006dc0   0x0000283c   Zero   RW         5160    .bss                mem.o
    0x200095fc   0x00003eff   Zero   RW         5202    .bss                memp.o
    0x2000d4fb   0x00000001   PAD
    0x2000d4fc   0x00000010   Zero   RW         5770    .bss                tcp_in.o
    0x2000d50c   0x000000c8   Zero   RW         6333    .bss                etharp.o
    0x2000d5d4   0x00004300   Zero   RW         6480    .bss                sys_arch_ucos3.o
    0x200118d4   0x00000038   Zero   RW         6590    .bss                netconf.o
    0x2001190c   0x0000b664   Zero   RW         6790    .bss                user_stm32f4x7_eth.o
    0x2001cf70   0x0000000b   Zero   RW         7259    .bss                udpecho.o
    0x2001cf7b   0x00000001   PAD
    0x2001cf7c   0x00000060   Zero   RW         7448    .bss                c_w.l(libspace.o)
    0x2001cfdc   0x00000004   PAD
    0x2001cfe0   0x00000200   Zero   RW          744    HEAP                startup_stm32f40xx.o
    0x2001d1e0   0x00000400   Zero   RW          743    STACK               startup_stm32f40xx.o


==============================================================================

Image component sizes


      Code (inc. data)   RO Data    RW Data    ZI Data      Debug   Object Name

      1042         92          0         21         20       3941   adc.o
         0          0          0          0          0       6544   api_lib.o
        40          6          0         46          0       2109   comm.o
        52          0          0          0          0        308   cpu_a.o
       544         98          0         28         16       9987   cpu_core.o
        62          0          0          0          0       2180   def.o
       416         20          0          0          0       2909   eth_driver.o
      2246         62         12          1        200      13061   etharp.o
       770         52          0          0          0       4668   ethernetif.o
       496          8          0          0          0       3698   icmp.o
       980         66          0         12          0      10044   igmp.o
       200          0          0          0          0       2685   inet_chksum.o
        36          0          0          0          0       9961   init.o
       920         34          0         18          0       8320   ip.o
        78          0          8          0          0       7378   ip_addr.o
      1704         40          0          6          0      10436   ip_frag.o
       288         24          0          4       1044      15257   lib_mem.o
      1072        240          0          2      19200     353205   main.o
       928         88          0         12      10300       5305   mem.o
       216         30         60          0      16127       4054   memp.o
       120         14          0          0          0       2736   misc.o
       456         78          0         14        104      16707   mulcast.o
         0          0          0          0          0       3820   netbuf.o
       304         84          0         24         56       2023   netconf.o
       396         24          0          9          0       7794   netif.o
         2          0        148          0       3936      19213   os_cfg_app.o
      2398        306          0          0          0      17938   os_core.o
       168         32          0          0          0        356   os_cpu_a.o
       106         18          0          0          0       2234   os_cpu_bsp.o
       616         60          0          4          0      35321   os_cpu_c.o
       424        278        364          0          0       4801   os_dbg.o
        24         10          0          0          0        922   os_flag.o
        24         10          0          0          0        925   os_mem.o
       538         30          0          0          0       4170   os_msg.o
      1228         56          0          0          0       7259   os_mutex.o
       136         16          0          4          0       3018   os_prio.o
       862         48          0          0          0       5495   os_q.o
       946         48          0          0          0       5547   os_sem.o
      1592        196          0          0          0       4131   os_stat.o
      3202        154          0          0          0      13893   os_task.o
      1162         88          0          0          0       6031   os_tick.o
       580         46          0          0          0       3445   os_time.o
       568        142          0          0          0       3677   os_tmr.o
         0          0          0        188       1212      17774   os_var.o
      1362          0          0          0          0       9663   pbuf.o
       116         14          0          4          0       1532   raw.o
      2120        104          0          0          0       1525   relay.o
        64         26        392          0       1536        864   startup_stm32f40xx.o
       374         24          0          0          0      19522   stm32f4xx_adc.o
       426         40          0          0          0      13620   stm32f4xx_flash.o
       228          0          0          0          0      10108   stm32f4xx_gpio.o
        22          0          0          0          0     253375   stm32f4xx_it.o
       360         42          0         16          0      20680   stm32f4xx_rcc.o
        12          6          0          0          0        594   stm32f4xx_syscfg.o
       350         50          0          0          0       3011   stmflash.o
       698         80          4          8      17152       8744   sys_arch_ucos3.o
       340         32          0          0          0       1589   system_stm32f4xx.o
      2626        144        197         36          0      24645   tcp.o
      4824        288          0         32         16      16575   tcp_in.o
      1988         10          0          0          0      11159   tcp_out.o
       360         58          0          8         48       7867   tcpip.o
       508         42          0       1952          0       2389   temperatue.o
       632         78          0          8          0       6467   timers.o
      1014         32          0          8          0       8860   udp.o
      1068         34          0         18         11      20685   udpecho.o
      2192        170          0         16      46692      51073   user_stm32f4x7_eth.o

    ----------------------------------------------------------------------
     49692       3872       1220       2516     117672    1159827   Object Totals
         0          0         32          0          0          0   (incl. Generated)
        66          0          3         17          2          0   (incl. Padding)

    ----------------------------------------------------------------------

      Code (inc. data)   RO Data    RW Data    ZI Data      Debug   Library Member Name

        90          0          0          0          0          0   __dczerorl2.o
         8          0          0          0          0         68   __main.o
         0          0          0          0          0          0   __rtentry.o
        12          0          0          0          0          0   __rtentry2.o
         6          0          0          0          0          0   __rtentry4.o
        52          8          0          0          0          0   __scatter.o
        28          0          0          0          0          0   __scatter_zi.o
        16          0          0          0          0         68   aeabi_memset.o
        12          0          0          0          0         72   exit.o
         6          0          0          0          0        152   heapauxi.o
         0          0          0          0          0          0   indicate_semi.o
         2          0          0          0          0          0   libinit.o
         6          0          0          0          0          0   libinit2.o
         2          0          0          0          0          0   libshutdown.o
         2          0          0          0          0          0   libshutdown2.o
         8          4          0          0         96         68   libspace.o
        88          0          0          0          0         76   memcmp.o
        68          0          0          0          0         68   rt_memclr.o
        78          0          0          0          0         80   rt_memclr_w.o
       138          0          0          0          0         68   rt_memcpy_v6.o
       100          0          0          0          0         80   rt_memcpy_w.o
         2          0          0          0          0          0   rtexit.o
        10          0          0          0          0          0   rtexit2.o
       128          0          0          0          0         68   strcmpv7m.o
        72          0          0          0          0         80   strcpy.o
        12          4          0          0          0         68   sys_exit.o
        74          0          0          0          0         80   sys_stackheap_outer.o
         2          0          0          0          0         68   use_no_semi.o
        98          4          0          0          0        140   d2f.o
       804         16          0          0          0        368   daddsub_clz.o
       688        140          0          0          0        256   ddiv.o
       340         12          0          0          0        152   dmul.o
       156          4          0          0          0        140   dnaninf.o
        12          0          0          0          0        116   dretinf.o
        86          4          0          0          0        132   f2d.o
       140          4          0          0          0        132   fnaninf.o
        10          0          0          0          0        116   fpinit.o
        10          0          0          0          0        116   fretinf.o
         0          0          0          0          0          0   usenofp.o

    ----------------------------------------------------------------------
      3376        200          0          0        100       2832   Library Totals
        10          0          0          0          4          0   (incl. Padding)

    ----------------------------------------------------------------------

      Code (inc. data)   RO Data    RW Data    ZI Data      Debug   Library Name

      1022         16          0          0         96       1164   c_w.l
      2344        184          0          0          0       1668   fz_wm.l

    ----------------------------------------------------------------------
      3376        200          0          0        100       2832   Library Totals

    ----------------------------------------------------------------------

==============================================================================


      Code (inc. data)   RO Data    RW Data    ZI Data      Debug   

     53068       4072       1220       2516     117772    1123987   Grand Totals
     53068       4072       1220       1480     117772    1123987   ELF Image Totals (compressed)
     53068       4072       1220       1480          0          0   ROM Totals

==============================================================================

    Total RO  Size (Code + RO Data)                54288 (  53.02kB)
    Total RW  Size (RW Data + ZI Data)            120288 ( 117.47kB)
    Total ROM Size (Code + RO Data + RW Data)      55768 (  54.46kB)

==============================================================================

