<html>
<body>
<pre>
<h1>µVision Build Log</h1>
<h2>Tool Versions:</h2>
IDE-Version: ¦ÌVision V5.14.0.0
Copyright (C) 2015 ARM Ltd and ARM Germany GmbH. All rights reserved.
License Information: kl ivviw, Microsoft, LIC=CRMLQ-NDN88-22GL4-FI5W4-FS84D-V8YK9
 
Tool Versions:
Toolchain:       MDK-ARM Professional  Version: 5.14.0.0
Toolchain Path:  D:\MDK5\mdk511a_exe\ARM\ARMCC\Bin
C Compiler:      Armcc.exe V5.05 update 1 (build 106)
Assembler:       Armasm.exe V5.05 update 1 (build 106)
Linker/Locator:  ArmLink.exe V5.05 update 1 (build 106)
Library Manager: ArmAr.exe V5.05 update 1 (build 106)
Hex Converter:   FromElf.exe V5.05 update 1 (build 106)
CPU DLL:         SARMCM3.DLL V5.14.0.0
Dialog DLL:      DCM.DLL V1.13.1.0
Target DLL:      STLink\ST-LINKIII-KEIL_SWO.dll V2.0.14.0_KEIL
Dialog DLL:      TCM.DLL V1.14.4.0
 
<h2>Project:</h2>
E:\aaProduct\hd\HardProductUpdate\NewHvs\HvsNv1.0.0\MDK\HvsNv.uvprojx
Project File Date:  07/02/2018

<h2>Output:</h2>
Build target 'Target 1'
compiling main.c...
compiling stm32f4xx_it.c...
compiling os_cpu_c.c...
compiling ethernetif.c...
compiling netconf.c...
..\Source\NET\netconf.c(94): warning:  #177-D: variable "iptab" was declared but never referenced
    uint8_t iptab[4] = {0};
..\Source\NET\netconf.c(95): warning:  #177-D: variable "iptxt" was declared but never referenced
    uint8_t iptxt[20];
..\Source\NET\netconf.c: 2 warnings, 0 errors
linking...
Program Size: Code=53068 RO-data=1220 RW-data=2516 ZI-data=117772  
FromELF: creating hex file...
"..\Output\HvsNv1-0-0.axf" - 0 Error(s), 2 Warning(s).

<h2>Collection of Component include folders:</h2>
  E:\aaProduct\hd\HardProductUpdate\NewHvs\HvsNv1.0.0\MDK\RTE
  D:\MDK5\mdk511a_exe\ARM\PACK\Keil\STM32F4xx_DFP\2.11.0

<h2>Collection of Component Files used:</h2>
</pre>
</body>
</html>
